[100%] [34m[1mGenerating maps/icc_kyoto/icc_kyoto.world[0m
[100%] [34m[1mGenerating maps/icc_kyoto/nav_graphs/.generated[0m
generating /home/maria/rmf_ws/build/first_project/maps/icc_kyoto/icc_kyoto.world from /home/maria/rmf_ws/src/first_project/maps/icc_kyoto/icc_kyoto.building.yaml
building name: icc_kyoto
coordinate system: reference_image
parsing level L1
parsing level L2
calculating levels relative to L1
level L1 scale: 0.02551020408163266
calculating level L2 offset and scale...
  0 common fiducials:
Transform.set_from_fiducials()
  0 fiducial pairs:
Bearings:
[]
parsing lift lift1
generating nav data
hooray, we found an intersection: t=0.504, u=0.63
  (764.563,-1046.99),(744.819,-1435.622) and (680.388,-1242.995),(798.165,-1242.995)
found intersection with door door1!
hooray, we found an intersection: t=0.728, u=0.576
  (841.453,-1376.707),(955.766,-1376.707) and (924.619,-1355.521),(924.619,-1392.329)
found intersection with door door3!
building name: icc_kyoto
coordinate system: reference_image
hooray, we found an intersection: t=0.683, u=0.285
  (841.453,-1376.707),(841.453,-1181.057) and (808.193,-1242.995),(925.045,-1242.995)
found intersection with door door5!
parsing level L1
parsing level L2
calculating levels relative to L1
level L1 scale: 0.02551020408163266
calculating level L2 offset and scale...
  0 common fiducials:
Transform.set_from_fiducials()
  0 fiducial pairs:
Bearings:
[]
hooray, we found an intersection: t=0.647, u=0.477
  (731.395,-998.072),(731.395,-1376.77) and (672.582,-1243.013),(795.893,-1243.013)
found intersection with door door6!
hooray, we found an intersection: t=0.661, u=0.58
  (731.395,-1376.77),(645.327,-1376.77) and (674.5,-1355.444),(674.5,-1392.191)
found intersection with door door9!
hooray, we found an intersection: t=0.354, u=0.55
  (871.348,-1171.704),(871.348,-1373.028) and (808.137,-1243.013),(923.139,-1243.013)
found intersection with door door7!
hooray, we found an intersection: t=0.664, u=0.436
  (871.348,-1373.028),(950.68,-1373.028) and (924.039,-1357.093),(924.039,-1393.624)
found intersection with door door8!
writing /home/maria/rmf_ws/build/first_project/maps/icc_kyoto/nav_graphs/0.yaml
parsing lift lift1
generating model of level L1 in /home/maria/rmf_ws/build/first_project/maps/icc_kyoto/models/icc_kyoto_L1
  wrote /home/maria/rmf_ws/build/first_project/maps/icc_kyoto/models/icc_kyoto_L1/model.config
generating floor polygon 1 on floor icc_kyoto_L1
hole vertices: []
lift vertices: {'lift1': [(11.577551020408166, -28.28673469387756), (11.577551020408166, -30.38673469387756), (13.677551020408167, -30.38673469387756), (13.677551020408167, -28.28673469387756)]}
[[0, 5, 6], [0, 6, 7], [0, 7, 1], [1, 7, 2], [4, 3, 2], [4, 2, 5], [5, 2, 8], [5, 8, 9], [5, 9, 6], [7, 8, 2]]
  wrote /home/maria/rmf_ws/build/first_project/maps/icc_kyoto/models/icc_kyoto_L1/meshes/floor_1.obj
  wrote /home/maria/rmf_ws/build/first_project/maps/icc_kyoto/models/icc_kyoto_L1/meshes/blue_linoleum.png
  wrote /home/maria/rmf_ws/build/first_project/maps/icc_kyoto/models/icc_kyoto_L1/meshes/floor_1.mtl
Walls Generation, wall params list: [{'alpha': <building_map.param_value.ParamValue object at 0x718cfaff04d0>, 'texture_height': <building_map.param_value.ParamValue object at 0x718cfaff0500>, 'texture_name': <building_map.param_value.ParamValue object at 0x718cfaff0530>, 'texture_scale': <building_map.param_value.ParamValue object at 0x718cfaff0560>, 'texture_width': <building_map.param_value.ParamValue object at 0x718cfaff0590>}]
generating wall: 1 on floor: icc_kyoto_L1
  wrote /home/maria/rmf_ws/build/first_project/maps/icc_kyoto/models/icc_kyoto_L1/meshes/default.png
generate_wall_visual_mesh(icc_kyoto_L1, /home/maria/rmf_ws/build/first_project/maps/icc_kyoto/models/icc_kyoto_L1)
  generating /home/maria/rmf_ws/build/first_project/maps/icc_kyoto/models/icc_kyoto_L1/meshes/wall_1.obj
  generating /home/maria/rmf_ws/build/first_project/maps/icc_kyoto/models/icc_kyoto_L1/meshes/wall_1.mtl
  wrote /home/maria/rmf_ws/build/first_project/maps/icc_kyoto/models/icc_kyoto_L1/model.sdf
generating model of level L2 in /home/maria/rmf_ws/build/first_project/maps/icc_kyoto/models/icc_kyoto_L2
  wrote /home/maria/rmf_ws/build/first_project/maps/icc_kyoto/models/icc_kyoto_L2/model.config
generating floor polygon 1 on floor icc_kyoto_L2
hole vertices: []
lift vertices: {'lift1': [(11.577551020408166, -28.28673469387756), (11.577551020408166, -30.38673469387756), (13.677551020408167, -30.38673469387756), (13.677551020408167, -28.28673469387756)]}
[[0, 3, 2], [0, 2, 1]]
  wrote /home/maria/rmf_ws/build/first_project/maps/icc_kyoto/models/icc_kyoto_L2/meshes/floor_1.obj
  wrote /home/maria/rmf_ws/build/first_project/maps/icc_kyoto/models/icc_kyoto_L2/meshes/blue_linoleum.png
  wrote /home/maria/rmf_ws/build/first_project/maps/icc_kyoto/models/icc_kyoto_L2/meshes/floor_1.mtl
Walls Generation, wall params list: [{'alpha': <building_map.param_value.ParamValue object at 0x718cfb069220>, 'texture_height': <building_map.param_value.ParamValue object at 0x718cfb069280>, 'texture_name': <building_map.param_value.ParamValue object at 0x718cfb0692b0>, 'texture_scale': <building_map.param_value.ParamValue object at 0x718cfb0692e0>, 'texture_width': <building_map.param_value.ParamValue object at 0x718cfb069310>}]
generating wall: 1 on floor: icc_kyoto_L2
  wrote /home/maria/rmf_ws/build/first_project/maps/icc_kyoto/models/icc_kyoto_L2/meshes/default.png
generate_wall_visual_mesh(icc_kyoto_L2, /home/maria/rmf_ws/build/first_project/maps/icc_kyoto/models/icc_kyoto_L2)
  generating /home/maria/rmf_ws/build/first_project/maps/icc_kyoto/models/icc_kyoto_L2/meshes/wall_1.obj
  generating /home/maria/rmf_ws/build/first_project/maps/icc_kyoto/models/icc_kyoto_L2/meshes/wall_1.mtl
  wrote /home/maria/rmf_ws/build/first_project/maps/icc_kyoto/models/icc_kyoto_L2/model.sdf
spawning robot name tinyRobot1 of type TinyRobot
spawning robot name tinyRobot2 of type TinyRobot
generate door name=door1 type=double_hinged
Door(door1)
generate door name=door2 type=hinged
Door(door2)
generate door name=door3 type=sliding
Door(door3)
generate door name=door4 type=double_hinged
Door(door4)
generate door name=door5 type=double_hinged
Door(door5)
generate door name=door6 type=double_hinged
Door(door6)
generate door name=door7 type=double_hinged
Door(door7)
generate door name=door8 type=sliding
Door(door8)
generate door name=door9 type=hinged
Door(door9)
113465 bytes written to /home/maria/rmf_ws/build/first_project/maps/icc_kyoto/icc_kyoto.world
[100%] Built target generate_icc_kyoto_nav_graphs
[100%] Built target generate_icc_kyoto_world
-- Install configuration: ""
-- Execute custom install script
-- Up-to-date symlink: /home/maria/rmf_ws/install/first_project/share/first_project/launch/common.launch.xml
-- Up-to-date symlink: /home/maria/rmf_ws/install/first_project/share/first_project/launch/icc_kyoto.launch.xml
-- Up-to-date symlink: /home/maria/rmf_ws/install/first_project/share/first_project/launch/simulation.launch.xml
-- Up-to-date symlink: /home/maria/rmf_ws/install/first_project/share/first_project/config/icc_kyoto.rviz
-- Up-to-date symlink: /home/maria/rmf_ws/install/first_project/share/first_project/config/tinyRobot_config.yaml
-- Up-to-date symlink: /home/maria/rmf_ws/install/first_project/share/first_project/maps/icc_kyoto/conference_room_b1.png
-- Up-to-date symlink: /home/maria/rmf_ws/install/first_project/share/first_project/maps/icc_kyoto/conference_room_b1_balcony.png
-- Up-to-date symlink: /home/maria/rmf_ws/install/first_project/share/first_project/maps/icc_kyoto/icc_kyoto.building.yaml
-- Symlinking: /home/maria/rmf_ws/install/first_project/share/first_project/maps/icc_kyoto/icc_kyoto.world
-- Up-to-date symlink: /home/maria/rmf_ws/install/first_project/share/first_project/maps/icc_kyoto/icc_kyoto_world/icc_kyoto_L1/meshes/blue_linoleum.png
-- Up-to-date symlink: /home/maria/rmf_ws/install/first_project/share/first_project/maps/icc_kyoto/icc_kyoto_world/icc_kyoto_L1/meshes/default.png
-- Up-to-date symlink: /home/maria/rmf_ws/install/first_project/share/first_project/maps/icc_kyoto/icc_kyoto_world/icc_kyoto_L1/meshes/floor_1.mtl
-- Up-to-date symlink: /home/maria/rmf_ws/install/first_project/share/first_project/maps/icc_kyoto/icc_kyoto_world/icc_kyoto_L1/meshes/floor_1.obj
-- Up-to-date symlink: /home/maria/rmf_ws/install/first_project/share/first_project/maps/icc_kyoto/icc_kyoto_world/icc_kyoto_L1/meshes/model.material
-- Up-to-date symlink: /home/maria/rmf_ws/install/first_project/share/first_project/maps/icc_kyoto/icc_kyoto_world/icc_kyoto_L1/meshes/wall_1.mtl
-- Up-to-date symlink: /home/maria/rmf_ws/install/first_project/share/first_project/maps/icc_kyoto/icc_kyoto_world/icc_kyoto_L1/meshes/wall_1.obj
-- Up-to-date symlink: /home/maria/rmf_ws/install/first_project/share/first_project/maps/icc_kyoto/icc_kyoto_world/icc_kyoto_L1/model.config
-- Up-to-date symlink: /home/maria/rmf_ws/install/first_project/share/first_project/maps/icc_kyoto/icc_kyoto_world/icc_kyoto_L1/model.sdf
-- Up-to-date symlink: /home/maria/rmf_ws/install/first_project/share/first_project/maps/icc_kyoto/icc_kyoto_world/icc_kyoto_L2/meshes/blue_linoleum.png
-- Up-to-date symlink: /home/maria/rmf_ws/install/first_project/share/first_project/maps/icc_kyoto/icc_kyoto_world/icc_kyoto_L2/meshes/default.png
-- Up-to-date symlink: /home/maria/rmf_ws/install/first_project/share/first_project/maps/icc_kyoto/icc_kyoto_world/icc_kyoto_L2/meshes/floor_1.mtl
-- Up-to-date symlink: /home/maria/rmf_ws/install/first_project/share/first_project/maps/icc_kyoto/icc_kyoto_world/icc_kyoto_L2/meshes/floor_1.obj
-- Up-to-date symlink: /home/maria/rmf_ws/install/first_project/share/first_project/maps/icc_kyoto/icc_kyoto_world/icc_kyoto_L2/meshes/model.material
-- Up-to-date symlink: /home/maria/rmf_ws/install/first_project/share/first_project/maps/icc_kyoto/icc_kyoto_world/icc_kyoto_L2/meshes/wall_1.mtl
-- Up-to-date symlink: /home/maria/rmf_ws/install/first_project/share/first_project/maps/icc_kyoto/icc_kyoto_world/icc_kyoto_L2/meshes/wall_1.obj
-- Up-to-date symlink: /home/maria/rmf_ws/install/first_project/share/first_project/maps/icc_kyoto/icc_kyoto_world/icc_kyoto_L2/model.config
-- Up-to-date symlink: /home/maria/rmf_ws/install/first_project/share/first_project/maps/icc_kyoto/icc_kyoto_world/icc_kyoto_L2/model.sdf
-- Up-to-date symlink: /home/maria/rmf_ws/install/first_project/share/first_project/maps/icc_kyoto/models/AdjTable/meshes/AdjTable.mtl
-- Up-to-date symlink: /home/maria/rmf_ws/install/first_project/share/first_project/maps/icc_kyoto/models/AdjTable/meshes/AdjTable.obj
-- Up-to-date symlink: /home/maria/rmf_ws/install/first_project/share/first_project/maps/icc_kyoto/models/AdjTable/meshes/AdjTable_Col.mtl
-- Up-to-date symlink: /home/maria/rmf_ws/install/first_project/share/first_project/maps/icc_kyoto/models/AdjTable/meshes/AdjTable_Col.obj
-- Up-to-date symlink: /home/maria/rmf_ws/install/first_project/share/first_project/maps/icc_kyoto/models/AdjTable/meshes/AdjTable_Diffuse.png
-- Up-to-date symlink: /home/maria/rmf_ws/install/first_project/share/first_project/maps/icc_kyoto/models/AdjTable/model.config
-- Up-to-date symlink: /home/maria/rmf_ws/install/first_project/share/first_project/maps/icc_kyoto/models/AdjTable/model.sdf
-- Up-to-date symlink: /home/maria/rmf_ws/install/first_project/share/first_project/maps/icc_kyoto/models/AdjTable/thumbnails/1.png
-- Up-to-date symlink: /home/maria/rmf_ws/install/first_project/share/first_project/maps/icc_kyoto/models/AdjTable/thumbnails/2.png
-- Up-to-date symlink: /home/maria/rmf_ws/install/first_project/share/first_project/maps/icc_kyoto/models/AdjTable/thumbnails/3.png
-- Up-to-date symlink: /home/maria/rmf_ws/install/first_project/share/first_project/maps/icc_kyoto/models/AdjTable/thumbnails/4.png
-- Up-to-date symlink: /home/maria/rmf_ws/install/first_project/share/first_project/maps/icc_kyoto/models/AdjTable/thumbnails/5.png
-- Up-to-date symlink: /home/maria/rmf_ws/install/first_project/share/first_project/maps/icc_kyoto/models/OfficeChairGrey/meshes/OfficeChairGrey.mtl
-- Up-to-date symlink: /home/maria/rmf_ws/install/first_project/share/first_project/maps/icc_kyoto/models/OfficeChairGrey/meshes/OfficeChairGrey.obj
-- Up-to-date symlink: /home/maria/rmf_ws/install/first_project/share/first_project/maps/icc_kyoto/models/OfficeChairGrey/meshes/OfficeChairGrey.png
-- Up-to-date symlink: /home/maria/rmf_ws/install/first_project/share/first_project/maps/icc_kyoto/models/OfficeChairGrey/meshes/OfficeChairGrey_Col.mtl
-- Up-to-date symlink: /home/maria/rmf_ws/install/first_project/share/first_project/maps/icc_kyoto/models/OfficeChairGrey/meshes/OfficeChairGrey_Col.obj
-- Up-to-date symlink: /home/maria/rmf_ws/install/first_project/share/first_project/maps/icc_kyoto/models/OfficeChairGrey/model.config
-- Up-to-date symlink: /home/maria/rmf_ws/install/first_project/share/first_project/maps/icc_kyoto/models/OfficeChairGrey/model.sdf
-- Up-to-date symlink: /home/maria/rmf_ws/install/first_project/share/first_project/maps/icc_kyoto/models/OfficeChairGrey/thumbnails/1.png
-- Up-to-date symlink: /home/maria/rmf_ws/install/first_project/share/first_project/maps/icc_kyoto/models/OfficeChairGrey/thumbnails/2.png
-- Up-to-date symlink: /home/maria/rmf_ws/install/first_project/share/first_project/maps/icc_kyoto/models/OfficeChairGrey/thumbnails/3.png
-- Up-to-date symlink: /home/maria/rmf_ws/install/first_project/share/first_project/maps/icc_kyoto/models/OfficeChairGrey/thumbnails/4.png
-- Up-to-date symlink: /home/maria/rmf_ws/install/first_project/share/first_project/maps/icc_kyoto/models/OfficeChairGrey/thumbnails/5.png
-- Up-to-date symlink: /home/maria/rmf_ws/install/first_project/share/first_project/maps/icc_kyoto/models/OfficeChairGrey/thumbnails/meta/1.png
-- Up-to-date symlink: /home/maria/rmf_ws/install/first_project/share/first_project/maps/icc_kyoto/models/OfficeChairGrey/thumbnails/meta/2.png
-- Up-to-date symlink: /home/maria/rmf_ws/install/first_project/share/first_project/maps/icc_kyoto/models/OfficeChairGrey/thumbnails/meta/3.png
-- Up-to-date symlink: /home/maria/rmf_ws/install/first_project/share/first_project/maps/icc_kyoto/models/OfficeChairGrey/thumbnails/meta/4.png
-- Up-to-date symlink: /home/maria/rmf_ws/install/first_project/share/first_project/maps/icc_kyoto/models/OfficeChairGrey/thumbnails/meta/5.png
-- Up-to-date symlink: /home/maria/rmf_ws/install/first_project/share/first_project/maps/icc_kyoto/models/TinyRobot/meshes/caster_wheel.mtl
-- Up-to-date symlink: /home/maria/rmf_ws/install/first_project/share/first_project/maps/icc_kyoto/models/TinyRobot/meshes/caster_wheel.obj
-- Up-to-date symlink: /home/maria/rmf_ws/install/first_project/share/first_project/maps/icc_kyoto/models/TinyRobot/meshes/front_wheel.mtl
-- Up-to-date symlink: /home/maria/rmf_ws/install/first_project/share/first_project/maps/icc_kyoto/models/TinyRobot/meshes/front_wheel.obj
-- Up-to-date symlink: /home/maria/rmf_ws/install/first_project/share/first_project/maps/icc_kyoto/models/TinyRobot/meshes/tinyRobot_body.mtl
-- Up-to-date symlink: /home/maria/rmf_ws/install/first_project/share/first_project/maps/icc_kyoto/models/TinyRobot/meshes/tinyRobot_body.obj
-- Up-to-date symlink: /home/maria/rmf_ws/install/first_project/share/first_project/maps/icc_kyoto/models/TinyRobot/model.config
-- Up-to-date symlink: /home/maria/rmf_ws/install/first_project/share/first_project/maps/icc_kyoto/models/TinyRobot/model.sdf
-- Up-to-date symlink: /home/maria/rmf_ws/install/first_project/share/first_project/maps/icc_kyoto/sim_hall.png
-- Symlinking: /home/maria/rmf_ws/install/first_project/share/first_project/maps/icc_kyoto/icc_kyoto.world
-- Up-to-date symlink: /home/maria/rmf_ws/install/first_project/share/first_project/maps/icc_kyoto/models/icc_kyoto_L1/meshes/blue_linoleum.png
-- Up-to-date symlink: /home/maria/rmf_ws/install/first_project/share/first_project/maps/icc_kyoto/models/icc_kyoto_L1/meshes/default.png
-- Up-to-date symlink: /home/maria/rmf_ws/install/first_project/share/first_project/maps/icc_kyoto/models/icc_kyoto_L1/meshes/floor_1.mtl
-- Up-to-date symlink: /home/maria/rmf_ws/install/first_project/share/first_project/maps/icc_kyoto/models/icc_kyoto_L1/meshes/floor_1.obj
-- Up-to-date symlink: /home/maria/rmf_ws/install/first_project/share/first_project/maps/icc_kyoto/models/icc_kyoto_L1/meshes/model.material
-- Up-to-date symlink: /home/maria/rmf_ws/install/first_project/share/first_project/maps/icc_kyoto/models/icc_kyoto_L1/meshes/wall_1.mtl
-- Up-to-date symlink: /home/maria/rmf_ws/install/first_project/share/first_project/maps/icc_kyoto/models/icc_kyoto_L1/meshes/wall_1.obj
-- Up-to-date symlink: /home/maria/rmf_ws/install/first_project/share/first_project/maps/icc_kyoto/models/icc_kyoto_L1/model.config
-- Up-to-date symlink: /home/maria/rmf_ws/install/first_project/share/first_project/maps/icc_kyoto/models/icc_kyoto_L1/model.sdf
-- Up-to-date symlink: /home/maria/rmf_ws/install/first_project/share/first_project/maps/icc_kyoto/models/icc_kyoto_L2/meshes/blue_linoleum.png
-- Up-to-date symlink: /home/maria/rmf_ws/install/first_project/share/first_project/maps/icc_kyoto/models/icc_kyoto_L2/meshes/default.png
-- Up-to-date symlink: /home/maria/rmf_ws/install/first_project/share/first_project/maps/icc_kyoto/models/icc_kyoto_L2/meshes/floor_1.mtl
-- Up-to-date symlink: /home/maria/rmf_ws/install/first_project/share/first_project/maps/icc_kyoto/models/icc_kyoto_L2/meshes/floor_1.obj
-- Up-to-date symlink: /home/maria/rmf_ws/install/first_project/share/first_project/maps/icc_kyoto/models/icc_kyoto_L2/meshes/model.material
-- Up-to-date symlink: /home/maria/rmf_ws/install/first_project/share/first_project/maps/icc_kyoto/models/icc_kyoto_L2/meshes/wall_1.mtl
-- Up-to-date symlink: /home/maria/rmf_ws/install/first_project/share/first_project/maps/icc_kyoto/models/icc_kyoto_L2/meshes/wall_1.obj
-- Up-to-date symlink: /home/maria/rmf_ws/install/first_project/share/first_project/maps/icc_kyoto/models/icc_kyoto_L2/model.config
-- Up-to-date symlink: /home/maria/rmf_ws/install/first_project/share/first_project/maps/icc_kyoto/models/icc_kyoto_L2/model.sdf
-- Up-to-date symlink: /home/maria/rmf_ws/install/first_project/share/first_project/maps/icc_kyoto/nav_graphs/.generated
-- Up-to-date symlink: /home/maria/rmf_ws/install/first_project/share/first_project/maps/icc_kyoto/nav_graphs/0.yaml
-- Up-to-date symlink: /home/maria/rmf_ws/install/first_project/share/first_project/maps/icc_kyoto/nav_graphs/1.yaml
-- Up-to-date symlink: /home/maria/rmf_ws/install/first_project/share/ament_index/resource_index/package_run_dependencies/first_project
-- Up-to-date symlink: /home/maria/rmf_ws/install/first_project/share/ament_index/resource_index/parent_prefix_path/first_project
-- Up-to-date symlink: /home/maria/rmf_ws/install/first_project/share/first_project/environment/ament_prefix_path.sh
-- Up-to-date symlink: /home/maria/rmf_ws/install/first_project/share/first_project/environment/ament_prefix_path.dsv
-- Up-to-date symlink: /home/maria/rmf_ws/install/first_project/share/first_project/environment/path.sh
-- Up-to-date symlink: /home/maria/rmf_ws/install/first_project/share/first_project/environment/path.dsv
-- Up-to-date symlink: /home/maria/rmf_ws/install/first_project/share/first_project/local_setup.bash
-- Up-to-date symlink: /home/maria/rmf_ws/install/first_project/share/first_project/local_setup.sh
-- Up-to-date symlink: /home/maria/rmf_ws/install/first_project/share/first_project/local_setup.zsh
-- Up-to-date symlink: /home/maria/rmf_ws/install/first_project/share/first_project/local_setup.dsv
-- Symlinking: /home/maria/rmf_ws/install/first_project/share/first_project/package.dsv
-- Up-to-date symlink: /home/maria/rmf_ws/install/first_project/share/ament_index/resource_index/packages/first_project
-- Up-to-date symlink: /home/maria/rmf_ws/install/first_project/share/first_project/cmake/first_projectConfig.cmake
-- Up-to-date symlink: /home/maria/rmf_ws/install/first_project/share/first_project/cmake/first_projectConfig-version.cmake
-- Up-to-date symlink: /home/maria/rmf_ws/install/first_project/share/first_project/package.xml
