[4.043s] Invoking command in '/home/maria/rmf_ws/build/project_fleet_adapter': PYTHONPATH=/home/maria/rmf_ws/build/project_fleet_adapter/prefix_override:/usr/lib/python3/dist-packages/colcon_core/task/python/colcon_distutils_commands:/home/maria/rmf_ws/install/project_fleet_adapter/lib/python3.12/site-packages:${PYTHONPATH} /usr/bin/python3 -W ignore:setup.py install is deprecated -W ignore:easy_install command is deprecated setup.py develop --editable --build-directory /home/maria/rmf_ws/build/project_fleet_adapter/build --no-deps symlink_data
[5.368s] running develop
[6.160s] running egg_info
[6.160s] creating project_fleet_adapter.egg-info
[6.205s] writing project_fleet_adapter.egg-info/PKG-INFO
[6.206s] writing dependency_links to project_fleet_adapter.egg-info/dependency_links.txt
[6.207s] writing entry points to project_fleet_adapter.egg-info/entry_points.txt
[6.208s] writing requirements to project_fleet_adapter.egg-info/requires.txt
[6.208s] writing top-level names to project_fleet_adapter.egg-info/top_level.txt
[6.209s] writing manifest file 'project_fleet_adapter.egg-info/SOURCES.txt'
[6.284s] reading manifest file 'project_fleet_adapter.egg-info/SOURCES.txt'
[6.284s] writing manifest file 'project_fleet_adapter.egg-info/SOURCES.txt'
[6.324s] running build_ext
[6.325s] Creating /home/maria/rmf_ws/install/project_fleet_adapter/lib/python3.12/site-packages/project-fleet-adapter.egg-link (link to .)
[6.327s] Installing fleet_adapter script to /home/maria/rmf_ws/install/project_fleet_adapter/lib/project_fleet_adapter
[6.328s] Installing fleet_manager script to /home/maria/rmf_ws/install/project_fleet_adapter/lib/project_fleet_adapter
[6.328s] Installing manage_lane script to /home/maria/rmf_ws/install/project_fleet_adapter/lib/project_fleet_adapter
[6.329s] 
[6.329s] Installed /home/maria/rmf_ws/build/project_fleet_adapter
[6.329s] running symlink_data
[6.330s] creating /home/maria/rmf_ws/install/project_fleet_adapter/share/ament_index
[6.330s] creating /home/maria/rmf_ws/install/project_fleet_adapter/share/ament_index/resource_index
[6.331s] creating /home/maria/rmf_ws/install/project_fleet_adapter/share/ament_index/resource_index/packages
[6.331s] symbolically linking /home/maria/rmf_ws/build/project_fleet_adapter/resource/project_fleet_adapter -> /home/maria/rmf_ws/install/project_fleet_adapter/share/ament_index/resource_index/packages
[6.331s] symbolically linking /home/maria/rmf_ws/build/project_fleet_adapter/package.xml -> /home/maria/rmf_ws/install/project_fleet_adapter/share/project_fleet_adapter
[6.332s] symbolically linking /home/maria/rmf_ws/build/project_fleet_adapter/config.yaml -> /home/maria/rmf_ws/install/project_fleet_adapter/share/project_fleet_adapter
[6.332s] creating /home/maria/rmf_ws/install/project_fleet_adapter/share/project_fleet_adapter/launch
[6.333s] symbolically linking /home/maria/rmf_ws/build/project_fleet_adapter/launch/fleet_adapter.launch.xml -> /home/maria/rmf_ws/install/project_fleet_adapter/share/project_fleet_adapter/launch
[6.435s] Invoked command in '/home/maria/rmf_ws/build/project_fleet_adapter' returned '0': PYTHONPATH=/home/maria/rmf_ws/build/project_fleet_adapter/prefix_override:/usr/lib/python3/dist-packages/colcon_core/task/python/colcon_distutils_commands:/home/maria/rmf_ws/install/project_fleet_adapter/lib/python3.12/site-packages:${PYTHONPATH} /usr/bin/python3 -W ignore:setup.py install is deprecated -W ignore:easy_install command is deprecated setup.py develop --editable --build-directory /home/maria/rmf_ws/build/project_fleet_adapter/build --no-deps symlink_data
