[1.051s] Invoking command in '/home/maria/rmf_ws/build/rmf_visualization_building_systems': PYTHONPATH=/home/maria/rmf_ws/build/rmf_visualization_building_systems/prefix_override:/usr/lib/python3/dist-packages/colcon_core/task/python/colcon_distutils_commands:/home/maria/rmf_ws/install/rmf_visualization_building_systems/lib/python3.12/site-packages:${PYTHONPATH} /usr/bin/python3 -W ignore:setup.py install is deprecated -W ignore:easy_install command is deprecated setup.py develop --editable --build-directory /home/maria/rmf_ws/build/rmf_visualization_building_systems/build --no-deps symlink_data
[2.789s] running develop
[2.789s] running egg_info
[2.789s] creating rmf_visualization_building_systems.egg-info
[2.789s] writing rmf_visualization_building_systems.egg-info/PKG-INFO
[2.789s] writing dependency_links to rmf_visualization_building_systems.egg-info/dependency_links.txt
[2.789s] writing entry points to rmf_visualization_building_systems.egg-info/entry_points.txt
[2.789s] writing requirements to rmf_visualization_building_systems.egg-info/requires.txt
[2.789s] writing top-level names to rmf_visualization_building_systems.egg-info/top_level.txt
[2.790s] writing manifest file 'rmf_visualization_building_systems.egg-info/SOURCES.txt'
[2.790s] reading manifest file 'rmf_visualization_building_systems.egg-info/SOURCES.txt'
[2.790s] writing manifest file 'rmf_visualization_building_systems.egg-info/SOURCES.txt'
[2.790s] running build_ext
[2.790s] Creating /home/maria/rmf_ws/install/rmf_visualization_building_systems/lib/python3.12/site-packages/rmf-visualization-building-systems.egg-link (link to .)
[2.790s] Installing rmf_visualization_building_systems script to /home/maria/rmf_ws/install/rmf_visualization_building_systems/lib/rmf_visualization_building_systems
[2.790s] 
[2.790s] Installed /home/maria/rmf_ws/build/rmf_visualization_building_systems
[2.790s] running symlink_data
[2.791s] creating /home/maria/rmf_ws/install/rmf_visualization_building_systems/share/ament_index
[2.791s] creating /home/maria/rmf_ws/install/rmf_visualization_building_systems/share/ament_index/resource_index
[2.791s] creating /home/maria/rmf_ws/install/rmf_visualization_building_systems/share/ament_index/resource_index/packages
[2.791s] symbolically linking /home/maria/rmf_ws/build/rmf_visualization_building_systems/resource/rmf_visualization_building_systems -> /home/maria/rmf_ws/install/rmf_visualization_building_systems/share/ament_index/resource_index/packages
[2.791s] symbolically linking /home/maria/rmf_ws/build/rmf_visualization_building_systems/package.xml -> /home/maria/rmf_ws/install/rmf_visualization_building_systems/share/rmf_visualization_building_systems
[2.792s] Invoked command in '/home/maria/rmf_ws/build/rmf_visualization_building_systems' returned '0': PYTHONPATH=/home/maria/rmf_ws/build/rmf_visualization_building_systems/prefix_override:/usr/lib/python3/dist-packages/colcon_core/task/python/colcon_distutils_commands:/home/maria/rmf_ws/install/rmf_visualization_building_systems/lib/python3.12/site-packages:${PYTHONPATH} /usr/bin/python3 -W ignore:setup.py install is deprecated -W ignore:easy_install command is deprecated setup.py develop --editable --build-directory /home/maria/rmf_ws/build/rmf_visualization_building_systems/build --no-deps symlink_data
