[2.158s] Invoking command in '/home/maria/rmf_ws/build/project_tasks': PYTHONPATH=/home/maria/rmf_ws/build/project_tasks/prefix_override:/usr/lib/python3/dist-packages/colcon_core/task/python/colcon_distutils_commands:/home/maria/rmf_ws/install/project_tasks/lib/python3.12/site-packages:${PYTHONPATH} /usr/bin/python3 -W ignore:setup.py install is deprecated -W ignore:easy_install command is deprecated setup.py develop --editable --build-directory /home/maria/rmf_ws/build/project_tasks/build --no-deps symlink_data
[3.014s] running develop
[3.338s] running egg_info
[3.339s] creating project_tasks.egg-info
[3.361s] writing project_tasks.egg-info/PKG-INFO
[3.361s] writing dependency_links to project_tasks.egg-info/dependency_links.txt
[3.362s] writing entry points to project_tasks.egg-info/entry_points.txt
[3.362s] writing requirements to project_tasks.egg-info/requires.txt
[3.362s] writing top-level names to project_tasks.egg-info/top_level.txt
[3.362s] writing manifest file 'project_tasks.egg-info/SOURCES.txt'
[3.409s] reading manifest file 'project_tasks.egg-info/SOURCES.txt'
[3.410s] writing manifest file 'project_tasks.egg-info/SOURCES.txt'
[3.434s] running build_ext
[3.435s] Creating /home/maria/rmf_ws/install/project_tasks/lib/python3.12/site-packages/project-tasks.egg-link (link to .)
[3.436s] Installing api_request script to /home/maria/rmf_ws/install/project_tasks/lib/project_tasks
[3.436s] Installing cancel_robot_task script to /home/maria/rmf_ws/install/project_tasks/lib/project_tasks
[3.436s] Installing cancel_task script to /home/maria/rmf_ws/install/project_tasks/lib/project_tasks
[3.436s] Installing dispatch_action script to /home/maria/rmf_ws/install/project_tasks/lib/project_tasks
[3.437s] Installing dispatch_cart_delivery script to /home/maria/rmf_ws/install/project_tasks/lib/project_tasks
[3.437s] Installing dispatch_clean script to /home/maria/rmf_ws/install/project_tasks/lib/project_tasks
[3.437s] Installing dispatch_delivery script to /home/maria/rmf_ws/install/project_tasks/lib/project_tasks
[3.437s] Installing dispatch_dynamic_event script to /home/maria/rmf_ws/install/project_tasks/lib/project_tasks
[3.438s] Installing dispatch_go_to_place script to /home/maria/rmf_ws/install/project_tasks/lib/project_tasks
[3.438s] Installing dispatch_json script to /home/maria/rmf_ws/install/project_tasks/lib/project_tasks
[3.438s] Installing dispatch_loop script to /home/maria/rmf_ws/install/project_tasks/lib/project_tasks
[3.438s] Installing dispatch_patrol script to /home/maria/rmf_ws/install/project_tasks/lib/project_tasks
[3.438s] Installing dispatch_teleop script to /home/maria/rmf_ws/install/project_tasks/lib/project_tasks
[3.438s] Installing dynamic_event_client script to /home/maria/rmf_ws/install/project_tasks/lib/project_tasks
[3.439s] Installing emergency_signal script to /home/maria/rmf_ws/install/project_tasks/lib/project_tasks
[3.439s] Installing get_robot_location script to /home/maria/rmf_ws/install/project_tasks/lib/project_tasks
[3.439s] Installing mock_docker script to /home/maria/rmf_ws/install/project_tasks/lib/project_tasks
[3.439s] Installing request_lift script to /home/maria/rmf_ws/install/project_tasks/lib/project_tasks
[3.439s] Installing request_loop script to /home/maria/rmf_ws/install/project_tasks/lib/project_tasks
[3.440s] Installing teleop_robot script to /home/maria/rmf_ws/install/project_tasks/lib/project_tasks
[3.440s] Installing wait_for_task_complete script to /home/maria/rmf_ws/install/project_tasks/lib/project_tasks
[3.440s] 
[3.440s] Installed /home/maria/rmf_ws/build/project_tasks
[3.440s] running symlink_data
[3.440s] creating /home/maria/rmf_ws/install/project_tasks/share/ament_index
[3.440s] creating /home/maria/rmf_ws/install/project_tasks/share/ament_index/resource_index
[3.441s] creating /home/maria/rmf_ws/install/project_tasks/share/ament_index/resource_index/packages
[3.441s] symbolically linking /home/maria/rmf_ws/build/project_tasks/resource/project_tasks -> /home/maria/rmf_ws/install/project_tasks/share/ament_index/resource_index/packages
[3.441s] symbolically linking /home/maria/rmf_ws/build/project_tasks/package.xml -> /home/maria/rmf_ws/install/project_tasks/share/project_tasks
[3.502s] Invoked command in '/home/maria/rmf_ws/build/project_tasks' returned '0': PYTHONPATH=/home/maria/rmf_ws/build/project_tasks/prefix_override:/usr/lib/python3/dist-packages/colcon_core/task/python/colcon_distutils_commands:/home/maria/rmf_ws/install/project_tasks/lib/python3.12/site-packages:${PYTHONPATH} /usr/bin/python3 -W ignore:setup.py install is deprecated -W ignore:easy_install command is deprecated setup.py develop --editable --build-directory /home/maria/rmf_ws/build/project_tasks/build --no-deps symlink_data
