[0.071s] Invoking command in '/home/maria/rmf_ws/build/project_assets': CMAKE_PREFIX_PATH=/rmf_demos_ws/install/rmf_workcell_msgs:/rmf_demos_ws/install/rmf_demos_gz:/rmf_demos_ws/install/rmf_demos:/rmf_demos_ws/install/rmf_reservation_node:/rmf_demos_ws/install/rmf_fleet_adapter_python:/rmf_demos_ws/install/rmf_fleet_adapter:/rmf_demos_ws/install/rmf_task_ros2:/rmf_demos_ws/install/rmf_websocket:/rmf_demos_ws/install/rmf_visualization:/rmf_demos_ws/install/rmf_visualization_schedule:/rmf_demos_ws/install/rmf_visualization_rviz2_plugins:/rmf_demos_ws/install/rmf_visualization_obstacles:/rmf_demos_ws/install/rmf_visualization_navgraphs:/rmf_demos_ws/install/rmf_visualization_floorplans:/rmf_demos_ws/install/rmf_visualization_fleet_states:/rmf_demos_ws/install/rmf_visualization_msgs:/rmf_demos_ws/install/rmf_traffic_ros2:/rmf_demos_ws/install/rmf_task_sequence:/rmf_demos_ws/install/rmf_task:/rmf_demos_ws/install/rmf_battery:/rmf_demos_ws/install/rmf_traffic:/rmf_demos_ws/install/rmf_utils:/rmf_demos_ws/install/rmf_traffic_msgs:/rmf_demos_ws/install/rmf_traffic_editor_test_maps:/rmf_demos_ws/install/rmf_traffic_editor_assets:/rmf_demos_ws/install/rmf_traffic_editor:/rmf_demos_ws/install/rmf_task_msgs:/rmf_demos_ws/install/rmf_site_map_msgs:/rmf_demos_ws/install/rmf_scheduler_msgs:/rmf_demos_ws/install/rmf_robot_sim_gz_plugins:/rmf_demos_ws/install/rmf_robot_sim_common:/rmf_demos_ws/install/rmf_reservation_msgs:/rmf_demos_ws/install/rmf_obstacle_msgs:/rmf_demos_ws/install/rmf_building_sim_gz_plugins:/rmf_demos_ws/install/rmf_lift_msgs:/rmf_demos_ws/install/rmf_ingestor_msgs:/rmf_demos_ws/install/rmf_fleet_msgs:/rmf_demos_ws/install/rmf_door_msgs:/rmf_demos_ws/install/rmf_dispenser_msgs:/rmf_demos_ws/install/rmf_demos_maps:/rmf_demos_ws/install/rmf_demos_assets:/rmf_demos_ws/install/rmf_charger_msgs:/rmf_demos_ws/install/rmf_building_map_msgs:/rmf_demos_ws/install/rmf_api_msgs:/rmf_demos_ws/install/nlohmann_json_schema_validator_vendor:/rmf_demos_ws/install/rmf_demos_fleet_adapter:/rmf_demos_ws/install/rmf_visualization_building_systems:/rmf_demos_ws/install/rmf_traffic_examples:/rmf_demos_ws/install/rmf_demos_bridges:/rmf_demos_ws/install/rmf_demos_tasks:/rmf_demos_ws/install/rmf_building_map_tools:/rmf_demos_ws/install/rmf_charging_schedule:/opt/ros/jazzy:/rmf_demos_ws/install/menge_vendor:/rmf_demos_ws/install/ament_cmake_catch2:/opt/ros/jazzy/opt/gz_sim_vendor:/opt/ros/jazzy/opt/gz_sensors_vendor:/opt/ros/jazzy/opt/gz_physics_vendor:/opt/ros/jazzy/opt/sdformat_vendor:/opt/ros/jazzy/opt/gz_gui_vendor:/opt/ros/jazzy/opt/gz_transport_vendor:/opt/ros/jazzy/opt/gz_rendering_vendor:/opt/ros/jazzy/opt/gz_plugin_vendor:/opt/ros/jazzy/opt/gz_fuel_tools_vendor:/opt/ros/jazzy/opt/gz_msgs_vendor:/opt/ros/jazzy/opt/gz_common_vendor:/opt/ros/jazzy/opt/gz_math_vendor:/opt/ros/jazzy/opt/gz_utils_vendor:/opt/ros/jazzy/opt/gz_tools_vendor:/opt/ros/jazzy/opt/gz_ogre_next_vendor:/opt/ros/jazzy/opt/gz_dartsim_vendor:/opt/ros/jazzy/opt/gz_cmake_vendor /usr/bin/cmake /home/maria/rmf_ws/src/project/project_assets -DAMENT_CMAKE_SYMLINK_INSTALL=1 -DCMAKE_INSTALL_PREFIX=/home/maria/rmf_ws/install/project_assets
[1.205s] -- The C compiler identification is GNU 13.3.0
[1.206s] -- The CXX compiler identification is GNU 13.3.0
[1.206s] -- Detecting C compiler ABI info
[1.206s] -- Detecting C compiler ABI info - done
[1.206s] -- Check for working C compiler: /usr/bin/cc - skipped
[1.206s] -- Detecting C compile features
[1.206s] -- Detecting C compile features - done
[1.206s] -- Detecting CXX compiler ABI info
[1.523s] -- Detecting CXX compiler ABI info - done
[1.562s] -- Check for working CXX compiler: /usr/bin/c++ - skipped
[1.563s] -- Detecting CXX compile features
[1.569s] -- Detecting CXX compile features - done
[1.615s] -- Found ament_cmake: 2.5.5 (/opt/ros/jazzy/share/ament_cmake/cmake)
[2.486s] -- Found Python3: /usr/bin/python3 (found version "3.12.3") found components: Interpreter 
[2.833s] -- Override CMake install command with custom implementation using symlinks instead of copying resources
[3.696s] -- Configuring done (3.6s)
[3.712s] -- Generating done (0.0s)
[3.721s] -- Build files have been written to: /home/maria/rmf_ws/build/project_assets
[3.742s] Invoked command in '/home/maria/rmf_ws/build/project_assets' returned '0': CMAKE_PREFIX_PATH=/rmf_demos_ws/install/rmf_workcell_msgs:/rmf_demos_ws/install/rmf_demos_gz:/rmf_demos_ws/install/rmf_demos:/rmf_demos_ws/install/rmf_reservation_node:/rmf_demos_ws/install/rmf_fleet_adapter_python:/rmf_demos_ws/install/rmf_fleet_adapter:/rmf_demos_ws/install/rmf_task_ros2:/rmf_demos_ws/install/rmf_websocket:/rmf_demos_ws/install/rmf_visualization:/rmf_demos_ws/install/rmf_visualization_schedule:/rmf_demos_ws/install/rmf_visualization_rviz2_plugins:/rmf_demos_ws/install/rmf_visualization_obstacles:/rmf_demos_ws/install/rmf_visualization_navgraphs:/rmf_demos_ws/install/rmf_visualization_floorplans:/rmf_demos_ws/install/rmf_visualization_fleet_states:/rmf_demos_ws/install/rmf_visualization_msgs:/rmf_demos_ws/install/rmf_traffic_ros2:/rmf_demos_ws/install/rmf_task_sequence:/rmf_demos_ws/install/rmf_task:/rmf_demos_ws/install/rmf_battery:/rmf_demos_ws/install/rmf_traffic:/rmf_demos_ws/install/rmf_utils:/rmf_demos_ws/install/rmf_traffic_msgs:/rmf_demos_ws/install/rmf_traffic_editor_test_maps:/rmf_demos_ws/install/rmf_traffic_editor_assets:/rmf_demos_ws/install/rmf_traffic_editor:/rmf_demos_ws/install/rmf_task_msgs:/rmf_demos_ws/install/rmf_site_map_msgs:/rmf_demos_ws/install/rmf_scheduler_msgs:/rmf_demos_ws/install/rmf_robot_sim_gz_plugins:/rmf_demos_ws/install/rmf_robot_sim_common:/rmf_demos_ws/install/rmf_reservation_msgs:/rmf_demos_ws/install/rmf_obstacle_msgs:/rmf_demos_ws/install/rmf_building_sim_gz_plugins:/rmf_demos_ws/install/rmf_lift_msgs:/rmf_demos_ws/install/rmf_ingestor_msgs:/rmf_demos_ws/install/rmf_fleet_msgs:/rmf_demos_ws/install/rmf_door_msgs:/rmf_demos_ws/install/rmf_dispenser_msgs:/rmf_demos_ws/install/rmf_demos_maps:/rmf_demos_ws/install/rmf_demos_assets:/rmf_demos_ws/install/rmf_charger_msgs:/rmf_demos_ws/install/rmf_building_map_msgs:/rmf_demos_ws/install/rmf_api_msgs:/rmf_demos_ws/install/nlohmann_json_schema_validator_vendor:/rmf_demos_ws/install/rmf_demos_fleet_adapter:/rmf_demos_ws/install/rmf_visualization_building_systems:/rmf_demos_ws/install/rmf_traffic_examples:/rmf_demos_ws/install/rmf_demos_bridges:/rmf_demos_ws/install/rmf_demos_tasks:/rmf_demos_ws/install/rmf_building_map_tools:/rmf_demos_ws/install/rmf_charging_schedule:/opt/ros/jazzy:/rmf_demos_ws/install/menge_vendor:/rmf_demos_ws/install/ament_cmake_catch2:/opt/ros/jazzy/opt/gz_sim_vendor:/opt/ros/jazzy/opt/gz_sensors_vendor:/opt/ros/jazzy/opt/gz_physics_vendor:/opt/ros/jazzy/opt/sdformat_vendor:/opt/ros/jazzy/opt/gz_gui_vendor:/opt/ros/jazzy/opt/gz_transport_vendor:/opt/ros/jazzy/opt/gz_rendering_vendor:/opt/ros/jazzy/opt/gz_plugin_vendor:/opt/ros/jazzy/opt/gz_fuel_tools_vendor:/opt/ros/jazzy/opt/gz_msgs_vendor:/opt/ros/jazzy/opt/gz_common_vendor:/opt/ros/jazzy/opt/gz_math_vendor:/opt/ros/jazzy/opt/gz_utils_vendor:/opt/ros/jazzy/opt/gz_tools_vendor:/opt/ros/jazzy/opt/gz_ogre_next_vendor:/opt/ros/jazzy/opt/gz_dartsim_vendor:/opt/ros/jazzy/opt/gz_cmake_vendor /usr/bin/cmake /home/maria/rmf_ws/src/project/project_assets -DAMENT_CMAKE_SYMLINK_INSTALL=1 -DCMAKE_INSTALL_PREFIX=/home/maria/rmf_ws/install/project_assets
[3.745s] Invoking command in '/home/maria/rmf_ws/build/project_assets': CMAKE_PREFIX_PATH=/rmf_demos_ws/install/rmf_workcell_msgs:/rmf_demos_ws/install/rmf_demos_gz:/rmf_demos_ws/install/rmf_demos:/rmf_demos_ws/install/rmf_reservation_node:/rmf_demos_ws/install/rmf_fleet_adapter_python:/rmf_demos_ws/install/rmf_fleet_adapter:/rmf_demos_ws/install/rmf_task_ros2:/rmf_demos_ws/install/rmf_websocket:/rmf_demos_ws/install/rmf_visualization:/rmf_demos_ws/install/rmf_visualization_schedule:/rmf_demos_ws/install/rmf_visualization_rviz2_plugins:/rmf_demos_ws/install/rmf_visualization_obstacles:/rmf_demos_ws/install/rmf_visualization_navgraphs:/rmf_demos_ws/install/rmf_visualization_floorplans:/rmf_demos_ws/install/rmf_visualization_fleet_states:/rmf_demos_ws/install/rmf_visualization_msgs:/rmf_demos_ws/install/rmf_traffic_ros2:/rmf_demos_ws/install/rmf_task_sequence:/rmf_demos_ws/install/rmf_task:/rmf_demos_ws/install/rmf_battery:/rmf_demos_ws/install/rmf_traffic:/rmf_demos_ws/install/rmf_utils:/rmf_demos_ws/install/rmf_traffic_msgs:/rmf_demos_ws/install/rmf_traffic_editor_test_maps:/rmf_demos_ws/install/rmf_traffic_editor_assets:/rmf_demos_ws/install/rmf_traffic_editor:/rmf_demos_ws/install/rmf_task_msgs:/rmf_demos_ws/install/rmf_site_map_msgs:/rmf_demos_ws/install/rmf_scheduler_msgs:/rmf_demos_ws/install/rmf_robot_sim_gz_plugins:/rmf_demos_ws/install/rmf_robot_sim_common:/rmf_demos_ws/install/rmf_reservation_msgs:/rmf_demos_ws/install/rmf_obstacle_msgs:/rmf_demos_ws/install/rmf_building_sim_gz_plugins:/rmf_demos_ws/install/rmf_lift_msgs:/rmf_demos_ws/install/rmf_ingestor_msgs:/rmf_demos_ws/install/rmf_fleet_msgs:/rmf_demos_ws/install/rmf_door_msgs:/rmf_demos_ws/install/rmf_dispenser_msgs:/rmf_demos_ws/install/rmf_demos_maps:/rmf_demos_ws/install/rmf_demos_assets:/rmf_demos_ws/install/rmf_charger_msgs:/rmf_demos_ws/install/rmf_building_map_msgs:/rmf_demos_ws/install/rmf_api_msgs:/rmf_demos_ws/install/nlohmann_json_schema_validator_vendor:/rmf_demos_ws/install/rmf_demos_fleet_adapter:/rmf_demos_ws/install/rmf_visualization_building_systems:/rmf_demos_ws/install/rmf_traffic_examples:/rmf_demos_ws/install/rmf_demos_bridges:/rmf_demos_ws/install/rmf_demos_tasks:/rmf_demos_ws/install/rmf_building_map_tools:/rmf_demos_ws/install/rmf_charging_schedule:/opt/ros/jazzy:/rmf_demos_ws/install/menge_vendor:/rmf_demos_ws/install/ament_cmake_catch2:/opt/ros/jazzy/opt/gz_sim_vendor:/opt/ros/jazzy/opt/gz_sensors_vendor:/opt/ros/jazzy/opt/gz_physics_vendor:/opt/ros/jazzy/opt/sdformat_vendor:/opt/ros/jazzy/opt/gz_gui_vendor:/opt/ros/jazzy/opt/gz_transport_vendor:/opt/ros/jazzy/opt/gz_rendering_vendor:/opt/ros/jazzy/opt/gz_plugin_vendor:/opt/ros/jazzy/opt/gz_fuel_tools_vendor:/opt/ros/jazzy/opt/gz_msgs_vendor:/opt/ros/jazzy/opt/gz_common_vendor:/opt/ros/jazzy/opt/gz_math_vendor:/opt/ros/jazzy/opt/gz_utils_vendor:/opt/ros/jazzy/opt/gz_tools_vendor:/opt/ros/jazzy/opt/gz_ogre_next_vendor:/opt/ros/jazzy/opt/gz_dartsim_vendor:/opt/ros/jazzy/opt/gz_cmake_vendor /usr/bin/cmake --build /home/maria/rmf_ws/build/project_assets -- -j8 -l8
[4.576s] Invoked command in '/home/maria/rmf_ws/build/project_assets' returned '0': CMAKE_PREFIX_PATH=/rmf_demos_ws/install/rmf_workcell_msgs:/rmf_demos_ws/install/rmf_demos_gz:/rmf_demos_ws/install/rmf_demos:/rmf_demos_ws/install/rmf_reservation_node:/rmf_demos_ws/install/rmf_fleet_adapter_python:/rmf_demos_ws/install/rmf_fleet_adapter:/rmf_demos_ws/install/rmf_task_ros2:/rmf_demos_ws/install/rmf_websocket:/rmf_demos_ws/install/rmf_visualization:/rmf_demos_ws/install/rmf_visualization_schedule:/rmf_demos_ws/install/rmf_visualization_rviz2_plugins:/rmf_demos_ws/install/rmf_visualization_obstacles:/rmf_demos_ws/install/rmf_visualization_navgraphs:/rmf_demos_ws/install/rmf_visualization_floorplans:/rmf_demos_ws/install/rmf_visualization_fleet_states:/rmf_demos_ws/install/rmf_visualization_msgs:/rmf_demos_ws/install/rmf_traffic_ros2:/rmf_demos_ws/install/rmf_task_sequence:/rmf_demos_ws/install/rmf_task:/rmf_demos_ws/install/rmf_battery:/rmf_demos_ws/install/rmf_traffic:/rmf_demos_ws/install/rmf_utils:/rmf_demos_ws/install/rmf_traffic_msgs:/rmf_demos_ws/install/rmf_traffic_editor_test_maps:/rmf_demos_ws/install/rmf_traffic_editor_assets:/rmf_demos_ws/install/rmf_traffic_editor:/rmf_demos_ws/install/rmf_task_msgs:/rmf_demos_ws/install/rmf_site_map_msgs:/rmf_demos_ws/install/rmf_scheduler_msgs:/rmf_demos_ws/install/rmf_robot_sim_gz_plugins:/rmf_demos_ws/install/rmf_robot_sim_common:/rmf_demos_ws/install/rmf_reservation_msgs:/rmf_demos_ws/install/rmf_obstacle_msgs:/rmf_demos_ws/install/rmf_building_sim_gz_plugins:/rmf_demos_ws/install/rmf_lift_msgs:/rmf_demos_ws/install/rmf_ingestor_msgs:/rmf_demos_ws/install/rmf_fleet_msgs:/rmf_demos_ws/install/rmf_door_msgs:/rmf_demos_ws/install/rmf_dispenser_msgs:/rmf_demos_ws/install/rmf_demos_maps:/rmf_demos_ws/install/rmf_demos_assets:/rmf_demos_ws/install/rmf_charger_msgs:/rmf_demos_ws/install/rmf_building_map_msgs:/rmf_demos_ws/install/rmf_api_msgs:/rmf_demos_ws/install/nlohmann_json_schema_validator_vendor:/rmf_demos_ws/install/rmf_demos_fleet_adapter:/rmf_demos_ws/install/rmf_visualization_building_systems:/rmf_demos_ws/install/rmf_traffic_examples:/rmf_demos_ws/install/rmf_demos_bridges:/rmf_demos_ws/install/rmf_demos_tasks:/rmf_demos_ws/install/rmf_building_map_tools:/rmf_demos_ws/install/rmf_charging_schedule:/opt/ros/jazzy:/rmf_demos_ws/install/menge_vendor:/rmf_demos_ws/install/ament_cmake_catch2:/opt/ros/jazzy/opt/gz_sim_vendor:/opt/ros/jazzy/opt/gz_sensors_vendor:/opt/ros/jazzy/opt/gz_physics_vendor:/opt/ros/jazzy/opt/sdformat_vendor:/opt/ros/jazzy/opt/gz_gui_vendor:/opt/ros/jazzy/opt/gz_transport_vendor:/opt/ros/jazzy/opt/gz_rendering_vendor:/opt/ros/jazzy/opt/gz_plugin_vendor:/opt/ros/jazzy/opt/gz_fuel_tools_vendor:/opt/ros/jazzy/opt/gz_msgs_vendor:/opt/ros/jazzy/opt/gz_common_vendor:/opt/ros/jazzy/opt/gz_math_vendor:/opt/ros/jazzy/opt/gz_utils_vendor:/opt/ros/jazzy/opt/gz_tools_vendor:/opt/ros/jazzy/opt/gz_ogre_next_vendor:/opt/ros/jazzy/opt/gz_dartsim_vendor:/opt/ros/jazzy/opt/gz_cmake_vendor /usr/bin/cmake --build /home/maria/rmf_ws/build/project_assets -- -j8 -l8
[4.576s] Invoking command in '/home/maria/rmf_ws/build/project_assets': CMAKE_PREFIX_PATH=/rmf_demos_ws/install/rmf_workcell_msgs:/rmf_demos_ws/install/rmf_demos_gz:/rmf_demos_ws/install/rmf_demos:/rmf_demos_ws/install/rmf_reservation_node:/rmf_demos_ws/install/rmf_fleet_adapter_python:/rmf_demos_ws/install/rmf_fleet_adapter:/rmf_demos_ws/install/rmf_task_ros2:/rmf_demos_ws/install/rmf_websocket:/rmf_demos_ws/install/rmf_visualization:/rmf_demos_ws/install/rmf_visualization_schedule:/rmf_demos_ws/install/rmf_visualization_rviz2_plugins:/rmf_demos_ws/install/rmf_visualization_obstacles:/rmf_demos_ws/install/rmf_visualization_navgraphs:/rmf_demos_ws/install/rmf_visualization_floorplans:/rmf_demos_ws/install/rmf_visualization_fleet_states:/rmf_demos_ws/install/rmf_visualization_msgs:/rmf_demos_ws/install/rmf_traffic_ros2:/rmf_demos_ws/install/rmf_task_sequence:/rmf_demos_ws/install/rmf_task:/rmf_demos_ws/install/rmf_battery:/rmf_demos_ws/install/rmf_traffic:/rmf_demos_ws/install/rmf_utils:/rmf_demos_ws/install/rmf_traffic_msgs:/rmf_demos_ws/install/rmf_traffic_editor_test_maps:/rmf_demos_ws/install/rmf_traffic_editor_assets:/rmf_demos_ws/install/rmf_traffic_editor:/rmf_demos_ws/install/rmf_task_msgs:/rmf_demos_ws/install/rmf_site_map_msgs:/rmf_demos_ws/install/rmf_scheduler_msgs:/rmf_demos_ws/install/rmf_robot_sim_gz_plugins:/rmf_demos_ws/install/rmf_robot_sim_common:/rmf_demos_ws/install/rmf_reservation_msgs:/rmf_demos_ws/install/rmf_obstacle_msgs:/rmf_demos_ws/install/rmf_building_sim_gz_plugins:/rmf_demos_ws/install/rmf_lift_msgs:/rmf_demos_ws/install/rmf_ingestor_msgs:/rmf_demos_ws/install/rmf_fleet_msgs:/rmf_demos_ws/install/rmf_door_msgs:/rmf_demos_ws/install/rmf_dispenser_msgs:/rmf_demos_ws/install/rmf_demos_maps:/rmf_demos_ws/install/rmf_demos_assets:/rmf_demos_ws/install/rmf_charger_msgs:/rmf_demos_ws/install/rmf_building_map_msgs:/rmf_demos_ws/install/rmf_api_msgs:/rmf_demos_ws/install/nlohmann_json_schema_validator_vendor:/rmf_demos_ws/install/rmf_demos_fleet_adapter:/rmf_demos_ws/install/rmf_visualization_building_systems:/rmf_demos_ws/install/rmf_traffic_examples:/rmf_demos_ws/install/rmf_demos_bridges:/rmf_demos_ws/install/rmf_demos_tasks:/rmf_demos_ws/install/rmf_building_map_tools:/rmf_demos_ws/install/rmf_charging_schedule:/opt/ros/jazzy:/rmf_demos_ws/install/menge_vendor:/rmf_demos_ws/install/ament_cmake_catch2:/opt/ros/jazzy/opt/gz_sim_vendor:/opt/ros/jazzy/opt/gz_sensors_vendor:/opt/ros/jazzy/opt/gz_physics_vendor:/opt/ros/jazzy/opt/sdformat_vendor:/opt/ros/jazzy/opt/gz_gui_vendor:/opt/ros/jazzy/opt/gz_transport_vendor:/opt/ros/jazzy/opt/gz_rendering_vendor:/opt/ros/jazzy/opt/gz_plugin_vendor:/opt/ros/jazzy/opt/gz_fuel_tools_vendor:/opt/ros/jazzy/opt/gz_msgs_vendor:/opt/ros/jazzy/opt/gz_common_vendor:/opt/ros/jazzy/opt/gz_math_vendor:/opt/ros/jazzy/opt/gz_utils_vendor:/opt/ros/jazzy/opt/gz_tools_vendor:/opt/ros/jazzy/opt/gz_ogre_next_vendor:/opt/ros/jazzy/opt/gz_dartsim_vendor:/opt/ros/jazzy/opt/gz_cmake_vendor /usr/bin/cmake --install /home/maria/rmf_ws/build/project_assets
[6.456s] -- Install configuration: ""
[6.456s] -- Execute custom install script
[6.456s] -- Symlinking: /home/maria/rmf_ws/install/project_assets/share/project_assets/environment/project_assets.dsv
[6.457s] -- Symlinking: /home/maria/rmf_ws/install/project_assets/share/project_assets/models/Caddy/materials/scripts/polaris.material
[6.457s] -- Symlinking: /home/maria/rmf_ws/install/project_assets/share/project_assets/models/Caddy/materials/textures/FNR_switch_F.png
[6.457s] -- Symlinking: /home/maria/rmf_ws/install/project_assets/share/project_assets/models/Caddy/materials/textures/FNR_switch_R.png
[6.457s] -- Symlinking: /home/maria/rmf_ws/install/project_assets/share/project_assets/models/Caddy/materials/textures/Ranger_Diffuse.png
[6.457s] -- Symlinking: /home/maria/rmf_ws/install/project_assets/share/project_assets/models/Caddy/materials/textures/Ranger_Spec.png
[6.457s] -- Symlinking: /home/maria/rmf_ws/install/project_assets/share/project_assets/models/Caddy/meshes/polaris.dae
[6.457s] -- Symlinking: /home/maria/rmf_ws/install/project_assets/share/project_assets/models/Caddy/model-1_3.sdf
[6.457s] -- Symlinking: /home/maria/rmf_ws/install/project_assets/share/project_assets/models/Caddy/model-1_4.sdf
[6.458s] -- Symlinking: /home/maria/rmf_ws/install/project_assets/share/project_assets/models/Caddy/model.config
[6.458s] -- Symlinking: /home/maria/rmf_ws/install/project_assets/share/project_assets/models/Caddy/model.sdf
[6.458s] -- Symlinking: /home/maria/rmf_ws/install/project_assets/share/project_assets/models/CleanerBotA/meshes/CleanerBotA.mtl
[6.458s] -- Symlinking: /home/maria/rmf_ws/install/project_assets/share/project_assets/models/CleanerBotA/meshes/CleanerBotA.obj
[6.458s] -- Symlinking: /home/maria/rmf_ws/install/project_assets/share/project_assets/models/CleanerBotA/meshes/CleanerBotA_Diffuse.png
[6.458s] -- Symlinking: /home/maria/rmf_ws/install/project_assets/share/project_assets/models/CleanerBotA/meshes/CleanerBotA_WheelBack.mtl
[6.458s] -- Symlinking: /home/maria/rmf_ws/install/project_assets/share/project_assets/models/CleanerBotA/meshes/CleanerBotA_WheelBack.obj
[6.458s] -- Symlinking: /home/maria/rmf_ws/install/project_assets/share/project_assets/models/CleanerBotA/meshes/CleanerBotA_WheelFront.mtl
[6.458s] -- Symlinking: /home/maria/rmf_ws/install/project_assets/share/project_assets/models/CleanerBotA/meshes/CleanerBotA_WheelFront.obj
[6.459s] -- Symlinking: /home/maria/rmf_ws/install/project_assets/share/project_assets/models/CleanerBotA/model.config
[6.459s] -- Symlinking: /home/maria/rmf_ws/install/project_assets/share/project_assets/models/CleanerBotA/model.sdf
[6.459s] -- Symlinking: /home/maria/rmf_ws/install/project_assets/share/project_assets/models/CleanerBotE/meshes/CleanerBotE.mtl
[6.459s] -- Symlinking: /home/maria/rmf_ws/install/project_assets/share/project_assets/models/CleanerBotE/meshes/CleanerBotE.obj
[6.459s] -- Symlinking: /home/maria/rmf_ws/install/project_assets/share/project_assets/models/CleanerBotE/meshes/CleanerBotE_Col.mtl
[6.459s] -- Symlinking: /home/maria/rmf_ws/install/project_assets/share/project_assets/models/CleanerBotE/meshes/CleanerBotE_Col.obj
[6.459s] -- Symlinking: /home/maria/rmf_ws/install/project_assets/share/project_assets/models/CleanerBotE/meshes/CleanerBotE_Diffuse.png
[6.459s] -- Symlinking: /home/maria/rmf_ws/install/project_assets/share/project_assets/models/CleanerBotE/meshes/CleanerBotE_Wheel.mtl
[6.460s] -- Symlinking: /home/maria/rmf_ws/install/project_assets/share/project_assets/models/CleanerBotE/meshes/CleanerBotE_Wheel.obj
[6.460s] -- Symlinking: /home/maria/rmf_ws/install/project_assets/share/project_assets/models/CleanerBotE/model.config
[6.467s] -- Symlinking: /home/maria/rmf_ws/install/project_assets/share/project_assets/models/CleanerBotE/model.sdf
[6.467s] -- Symlinking: /home/maria/rmf_ws/install/project_assets/share/project_assets/models/DeliveryRobot/meshes/DeliveryRobot_Diffuse.png
[6.468s] -- Symlinking: /home/maria/rmf_ws/install/project_assets/share/project_assets/models/DeliveryRobot/meshes/WheelMain.mtl
[6.468s] -- Symlinking: /home/maria/rmf_ws/install/project_assets/share/project_assets/models/DeliveryRobot/meshes/WheelMain.obj
[6.468s] -- Symlinking: /home/maria/rmf_ws/install/project_assets/share/project_assets/models/DeliveryRobot/meshes/WheelSide.mtl
[6.468s] -- Symlinking: /home/maria/rmf_ws/install/project_assets/share/project_assets/models/DeliveryRobot/meshes/WheelSide.obj
[6.468s] -- Symlinking: /home/maria/rmf_ws/install/project_assets/share/project_assets/models/DeliveryRobot/meshes/body.mtl
[6.468s] -- Symlinking: /home/maria/rmf_ws/install/project_assets/share/project_assets/models/DeliveryRobot/meshes/body.obj
[6.468s] -- Symlinking: /home/maria/rmf_ws/install/project_assets/share/project_assets/models/DeliveryRobot/model.config
[6.469s] -- Symlinking: /home/maria/rmf_ws/install/project_assets/share/project_assets/models/DeliveryRobot/model.sdf
[6.469s] -- Symlinking: /home/maria/rmf_ws/install/project_assets/share/project_assets/models/HospitalRobot/meshes/FatWheel.mtl
[6.469s] -- Symlinking: /home/maria/rmf_ws/install/project_assets/share/project_assets/models/HospitalRobot/meshes/FatWheel.obj
[6.469s] -- Symlinking: /home/maria/rmf_ws/install/project_assets/share/project_assets/models/HospitalRobot/meshes/HospitalRobot.mtl
[6.469s] -- Symlinking: /home/maria/rmf_ws/install/project_assets/share/project_assets/models/HospitalRobot/meshes/HospitalRobot.obj
[6.469s] -- Symlinking: /home/maria/rmf_ws/install/project_assets/share/project_assets/models/HospitalRobot/meshes/HospitalRobot_Diffuse.png
[6.469s] -- Symlinking: /home/maria/rmf_ws/install/project_assets/share/project_assets/models/HospitalRobot/meshes/SmallWheel.mtl
[6.469s] -- Symlinking: /home/maria/rmf_ws/install/project_assets/share/project_assets/models/HospitalRobot/meshes/SmallWheel.obj
[6.469s] -- Symlinking: /home/maria/rmf_ws/install/project_assets/share/project_assets/models/HospitalRobot/model.config
[6.470s] -- Symlinking: /home/maria/rmf_ws/install/project_assets/share/project_assets/models/HospitalRobot/model.sdf
[6.470s] -- Symlinking: /home/maria/rmf_ws/install/project_assets/share/project_assets/models/HospitalRobot/thumbnails/1.png
[6.470s] -- Symlinking: /home/maria/rmf_ws/install/project_assets/share/project_assets/models/HospitalRobot/thumbnails/2.png
[6.476s] -- Symlinking: /home/maria/rmf_ws/install/project_assets/share/project_assets/models/HospitalRobot/thumbnails/3.png
[6.476s] -- Symlinking: /home/maria/rmf_ws/install/project_assets/share/project_assets/models/HospitalRobot/thumbnails/4.png
[6.477s] -- Symlinking: /home/maria/rmf_ws/install/project_assets/share/project_assets/models/HospitalRobot/thumbnails/5.png
[6.481s] -- Symlinking: /home/maria/rmf_ws/install/project_assets/share/project_assets/models/RobotPlaceholder/model.config
[6.502s] -- Symlinking: /home/maria/rmf_ws/install/project_assets/share/project_assets/models/RobotPlaceholder/model.sdf
[6.531s] -- Symlinking: /home/maria/rmf_ws/install/project_assets/share/project_assets/models/Sofa/meshes/Sofa.mtl
[6.557s] -- Symlinking: /home/maria/rmf_ws/install/project_assets/share/project_assets/models/Sofa/meshes/Sofa.obj
[6.596s] -- Symlinking: /home/maria/rmf_ws/install/project_assets/share/project_assets/models/Sofa/meshes/SofaDiffuse.png
[6.653s] -- Symlinking: /home/maria/rmf_ws/install/project_assets/share/project_assets/models/Sofa/model.config
[6.696s] -- Symlinking: /home/maria/rmf_ws/install/project_assets/share/project_assets/models/Sofa/model.sdf
[6.728s] -- Symlinking: /home/maria/rmf_ws/install/project_assets/share/project_assets/models/Sofa/thumbnails/1.png
[6.753s] -- Symlinking: /home/maria/rmf_ws/install/project_assets/share/project_assets/models/Sofa/thumbnails/2.png
[6.780s] -- Symlinking: /home/maria/rmf_ws/install/project_assets/share/project_assets/models/Sofa/thumbnails/3.png
[6.817s] -- Symlinking: /home/maria/rmf_ws/install/project_assets/share/project_assets/models/Sofa/thumbnails/4.png
[6.850s] -- Symlinking: /home/maria/rmf_ws/install/project_assets/share/project_assets/models/Sofa/thumbnails/5.png
[6.875s] -- Symlinking: /home/maria/rmf_ws/install/project_assets/share/project_assets/models/TeleportDispenser/model.config
[6.894s] -- Symlinking: /home/maria/rmf_ws/install/project_assets/share/project_assets/models/TeleportDispenser/model.sdf
[6.931s] -- Symlinking: /home/maria/rmf_ws/install/project_assets/share/project_assets/models/TeleportIngestor/model.config
[6.957s] -- Symlinking: /home/maria/rmf_ws/install/project_assets/share/project_assets/models/TeleportIngestor/model.sdf
[6.980s] -- Symlinking: /home/maria/rmf_ws/install/project_assets/share/project_assets/models/TinyRobot/meshes/caster_wheel.dae
[7.003s] -- Symlinking: /home/maria/rmf_ws/install/project_assets/share/project_assets/models/TinyRobot/meshes/front_wheel.dae
[7.026s] -- Symlinking: /home/maria/rmf_ws/install/project_assets/share/project_assets/models/TinyRobot/meshes/sensors/raspi_camera.dae
[7.053s] -- Symlinking: /home/maria/rmf_ws/install/project_assets/share/project_assets/models/TinyRobot/meshes/sensors/sonar_hc-sr04.dae
[7.083s] -- Symlinking: /home/maria/rmf_ws/install/project_assets/share/project_assets/models/TinyRobot/meshes/tinyRobot_body.dae
[7.112s] -- Symlinking: /home/maria/rmf_ws/install/project_assets/share/project_assets/models/TinyRobot/model.config
[7.136s] -- Symlinking: /home/maria/rmf_ws/install/project_assets/share/project_assets/models/TinyRobot/model.sdf
[7.162s] -- Symlinking: /home/maria/rmf_ws/install/project_assets/share/ament_index/resource_index/package_run_dependencies/project_assets
[7.185s] -- Symlinking: /home/maria/rmf_ws/install/project_assets/share/ament_index/resource_index/parent_prefix_path/project_assets
[7.210s] -- Symlinking: /home/maria/rmf_ws/install/project_assets/share/project_assets/environment/ament_prefix_path.sh
[7.233s] -- Symlinking: /home/maria/rmf_ws/install/project_assets/share/project_assets/environment/ament_prefix_path.dsv
[7.257s] -- Symlinking: /home/maria/rmf_ws/install/project_assets/share/project_assets/environment/path.sh
[7.283s] -- Symlinking: /home/maria/rmf_ws/install/project_assets/share/project_assets/environment/path.dsv
[7.324s] -- Symlinking: /home/maria/rmf_ws/install/project_assets/share/project_assets/local_setup.bash
[7.351s] -- Symlinking: /home/maria/rmf_ws/install/project_assets/share/project_assets/local_setup.sh
[7.377s] -- Symlinking: /home/maria/rmf_ws/install/project_assets/share/project_assets/local_setup.zsh
[7.402s] -- Symlinking: /home/maria/rmf_ws/install/project_assets/share/project_assets/local_setup.dsv
[7.429s] -- Symlinking: /home/maria/rmf_ws/install/project_assets/share/project_assets/package.dsv
[7.453s] -- Symlinking: /home/maria/rmf_ws/install/project_assets/share/ament_index/resource_index/packages/project_assets
[7.475s] -- Symlinking: /home/maria/rmf_ws/install/project_assets/share/project_assets/cmake/project_assetsConfig.cmake
[7.498s] -- Symlinking: /home/maria/rmf_ws/install/project_assets/share/project_assets/cmake/project_assetsConfig-version.cmake
[7.527s] -- Symlinking: /home/maria/rmf_ws/install/project_assets/share/project_assets/package.xml
[7.559s] Invoked command in '/home/maria/rmf_ws/build/project_assets' returned '0': CMAKE_PREFIX_PATH=/rmf_demos_ws/install/rmf_workcell_msgs:/rmf_demos_ws/install/rmf_demos_gz:/rmf_demos_ws/install/rmf_demos:/rmf_demos_ws/install/rmf_reservation_node:/rmf_demos_ws/install/rmf_fleet_adapter_python:/rmf_demos_ws/install/rmf_fleet_adapter:/rmf_demos_ws/install/rmf_task_ros2:/rmf_demos_ws/install/rmf_websocket:/rmf_demos_ws/install/rmf_visualization:/rmf_demos_ws/install/rmf_visualization_schedule:/rmf_demos_ws/install/rmf_visualization_rviz2_plugins:/rmf_demos_ws/install/rmf_visualization_obstacles:/rmf_demos_ws/install/rmf_visualization_navgraphs:/rmf_demos_ws/install/rmf_visualization_floorplans:/rmf_demos_ws/install/rmf_visualization_fleet_states:/rmf_demos_ws/install/rmf_visualization_msgs:/rmf_demos_ws/install/rmf_traffic_ros2:/rmf_demos_ws/install/rmf_task_sequence:/rmf_demos_ws/install/rmf_task:/rmf_demos_ws/install/rmf_battery:/rmf_demos_ws/install/rmf_traffic:/rmf_demos_ws/install/rmf_utils:/rmf_demos_ws/install/rmf_traffic_msgs:/rmf_demos_ws/install/rmf_traffic_editor_test_maps:/rmf_demos_ws/install/rmf_traffic_editor_assets:/rmf_demos_ws/install/rmf_traffic_editor:/rmf_demos_ws/install/rmf_task_msgs:/rmf_demos_ws/install/rmf_site_map_msgs:/rmf_demos_ws/install/rmf_scheduler_msgs:/rmf_demos_ws/install/rmf_robot_sim_gz_plugins:/rmf_demos_ws/install/rmf_robot_sim_common:/rmf_demos_ws/install/rmf_reservation_msgs:/rmf_demos_ws/install/rmf_obstacle_msgs:/rmf_demos_ws/install/rmf_building_sim_gz_plugins:/rmf_demos_ws/install/rmf_lift_msgs:/rmf_demos_ws/install/rmf_ingestor_msgs:/rmf_demos_ws/install/rmf_fleet_msgs:/rmf_demos_ws/install/rmf_door_msgs:/rmf_demos_ws/install/rmf_dispenser_msgs:/rmf_demos_ws/install/rmf_demos_maps:/rmf_demos_ws/install/rmf_demos_assets:/rmf_demos_ws/install/rmf_charger_msgs:/rmf_demos_ws/install/rmf_building_map_msgs:/rmf_demos_ws/install/rmf_api_msgs:/rmf_demos_ws/install/nlohmann_json_schema_validator_vendor:/rmf_demos_ws/install/rmf_demos_fleet_adapter:/rmf_demos_ws/install/rmf_visualization_building_systems:/rmf_demos_ws/install/rmf_traffic_examples:/rmf_demos_ws/install/rmf_demos_bridges:/rmf_demos_ws/install/rmf_demos_tasks:/rmf_demos_ws/install/rmf_building_map_tools:/rmf_demos_ws/install/rmf_charging_schedule:/opt/ros/jazzy:/rmf_demos_ws/install/menge_vendor:/rmf_demos_ws/install/ament_cmake_catch2:/opt/ros/jazzy/opt/gz_sim_vendor:/opt/ros/jazzy/opt/gz_sensors_vendor:/opt/ros/jazzy/opt/gz_physics_vendor:/opt/ros/jazzy/opt/sdformat_vendor:/opt/ros/jazzy/opt/gz_gui_vendor:/opt/ros/jazzy/opt/gz_transport_vendor:/opt/ros/jazzy/opt/gz_rendering_vendor:/opt/ros/jazzy/opt/gz_plugin_vendor:/opt/ros/jazzy/opt/gz_fuel_tools_vendor:/opt/ros/jazzy/opt/gz_msgs_vendor:/opt/ros/jazzy/opt/gz_common_vendor:/opt/ros/jazzy/opt/gz_math_vendor:/opt/ros/jazzy/opt/gz_utils_vendor:/opt/ros/jazzy/opt/gz_tools_vendor:/opt/ros/jazzy/opt/gz_ogre_next_vendor:/opt/ros/jazzy/opt/gz_dartsim_vendor:/opt/ros/jazzy/opt/gz_cmake_vendor /usr/bin/cmake --install /home/maria/rmf_ws/build/project_assets
