[0.076s] DEBUG:colcon:Command line arguments: ['/usr/bin/colcon', 'build', '--symlink-install', '--packages-select', 'project_maps', 'large_project', '--cmake-force-configure', '--cmake-clean-cache']
[0.076s] DEBUG:colcon:Parsed command line arguments: Namespace(log_base=None, log_level=None, verb_name='build', build_base='build', install_base='install', merge_install=False, symlink_install=True, test_result_base=None, continue_on_error=False, executor='parallel', parallel_workers=8, event_handlers=None, ignore_user_meta=False, metas=['./colcon.meta'], base_paths=['.'], packages_ignore=None, packages_ignore_regex=None, paths=None, packages_up_to=None, packages_up_to_regex=None, packages_above=None, packages_above_and_dependencies=None, packages_above_depth=None, packages_select_by_dep=None, packages_skip_by_dep=None, packages_skip_up_to=None, packages_select_build_failed=False, packages_skip_build_finished=False, packages_select_test_failures=False, packages_skip_test_passed=False, packages_select=['project_maps', 'large_project'], packages_skip=None, packages_select_regex=None, packages_skip_regex=None, packages_start=None, packages_end=None, allow_overriding=[], cmake_args=None, cmake_target=None, cmake_target_skip_unavailable=False, cmake_clean_cache=True, cmake_clean_first=False, cmake_force_configure=True, ament_cmake_args=None, catkin_cmake_args=None, catkin_skip_building_tests=False, mixin_files=None, mixin=None, verb_parser=<colcon_mixin.mixin.mixin_argument.MixinArgumentDecorator object at 0x75639efb1900>, verb_extension=<colcon_core.verb.build.BuildVerb object at 0x75639efb1330>, main=<bound method BuildVerb.main of <colcon_core.verb.build.BuildVerb object at 0x75639efb1330>>, mixin_verb=('build',))
[0.227s] Level 1:colcon.colcon_core.package_discovery:discover_packages(colcon_meta) check parameters
[0.227s] Level 1:colcon.colcon_core.package_discovery:discover_packages(recursive) check parameters
[0.227s] Level 1:colcon.colcon_core.package_discovery:discover_packages(ignore) check parameters
[0.227s] Level 1:colcon.colcon_core.package_discovery:discover_packages(path) check parameters
[0.227s] Level 1:colcon.colcon_core.package_discovery:discover_packages(colcon_meta) discover
[0.227s] Level 1:colcon.colcon_core.package_discovery:discover_packages(recursive) discover
[0.228s] INFO:colcon.colcon_core.package_discovery:Crawling recursively for packages in '/home/maria/Documentos/GitHub/IR2134/rmf_ws'
[0.228s] Level 1:colcon.colcon_core.package_identification:_identify(.) by extensions ['ignore', 'ignore_ament_install']
[0.228s] Level 1:colcon.colcon_core.package_identification:_identify(.) by extension 'ignore'
[0.228s] Level 1:colcon.colcon_core.package_identification:_identify(.) by extension 'ignore_ament_install'
[0.228s] Level 1:colcon.colcon_core.package_identification:_identify(.) by extensions ['colcon_pkg']
[0.228s] Level 1:colcon.colcon_core.package_identification:_identify(.) by extension 'colcon_pkg'
[0.228s] Level 1:colcon.colcon_core.package_identification:_identify(.) by extensions ['colcon_meta']
[0.228s] Level 1:colcon.colcon_core.package_identification:_identify(.) by extension 'colcon_meta'
[0.228s] Level 1:colcon.colcon_core.package_identification:_identify(.) by extensions ['ros']
[0.228s] Level 1:colcon.colcon_core.package_identification:_identify(.) by extension 'ros'
[0.241s] Level 1:colcon.colcon_core.package_identification:_identify(.) by extensions ['cmake', 'python']
[0.241s] Level 1:colcon.colcon_core.package_identification:_identify(.) by extension 'cmake'
[0.241s] Level 1:colcon.colcon_core.package_identification:_identify(.) by extension 'python'
[0.241s] Level 1:colcon.colcon_core.package_identification:_identify(.) by extensions ['python_setup_py']
[0.241s] Level 1:colcon.colcon_core.package_identification:_identify(.) by extension 'python_setup_py'
[0.241s] Level 1:colcon.colcon_core.package_identification:_identify(build) by extensions ['ignore', 'ignore_ament_install']
[0.241s] Level 1:colcon.colcon_core.package_identification:_identify(build) by extension 'ignore'
[0.241s] Level 1:colcon.colcon_core.package_identification:_identify(build) ignored
[0.241s] Level 1:colcon.colcon_core.package_identification:_identify(install) by extensions ['ignore', 'ignore_ament_install']
[0.241s] Level 1:colcon.colcon_core.package_identification:_identify(install) by extension 'ignore'
[0.242s] Level 1:colcon.colcon_core.package_identification:_identify(install) ignored
[0.242s] Level 1:colcon.colcon_core.package_identification:_identify(log) by extensions ['ignore', 'ignore_ament_install']
[0.242s] Level 1:colcon.colcon_core.package_identification:_identify(log) by extension 'ignore'
[0.242s] Level 1:colcon.colcon_core.package_identification:_identify(log) ignored
[0.242s] Level 1:colcon.colcon_core.package_identification:_identify(src) by extensions ['ignore', 'ignore_ament_install']
[0.242s] Level 1:colcon.colcon_core.package_identification:_identify(src) by extension 'ignore'
[0.242s] Level 1:colcon.colcon_core.package_identification:_identify(src) by extension 'ignore_ament_install'
[0.242s] Level 1:colcon.colcon_core.package_identification:_identify(src) by extensions ['colcon_pkg']
[0.242s] Level 1:colcon.colcon_core.package_identification:_identify(src) by extension 'colcon_pkg'
[0.242s] Level 1:colcon.colcon_core.package_identification:_identify(src) by extensions ['colcon_meta']
[0.242s] Level 1:colcon.colcon_core.package_identification:_identify(src) by extension 'colcon_meta'
[0.242s] Level 1:colcon.colcon_core.package_identification:_identify(src) by extensions ['ros']
[0.242s] Level 1:colcon.colcon_core.package_identification:_identify(src) by extension 'ros'
[0.242s] Level 1:colcon.colcon_core.package_identification:_identify(src) by extensions ['cmake', 'python']
[0.242s] Level 1:colcon.colcon_core.package_identification:_identify(src) by extension 'cmake'
[0.242s] Level 1:colcon.colcon_core.package_identification:_identify(src) by extension 'python'
[0.242s] Level 1:colcon.colcon_core.package_identification:_identify(src) by extensions ['python_setup_py']
[0.242s] Level 1:colcon.colcon_core.package_identification:_identify(src) by extension 'python_setup_py'
[0.242s] Level 1:colcon.colcon_core.package_identification:_identify(src/first_project) by extensions ['ignore', 'ignore_ament_install']
[0.242s] Level 1:colcon.colcon_core.package_identification:_identify(src/first_project) by extension 'ignore'
[0.242s] Level 1:colcon.colcon_core.package_identification:_identify(src/first_project) by extension 'ignore_ament_install'
[0.242s] Level 1:colcon.colcon_core.package_identification:_identify(src/first_project) by extensions ['colcon_pkg']
[0.242s] Level 1:colcon.colcon_core.package_identification:_identify(src/first_project) by extension 'colcon_pkg'
[0.242s] Level 1:colcon.colcon_core.package_identification:_identify(src/first_project) by extensions ['colcon_meta']
[0.242s] Level 1:colcon.colcon_core.package_identification:_identify(src/first_project) by extension 'colcon_meta'
[0.242s] Level 1:colcon.colcon_core.package_identification:_identify(src/first_project) by extensions ['ros']
[0.242s] Level 1:colcon.colcon_core.package_identification:_identify(src/first_project) by extension 'ros'
[0.244s] DEBUG:colcon.colcon_core.package_identification:Package 'src/first_project' with type 'ros.ament_cmake' and name 'first_project'
[0.244s] Level 1:colcon.colcon_core.package_identification:_identify(src/large_project) by extensions ['ignore', 'ignore_ament_install']
[0.244s] Level 1:colcon.colcon_core.package_identification:_identify(src/large_project) by extension 'ignore'
[0.244s] Level 1:colcon.colcon_core.package_identification:_identify(src/large_project) by extension 'ignore_ament_install'
[0.244s] Level 1:colcon.colcon_core.package_identification:_identify(src/large_project) by extensions ['colcon_pkg']
[0.244s] Level 1:colcon.colcon_core.package_identification:_identify(src/large_project) by extension 'colcon_pkg'
[0.244s] Level 1:colcon.colcon_core.package_identification:_identify(src/large_project) by extensions ['colcon_meta']
[0.244s] Level 1:colcon.colcon_core.package_identification:_identify(src/large_project) by extension 'colcon_meta'
[0.244s] Level 1:colcon.colcon_core.package_identification:_identify(src/large_project) by extensions ['ros']
[0.244s] Level 1:colcon.colcon_core.package_identification:_identify(src/large_project) by extension 'ros'
[0.245s] DEBUG:colcon.colcon_core.package_identification:Package 'src/large_project' with type 'ros.ament_cmake' and name 'large_project'
[0.245s] Level 1:colcon.colcon_core.package_identification:_identify(src/project) by extensions ['ignore', 'ignore_ament_install']
[0.245s] Level 1:colcon.colcon_core.package_identification:_identify(src/project) by extension 'ignore'
[0.245s] Level 1:colcon.colcon_core.package_identification:_identify(src/project) by extension 'ignore_ament_install'
[0.245s] Level 1:colcon.colcon_core.package_identification:_identify(src/project) by extensions ['colcon_pkg']
[0.245s] Level 1:colcon.colcon_core.package_identification:_identify(src/project) by extension 'colcon_pkg'
[0.245s] Level 1:colcon.colcon_core.package_identification:_identify(src/project) by extensions ['colcon_meta']
[0.245s] Level 1:colcon.colcon_core.package_identification:_identify(src/project) by extension 'colcon_meta'
[0.245s] Level 1:colcon.colcon_core.package_identification:_identify(src/project) by extensions ['ros']
[0.245s] Level 1:colcon.colcon_core.package_identification:_identify(src/project) by extension 'ros'
[0.245s] Level 1:colcon.colcon_core.package_identification:_identify(src/project) by extensions ['cmake', 'python']
[0.245s] Level 1:colcon.colcon_core.package_identification:_identify(src/project) by extension 'cmake'
[0.245s] Level 1:colcon.colcon_core.package_identification:_identify(src/project) by extension 'python'
[0.245s] Level 1:colcon.colcon_core.package_identification:_identify(src/project) by extensions ['python_setup_py']
[0.245s] Level 1:colcon.colcon_core.package_identification:_identify(src/project) by extension 'python_setup_py'
[0.245s] Level 1:colcon.colcon_core.package_identification:_identify(src/project/project_assets) by extensions ['ignore', 'ignore_ament_install']
[0.245s] Level 1:colcon.colcon_core.package_identification:_identify(src/project/project_assets) by extension 'ignore'
[0.245s] Level 1:colcon.colcon_core.package_identification:_identify(src/project/project_assets) by extension 'ignore_ament_install'
[0.245s] Level 1:colcon.colcon_core.package_identification:_identify(src/project/project_assets) by extensions ['colcon_pkg']
[0.245s] Level 1:colcon.colcon_core.package_identification:_identify(src/project/project_assets) by extension 'colcon_pkg'
[0.245s] Level 1:colcon.colcon_core.package_identification:_identify(src/project/project_assets) by extensions ['colcon_meta']
[0.245s] Level 1:colcon.colcon_core.package_identification:_identify(src/project/project_assets) by extension 'colcon_meta'
[0.245s] Level 1:colcon.colcon_core.package_identification:_identify(src/project/project_assets) by extensions ['ros']
[0.245s] Level 1:colcon.colcon_core.package_identification:_identify(src/project/project_assets) by extension 'ros'
[0.246s] DEBUG:colcon.colcon_core.package_identification:Package 'src/project/project_assets' with type 'ros.ament_cmake' and name 'project_assets'
[0.246s] Level 1:colcon.colcon_core.package_identification:_identify(src/project/project_config) by extensions ['ignore', 'ignore_ament_install']
[0.246s] Level 1:colcon.colcon_core.package_identification:_identify(src/project/project_config) by extension 'ignore'
[0.246s] Level 1:colcon.colcon_core.package_identification:_identify(src/project/project_config) by extension 'ignore_ament_install'
[0.246s] Level 1:colcon.colcon_core.package_identification:_identify(src/project/project_config) by extensions ['colcon_pkg']
[0.246s] Level 1:colcon.colcon_core.package_identification:_identify(src/project/project_config) by extension 'colcon_pkg'
[0.246s] Level 1:colcon.colcon_core.package_identification:_identify(src/project/project_config) by extensions ['colcon_meta']
[0.246s] Level 1:colcon.colcon_core.package_identification:_identify(src/project/project_config) by extension 'colcon_meta'
[0.246s] Level 1:colcon.colcon_core.package_identification:_identify(src/project/project_config) by extensions ['ros']
[0.246s] Level 1:colcon.colcon_core.package_identification:_identify(src/project/project_config) by extension 'ros'
[0.246s] DEBUG:colcon.colcon_core.package_identification:Package 'src/project/project_config' with type 'ros.ament_cmake' and name 'project_config'
[0.246s] Level 1:colcon.colcon_core.package_identification:_identify(src/project/project_fleet_adapter) by extensions ['ignore', 'ignore_ament_install']
[0.247s] Level 1:colcon.colcon_core.package_identification:_identify(src/project/project_fleet_adapter) by extension 'ignore'
[0.247s] Level 1:colcon.colcon_core.package_identification:_identify(src/project/project_fleet_adapter) by extension 'ignore_ament_install'
[0.247s] Level 1:colcon.colcon_core.package_identification:_identify(src/project/project_fleet_adapter) by extensions ['colcon_pkg']
[0.247s] Level 1:colcon.colcon_core.package_identification:_identify(src/project/project_fleet_adapter) by extension 'colcon_pkg'
[0.247s] Level 1:colcon.colcon_core.package_identification:_identify(src/project/project_fleet_adapter) by extensions ['colcon_meta']
[0.247s] Level 1:colcon.colcon_core.package_identification:_identify(src/project/project_fleet_adapter) by extension 'colcon_meta'
[0.247s] Level 1:colcon.colcon_core.package_identification:_identify(src/project/project_fleet_adapter) by extensions ['ros']
[0.247s] Level 1:colcon.colcon_core.package_identification:_identify(src/project/project_fleet_adapter) by extension 'ros'
[0.247s] DEBUG:colcon.colcon_core.package_identification:Package 'src/project/project_fleet_adapter' with type 'ros.ament_python' and name 'project_fleet_adapter'
[0.247s] Level 1:colcon.colcon_core.package_identification:_identify(src/project/project_maps) by extensions ['ignore', 'ignore_ament_install']
[0.247s] Level 1:colcon.colcon_core.package_identification:_identify(src/project/project_maps) by extension 'ignore'
[0.248s] Level 1:colcon.colcon_core.package_identification:_identify(src/project/project_maps) by extension 'ignore_ament_install'
[0.248s] Level 1:colcon.colcon_core.package_identification:_identify(src/project/project_maps) by extensions ['colcon_pkg']
[0.248s] Level 1:colcon.colcon_core.package_identification:_identify(src/project/project_maps) by extension 'colcon_pkg'
[0.248s] Level 1:colcon.colcon_core.package_identification:_identify(src/project/project_maps) by extensions ['colcon_meta']
[0.248s] Level 1:colcon.colcon_core.package_identification:_identify(src/project/project_maps) by extension 'colcon_meta'
[0.248s] Level 1:colcon.colcon_core.package_identification:_identify(src/project/project_maps) by extensions ['ros']
[0.248s] Level 1:colcon.colcon_core.package_identification:_identify(src/project/project_maps) by extension 'ros'
[0.248s] DEBUG:colcon.colcon_core.package_identification:Package 'src/project/project_maps' with type 'ros.ament_cmake' and name 'project_maps'
[0.248s] Level 1:colcon.colcon_core.package_identification:_identify(src/project/project_simulation) by extensions ['ignore', 'ignore_ament_install']
[0.248s] Level 1:colcon.colcon_core.package_identification:_identify(src/project/project_simulation) by extension 'ignore'
[0.248s] Level 1:colcon.colcon_core.package_identification:_identify(src/project/project_simulation) by extension 'ignore_ament_install'
[0.248s] Level 1:colcon.colcon_core.package_identification:_identify(src/project/project_simulation) by extensions ['colcon_pkg']
[0.248s] Level 1:colcon.colcon_core.package_identification:_identify(src/project/project_simulation) by extension 'colcon_pkg'
[0.248s] Level 1:colcon.colcon_core.package_identification:_identify(src/project/project_simulation) by extensions ['colcon_meta']
[0.248s] Level 1:colcon.colcon_core.package_identification:_identify(src/project/project_simulation) by extension 'colcon_meta'
[0.248s] Level 1:colcon.colcon_core.package_identification:_identify(src/project/project_simulation) by extensions ['ros']
[0.248s] Level 1:colcon.colcon_core.package_identification:_identify(src/project/project_simulation) by extension 'ros'
[0.249s] DEBUG:colcon.colcon_core.package_identification:Package 'src/project/project_simulation' with type 'ros.ament_cmake' and name 'project_simulation'
[0.249s] Level 1:colcon.colcon_core.package_identification:_identify(src/project/project_tasks) by extensions ['ignore', 'ignore_ament_install']
[0.249s] Level 1:colcon.colcon_core.package_identification:_identify(src/project/project_tasks) by extension 'ignore'
[0.249s] Level 1:colcon.colcon_core.package_identification:_identify(src/project/project_tasks) by extension 'ignore_ament_install'
[0.249s] Level 1:colcon.colcon_core.package_identification:_identify(src/project/project_tasks) by extensions ['colcon_pkg']
[0.249s] Level 1:colcon.colcon_core.package_identification:_identify(src/project/project_tasks) by extension 'colcon_pkg'
[0.249s] Level 1:colcon.colcon_core.package_identification:_identify(src/project/project_tasks) by extensions ['colcon_meta']
[0.249s] Level 1:colcon.colcon_core.package_identification:_identify(src/project/project_tasks) by extension 'colcon_meta'
[0.249s] Level 1:colcon.colcon_core.package_identification:_identify(src/project/project_tasks) by extensions ['ros']
[0.249s] Level 1:colcon.colcon_core.package_identification:_identify(src/project/project_tasks) by extension 'ros'
[0.249s] DEBUG:colcon.colcon_core.package_identification:Package 'src/project/project_tasks' with type 'ros.ament_python' and name 'project_tasks'
[0.249s] Level 1:colcon.colcon_core.package_identification:_identify(src/rmf_simulation) by extensions ['ignore', 'ignore_ament_install']
[0.249s] Level 1:colcon.colcon_core.package_identification:_identify(src/rmf_simulation) by extension 'ignore'
[0.249s] Level 1:colcon.colcon_core.package_identification:_identify(src/rmf_simulation) by extension 'ignore_ament_install'
[0.250s] Level 1:colcon.colcon_core.package_identification:_identify(src/rmf_simulation) by extensions ['colcon_pkg']
[0.250s] Level 1:colcon.colcon_core.package_identification:_identify(src/rmf_simulation) by extension 'colcon_pkg'
[0.250s] Level 1:colcon.colcon_core.package_identification:_identify(src/rmf_simulation) by extensions ['colcon_meta']
[0.250s] Level 1:colcon.colcon_core.package_identification:_identify(src/rmf_simulation) by extension 'colcon_meta'
[0.250s] Level 1:colcon.colcon_core.package_identification:_identify(src/rmf_simulation) by extensions ['ros']
[0.250s] Level 1:colcon.colcon_core.package_identification:_identify(src/rmf_simulation) by extension 'ros'
[0.250s] Level 1:colcon.colcon_core.package_identification:_identify(src/rmf_simulation) by extensions ['cmake', 'python']
[0.250s] Level 1:colcon.colcon_core.package_identification:_identify(src/rmf_simulation) by extension 'cmake'
[0.250s] Level 1:colcon.colcon_core.package_identification:_identify(src/rmf_simulation) by extension 'python'
[0.250s] Level 1:colcon.colcon_core.package_identification:_identify(src/rmf_simulation) by extensions ['python_setup_py']
[0.250s] Level 1:colcon.colcon_core.package_identification:_identify(src/rmf_simulation) by extension 'python_setup_py'
[0.250s] Level 1:colcon.colcon_core.package_identification:_identify(src/rmf_simulation/docs) by extensions ['ignore', 'ignore_ament_install']
[0.250s] Level 1:colcon.colcon_core.package_identification:_identify(src/rmf_simulation/docs) by extension 'ignore'
[0.250s] Level 1:colcon.colcon_core.package_identification:_identify(src/rmf_simulation/docs) by extension 'ignore_ament_install'
[0.250s] Level 1:colcon.colcon_core.package_identification:_identify(src/rmf_simulation/docs) by extensions ['colcon_pkg']
[0.250s] Level 1:colcon.colcon_core.package_identification:_identify(src/rmf_simulation/docs) by extension 'colcon_pkg'
[0.250s] Level 1:colcon.colcon_core.package_identification:_identify(src/rmf_simulation/docs) by extensions ['colcon_meta']
[0.250s] Level 1:colcon.colcon_core.package_identification:_identify(src/rmf_simulation/docs) by extension 'colcon_meta'
[0.250s] Level 1:colcon.colcon_core.package_identification:_identify(src/rmf_simulation/docs) by extensions ['ros']
[0.250s] Level 1:colcon.colcon_core.package_identification:_identify(src/rmf_simulation/docs) by extension 'ros'
[0.250s] Level 1:colcon.colcon_core.package_identification:_identify(src/rmf_simulation/docs) by extensions ['cmake', 'python']
[0.250s] Level 1:colcon.colcon_core.package_identification:_identify(src/rmf_simulation/docs) by extension 'cmake'
[0.250s] Level 1:colcon.colcon_core.package_identification:_identify(src/rmf_simulation/docs) by extension 'python'
[0.250s] Level 1:colcon.colcon_core.package_identification:_identify(src/rmf_simulation/docs) by extensions ['python_setup_py']
[0.250s] Level 1:colcon.colcon_core.package_identification:_identify(src/rmf_simulation/docs) by extension 'python_setup_py'
[0.250s] Level 1:colcon.colcon_core.package_identification:_identify(src/rmf_simulation/rmf_building_sim_gz_plugins) by extensions ['ignore', 'ignore_ament_install']
[0.250s] Level 1:colcon.colcon_core.package_identification:_identify(src/rmf_simulation/rmf_building_sim_gz_plugins) by extension 'ignore'
[0.250s] Level 1:colcon.colcon_core.package_identification:_identify(src/rmf_simulation/rmf_building_sim_gz_plugins) by extension 'ignore_ament_install'
[0.250s] Level 1:colcon.colcon_core.package_identification:_identify(src/rmf_simulation/rmf_building_sim_gz_plugins) by extensions ['colcon_pkg']
[0.250s] Level 1:colcon.colcon_core.package_identification:_identify(src/rmf_simulation/rmf_building_sim_gz_plugins) by extension 'colcon_pkg'
[0.250s] Level 1:colcon.colcon_core.package_identification:_identify(src/rmf_simulation/rmf_building_sim_gz_plugins) by extensions ['colcon_meta']
[0.250s] Level 1:colcon.colcon_core.package_identification:_identify(src/rmf_simulation/rmf_building_sim_gz_plugins) by extension 'colcon_meta'
[0.250s] Level 1:colcon.colcon_core.package_identification:_identify(src/rmf_simulation/rmf_building_sim_gz_plugins) by extensions ['ros']
[0.250s] Level 1:colcon.colcon_core.package_identification:_identify(src/rmf_simulation/rmf_building_sim_gz_plugins) by extension 'ros'
[0.251s] DEBUG:colcon.colcon_core.package_identification:Package 'src/rmf_simulation/rmf_building_sim_gz_plugins' with type 'ros.ament_cmake' and name 'rmf_building_sim_gz_plugins'
[0.251s] Level 1:colcon.colcon_core.package_identification:_identify(src/rmf_simulation/rmf_robot_sim_common) by extensions ['ignore', 'ignore_ament_install']
[0.251s] Level 1:colcon.colcon_core.package_identification:_identify(src/rmf_simulation/rmf_robot_sim_common) by extension 'ignore'
[0.251s] Level 1:colcon.colcon_core.package_identification:_identify(src/rmf_simulation/rmf_robot_sim_common) by extension 'ignore_ament_install'
[0.251s] Level 1:colcon.colcon_core.package_identification:_identify(src/rmf_simulation/rmf_robot_sim_common) by extensions ['colcon_pkg']
[0.251s] Level 1:colcon.colcon_core.package_identification:_identify(src/rmf_simulation/rmf_robot_sim_common) by extension 'colcon_pkg'
[0.251s] Level 1:colcon.colcon_core.package_identification:_identify(src/rmf_simulation/rmf_robot_sim_common) by extensions ['colcon_meta']
[0.251s] Level 1:colcon.colcon_core.package_identification:_identify(src/rmf_simulation/rmf_robot_sim_common) by extension 'colcon_meta'
[0.251s] Level 1:colcon.colcon_core.package_identification:_identify(src/rmf_simulation/rmf_robot_sim_common) by extensions ['ros']
[0.252s] Level 1:colcon.colcon_core.package_identification:_identify(src/rmf_simulation/rmf_robot_sim_common) by extension 'ros'
[0.252s] DEBUG:colcon.colcon_core.package_identification:Package 'src/rmf_simulation/rmf_robot_sim_common' with type 'ros.ament_cmake' and name 'rmf_robot_sim_common'
[0.252s] Level 1:colcon.colcon_core.package_identification:_identify(src/rmf_simulation/rmf_robot_sim_gz_plugins) by extensions ['ignore', 'ignore_ament_install']
[0.252s] Level 1:colcon.colcon_core.package_identification:_identify(src/rmf_simulation/rmf_robot_sim_gz_plugins) by extension 'ignore'
[0.252s] Level 1:colcon.colcon_core.package_identification:_identify(src/rmf_simulation/rmf_robot_sim_gz_plugins) by extension 'ignore_ament_install'
[0.252s] Level 1:colcon.colcon_core.package_identification:_identify(src/rmf_simulation/rmf_robot_sim_gz_plugins) by extensions ['colcon_pkg']
[0.252s] Level 1:colcon.colcon_core.package_identification:_identify(src/rmf_simulation/rmf_robot_sim_gz_plugins) by extension 'colcon_pkg'
[0.252s] Level 1:colcon.colcon_core.package_identification:_identify(src/rmf_simulation/rmf_robot_sim_gz_plugins) by extensions ['colcon_meta']
[0.252s] Level 1:colcon.colcon_core.package_identification:_identify(src/rmf_simulation/rmf_robot_sim_gz_plugins) by extension 'colcon_meta'
[0.252s] Level 1:colcon.colcon_core.package_identification:_identify(src/rmf_simulation/rmf_robot_sim_gz_plugins) by extensions ['ros']
[0.252s] Level 1:colcon.colcon_core.package_identification:_identify(src/rmf_simulation/rmf_robot_sim_gz_plugins) by extension 'ros'
[0.253s] DEBUG:colcon.colcon_core.package_identification:Package 'src/rmf_simulation/rmf_robot_sim_gz_plugins' with type 'ros.ament_cmake' and name 'rmf_robot_sim_gz_plugins'
[0.253s] Level 1:colcon.colcon_core.package_identification:_identify(src/rmf_visualization) by extensions ['ignore', 'ignore_ament_install']
[0.253s] Level 1:colcon.colcon_core.package_identification:_identify(src/rmf_visualization) by extension 'ignore'
[0.254s] Level 1:colcon.colcon_core.package_identification:_identify(src/rmf_visualization) by extension 'ignore_ament_install'
[0.254s] Level 1:colcon.colcon_core.package_identification:_identify(src/rmf_visualization) by extensions ['colcon_pkg']
[0.254s] Level 1:colcon.colcon_core.package_identification:_identify(src/rmf_visualization) by extension 'colcon_pkg'
[0.254s] Level 1:colcon.colcon_core.package_identification:_identify(src/rmf_visualization) by extensions ['colcon_meta']
[0.254s] Level 1:colcon.colcon_core.package_identification:_identify(src/rmf_visualization) by extension 'colcon_meta'
[0.254s] Level 1:colcon.colcon_core.package_identification:_identify(src/rmf_visualization) by extensions ['ros']
[0.254s] Level 1:colcon.colcon_core.package_identification:_identify(src/rmf_visualization) by extension 'ros'
[0.254s] Level 1:colcon.colcon_core.package_identification:_identify(src/rmf_visualization) by extensions ['cmake', 'python']
[0.254s] Level 1:colcon.colcon_core.package_identification:_identify(src/rmf_visualization) by extension 'cmake'
[0.254s] Level 1:colcon.colcon_core.package_identification:_identify(src/rmf_visualization) by extension 'python'
[0.254s] Level 1:colcon.colcon_core.package_identification:_identify(src/rmf_visualization) by extensions ['python_setup_py']
[0.254s] Level 1:colcon.colcon_core.package_identification:_identify(src/rmf_visualization) by extension 'python_setup_py'
[0.254s] Level 1:colcon.colcon_core.package_identification:_identify(src/rmf_visualization/docs) by extensions ['ignore', 'ignore_ament_install']
[0.254s] Level 1:colcon.colcon_core.package_identification:_identify(src/rmf_visualization/docs) by extension 'ignore'
[0.254s] Level 1:colcon.colcon_core.package_identification:_identify(src/rmf_visualization/docs) by extension 'ignore_ament_install'
[0.254s] Level 1:colcon.colcon_core.package_identification:_identify(src/rmf_visualization/docs) by extensions ['colcon_pkg']
[0.254s] Level 1:colcon.colcon_core.package_identification:_identify(src/rmf_visualization/docs) by extension 'colcon_pkg'
[0.254s] Level 1:colcon.colcon_core.package_identification:_identify(src/rmf_visualization/docs) by extensions ['colcon_meta']
[0.254s] Level 1:colcon.colcon_core.package_identification:_identify(src/rmf_visualization/docs) by extension 'colcon_meta'
[0.254s] Level 1:colcon.colcon_core.package_identification:_identify(src/rmf_visualization/docs) by extensions ['ros']
[0.254s] Level 1:colcon.colcon_core.package_identification:_identify(src/rmf_visualization/docs) by extension 'ros'
[0.254s] Level 1:colcon.colcon_core.package_identification:_identify(src/rmf_visualization/docs) by extensions ['cmake', 'python']
[0.254s] Level 1:colcon.colcon_core.package_identification:_identify(src/rmf_visualization/docs) by extension 'cmake'
[0.254s] Level 1:colcon.colcon_core.package_identification:_identify(src/rmf_visualization/docs) by extension 'python'
[0.254s] Level 1:colcon.colcon_core.package_identification:_identify(src/rmf_visualization/docs) by extensions ['python_setup_py']
[0.254s] Level 1:colcon.colcon_core.package_identification:_identify(src/rmf_visualization/docs) by extension 'python_setup_py'
[0.254s] Level 1:colcon.colcon_core.package_identification:_identify(src/rmf_visualization/docs/media) by extensions ['ignore', 'ignore_ament_install']
[0.254s] Level 1:colcon.colcon_core.package_identification:_identify(src/rmf_visualization/docs/media) by extension 'ignore'
[0.254s] Level 1:colcon.colcon_core.package_identification:_identify(src/rmf_visualization/docs/media) by extension 'ignore_ament_install'
[0.254s] Level 1:colcon.colcon_core.package_identification:_identify(src/rmf_visualization/docs/media) by extensions ['colcon_pkg']
[0.254s] Level 1:colcon.colcon_core.package_identification:_identify(src/rmf_visualization/docs/media) by extension 'colcon_pkg'
[0.254s] Level 1:colcon.colcon_core.package_identification:_identify(src/rmf_visualization/docs/media) by extensions ['colcon_meta']
[0.254s] Level 1:colcon.colcon_core.package_identification:_identify(src/rmf_visualization/docs/media) by extension 'colcon_meta'
[0.254s] Level 1:colcon.colcon_core.package_identification:_identify(src/rmf_visualization/docs/media) by extensions ['ros']
[0.254s] Level 1:colcon.colcon_core.package_identification:_identify(src/rmf_visualization/docs/media) by extension 'ros'
[0.255s] Level 1:colcon.colcon_core.package_identification:_identify(src/rmf_visualization/docs/media) by extensions ['cmake', 'python']
[0.255s] Level 1:colcon.colcon_core.package_identification:_identify(src/rmf_visualization/docs/media) by extension 'cmake'
[0.255s] Level 1:colcon.colcon_core.package_identification:_identify(src/rmf_visualization/docs/media) by extension 'python'
[0.255s] Level 1:colcon.colcon_core.package_identification:_identify(src/rmf_visualization/docs/media) by extensions ['python_setup_py']
[0.255s] Level 1:colcon.colcon_core.package_identification:_identify(src/rmf_visualization/docs/media) by extension 'python_setup_py'
[0.255s] Level 1:colcon.colcon_core.package_identification:_identify(src/rmf_visualization/rmf_visualization) by extensions ['ignore', 'ignore_ament_install']
[0.255s] Level 1:colcon.colcon_core.package_identification:_identify(src/rmf_visualization/rmf_visualization) by extension 'ignore'
[0.255s] Level 1:colcon.colcon_core.package_identification:_identify(src/rmf_visualization/rmf_visualization) by extension 'ignore_ament_install'
[0.255s] Level 1:colcon.colcon_core.package_identification:_identify(src/rmf_visualization/rmf_visualization) by extensions ['colcon_pkg']
[0.255s] Level 1:colcon.colcon_core.package_identification:_identify(src/rmf_visualization/rmf_visualization) by extension 'colcon_pkg'
[0.255s] Level 1:colcon.colcon_core.package_identification:_identify(src/rmf_visualization/rmf_visualization) by extensions ['colcon_meta']
[0.255s] Level 1:colcon.colcon_core.package_identification:_identify(src/rmf_visualization/rmf_visualization) by extension 'colcon_meta'
[0.255s] Level 1:colcon.colcon_core.package_identification:_identify(src/rmf_visualization/rmf_visualization) by extensions ['ros']
[0.255s] Level 1:colcon.colcon_core.package_identification:_identify(src/rmf_visualization/rmf_visualization) by extension 'ros'
[0.255s] DEBUG:colcon.colcon_core.package_identification:Package 'src/rmf_visualization/rmf_visualization' with type 'ros.ament_cmake' and name 'rmf_visualization'
[0.255s] Level 1:colcon.colcon_core.package_identification:_identify(src/rmf_visualization/rmf_visualization_building_systems) by extensions ['ignore', 'ignore_ament_install']
[0.255s] Level 1:colcon.colcon_core.package_identification:_identify(src/rmf_visualization/rmf_visualization_building_systems) by extension 'ignore'
[0.255s] Level 1:colcon.colcon_core.package_identification:_identify(src/rmf_visualization/rmf_visualization_building_systems) by extension 'ignore_ament_install'
[0.255s] Level 1:colcon.colcon_core.package_identification:_identify(src/rmf_visualization/rmf_visualization_building_systems) by extensions ['colcon_pkg']
[0.255s] Level 1:colcon.colcon_core.package_identification:_identify(src/rmf_visualization/rmf_visualization_building_systems) by extension 'colcon_pkg'
[0.255s] Level 1:colcon.colcon_core.package_identification:_identify(src/rmf_visualization/rmf_visualization_building_systems) by extensions ['colcon_meta']
[0.255s] Level 1:colcon.colcon_core.package_identification:_identify(src/rmf_visualization/rmf_visualization_building_systems) by extension 'colcon_meta'
[0.255s] Level 1:colcon.colcon_core.package_identification:_identify(src/rmf_visualization/rmf_visualization_building_systems) by extensions ['ros']
[0.256s] Level 1:colcon.colcon_core.package_identification:_identify(src/rmf_visualization/rmf_visualization_building_systems) by extension 'ros'
[0.256s] DEBUG:colcon.colcon_core.package_identification:Package 'src/rmf_visualization/rmf_visualization_building_systems' with type 'ros.ament_python' and name 'rmf_visualization_building_systems'
[0.256s] Level 1:colcon.colcon_core.package_identification:_identify(src/rmf_visualization/rmf_visualization_fleet_states) by extensions ['ignore', 'ignore_ament_install']
[0.256s] Level 1:colcon.colcon_core.package_identification:_identify(src/rmf_visualization/rmf_visualization_fleet_states) by extension 'ignore'
[0.256s] Level 1:colcon.colcon_core.package_identification:_identify(src/rmf_visualization/rmf_visualization_fleet_states) by extension 'ignore_ament_install'
[0.256s] Level 1:colcon.colcon_core.package_identification:_identify(src/rmf_visualization/rmf_visualization_fleet_states) by extensions ['colcon_pkg']
[0.256s] Level 1:colcon.colcon_core.package_identification:_identify(src/rmf_visualization/rmf_visualization_fleet_states) by extension 'colcon_pkg'
[0.256s] Level 1:colcon.colcon_core.package_identification:_identify(src/rmf_visualization/rmf_visualization_fleet_states) by extensions ['colcon_meta']
[0.256s] Level 1:colcon.colcon_core.package_identification:_identify(src/rmf_visualization/rmf_visualization_fleet_states) by extension 'colcon_meta'
[0.256s] Level 1:colcon.colcon_core.package_identification:_identify(src/rmf_visualization/rmf_visualization_fleet_states) by extensions ['ros']
[0.256s] Level 1:colcon.colcon_core.package_identification:_identify(src/rmf_visualization/rmf_visualization_fleet_states) by extension 'ros'
[0.257s] DEBUG:colcon.colcon_core.package_identification:Package 'src/rmf_visualization/rmf_visualization_fleet_states' with type 'ros.ament_cmake' and name 'rmf_visualization_fleet_states'
[0.257s] Level 1:colcon.colcon_core.package_identification:_identify(src/rmf_visualization/rmf_visualization_floorplans) by extensions ['ignore', 'ignore_ament_install']
[0.257s] Level 1:colcon.colcon_core.package_identification:_identify(src/rmf_visualization/rmf_visualization_floorplans) by extension 'ignore'
[0.257s] Level 1:colcon.colcon_core.package_identification:_identify(src/rmf_visualization/rmf_visualization_floorplans) by extension 'ignore_ament_install'
[0.257s] Level 1:colcon.colcon_core.package_identification:_identify(src/rmf_visualization/rmf_visualization_floorplans) by extensions ['colcon_pkg']
[0.257s] Level 1:colcon.colcon_core.package_identification:_identify(src/rmf_visualization/rmf_visualization_floorplans) by extension 'colcon_pkg'
[0.257s] Level 1:colcon.colcon_core.package_identification:_identify(src/rmf_visualization/rmf_visualization_floorplans) by extensions ['colcon_meta']
[0.257s] Level 1:colcon.colcon_core.package_identification:_identify(src/rmf_visualization/rmf_visualization_floorplans) by extension 'colcon_meta'
[0.257s] Level 1:colcon.colcon_core.package_identification:_identify(src/rmf_visualization/rmf_visualization_floorplans) by extensions ['ros']
[0.257s] Level 1:colcon.colcon_core.package_identification:_identify(src/rmf_visualization/rmf_visualization_floorplans) by extension 'ros'
[0.258s] DEBUG:colcon.colcon_core.package_identification:Package 'src/rmf_visualization/rmf_visualization_floorplans' with type 'ros.ament_cmake' and name 'rmf_visualization_floorplans'
[0.258s] Level 1:colcon.colcon_core.package_identification:_identify(src/rmf_visualization/rmf_visualization_navgraphs) by extensions ['ignore', 'ignore_ament_install']
[0.258s] Level 1:colcon.colcon_core.package_identification:_identify(src/rmf_visualization/rmf_visualization_navgraphs) by extension 'ignore'
[0.258s] Level 1:colcon.colcon_core.package_identification:_identify(src/rmf_visualization/rmf_visualization_navgraphs) by extension 'ignore_ament_install'
[0.258s] Level 1:colcon.colcon_core.package_identification:_identify(src/rmf_visualization/rmf_visualization_navgraphs) by extensions ['colcon_pkg']
[0.258s] Level 1:colcon.colcon_core.package_identification:_identify(src/rmf_visualization/rmf_visualization_navgraphs) by extension 'colcon_pkg'
[0.258s] Level 1:colcon.colcon_core.package_identification:_identify(src/rmf_visualization/rmf_visualization_navgraphs) by extensions ['colcon_meta']
[0.258s] Level 1:colcon.colcon_core.package_identification:_identify(src/rmf_visualization/rmf_visualization_navgraphs) by extension 'colcon_meta'
[0.258s] Level 1:colcon.colcon_core.package_identification:_identify(src/rmf_visualization/rmf_visualization_navgraphs) by extensions ['ros']
[0.258s] Level 1:colcon.colcon_core.package_identification:_identify(src/rmf_visualization/rmf_visualization_navgraphs) by extension 'ros'
[0.259s] DEBUG:colcon.colcon_core.package_identification:Package 'src/rmf_visualization/rmf_visualization_navgraphs' with type 'ros.ament_cmake' and name 'rmf_visualization_navgraphs'
[0.259s] Level 1:colcon.colcon_core.package_identification:_identify(src/rmf_visualization/rmf_visualization_obstacles) by extensions ['ignore', 'ignore_ament_install']
[0.259s] Level 1:colcon.colcon_core.package_identification:_identify(src/rmf_visualization/rmf_visualization_obstacles) by extension 'ignore'
[0.259s] Level 1:colcon.colcon_core.package_identification:_identify(src/rmf_visualization/rmf_visualization_obstacles) by extension 'ignore_ament_install'
[0.259s] Level 1:colcon.colcon_core.package_identification:_identify(src/rmf_visualization/rmf_visualization_obstacles) by extensions ['colcon_pkg']
[0.259s] Level 1:colcon.colcon_core.package_identification:_identify(src/rmf_visualization/rmf_visualization_obstacles) by extension 'colcon_pkg'
[0.259s] Level 1:colcon.colcon_core.package_identification:_identify(src/rmf_visualization/rmf_visualization_obstacles) by extensions ['colcon_meta']
[0.259s] Level 1:colcon.colcon_core.package_identification:_identify(src/rmf_visualization/rmf_visualization_obstacles) by extension 'colcon_meta'
[0.259s] Level 1:colcon.colcon_core.package_identification:_identify(src/rmf_visualization/rmf_visualization_obstacles) by extensions ['ros']
[0.259s] Level 1:colcon.colcon_core.package_identification:_identify(src/rmf_visualization/rmf_visualization_obstacles) by extension 'ros'
[0.260s] DEBUG:colcon.colcon_core.package_identification:Package 'src/rmf_visualization/rmf_visualization_obstacles' with type 'ros.ament_cmake' and name 'rmf_visualization_obstacles'
[0.260s] Level 1:colcon.colcon_core.package_identification:_identify(src/rmf_visualization/rmf_visualization_rviz2_plugins) by extensions ['ignore', 'ignore_ament_install']
[0.260s] Level 1:colcon.colcon_core.package_identification:_identify(src/rmf_visualization/rmf_visualization_rviz2_plugins) by extension 'ignore'
[0.260s] Level 1:colcon.colcon_core.package_identification:_identify(src/rmf_visualization/rmf_visualization_rviz2_plugins) by extension 'ignore_ament_install'
[0.260s] Level 1:colcon.colcon_core.package_identification:_identify(src/rmf_visualization/rmf_visualization_rviz2_plugins) by extensions ['colcon_pkg']
[0.260s] Level 1:colcon.colcon_core.package_identification:_identify(src/rmf_visualization/rmf_visualization_rviz2_plugins) by extension 'colcon_pkg'
[0.260s] Level 1:colcon.colcon_core.package_identification:_identify(src/rmf_visualization/rmf_visualization_rviz2_plugins) by extensions ['colcon_meta']
[0.260s] Level 1:colcon.colcon_core.package_identification:_identify(src/rmf_visualization/rmf_visualization_rviz2_plugins) by extension 'colcon_meta'
[0.260s] Level 1:colcon.colcon_core.package_identification:_identify(src/rmf_visualization/rmf_visualization_rviz2_plugins) by extensions ['ros']
[0.260s] Level 1:colcon.colcon_core.package_identification:_identify(src/rmf_visualization/rmf_visualization_rviz2_plugins) by extension 'ros'
[0.261s] DEBUG:colcon.colcon_core.package_identification:Package 'src/rmf_visualization/rmf_visualization_rviz2_plugins' with type 'ros.ament_cmake' and name 'rmf_visualization_rviz2_plugins'
[0.261s] Level 1:colcon.colcon_core.package_identification:_identify(src/rmf_visualization/rmf_visualization_schedule) by extensions ['ignore', 'ignore_ament_install']
[0.261s] Level 1:colcon.colcon_core.package_identification:_identify(src/rmf_visualization/rmf_visualization_schedule) by extension 'ignore'
[0.261s] Level 1:colcon.colcon_core.package_identification:_identify(src/rmf_visualization/rmf_visualization_schedule) by extension 'ignore_ament_install'
[0.261s] Level 1:colcon.colcon_core.package_identification:_identify(src/rmf_visualization/rmf_visualization_schedule) by extensions ['colcon_pkg']
[0.261s] Level 1:colcon.colcon_core.package_identification:_identify(src/rmf_visualization/rmf_visualization_schedule) by extension 'colcon_pkg'
[0.261s] Level 1:colcon.colcon_core.package_identification:_identify(src/rmf_visualization/rmf_visualization_schedule) by extensions ['colcon_meta']
[0.261s] Level 1:colcon.colcon_core.package_identification:_identify(src/rmf_visualization/rmf_visualization_schedule) by extension 'colcon_meta'
[0.261s] Level 1:colcon.colcon_core.package_identification:_identify(src/rmf_visualization/rmf_visualization_schedule) by extensions ['ros']
[0.261s] Level 1:colcon.colcon_core.package_identification:_identify(src/rmf_visualization/rmf_visualization_schedule) by extension 'ros'
[0.263s] DEBUG:colcon.colcon_core.package_identification:Package 'src/rmf_visualization/rmf_visualization_schedule' with type 'ros.ament_cmake' and name 'rmf_visualization_schedule'
[0.263s] Level 1:colcon.colcon_core.package_discovery:discover_packages(recursive) using defaults
[0.263s] Level 1:colcon.colcon_core.package_discovery:discover_packages(ignore) discover
[0.263s] Level 1:colcon.colcon_core.package_discovery:discover_packages(ignore) using defaults
[0.263s] Level 1:colcon.colcon_core.package_discovery:discover_packages(path) discover
[0.263s] Level 1:colcon.colcon_core.package_discovery:discover_packages(path) using defaults
[0.281s] INFO:colcon.colcon_core.package_selection:Skipping not selected package 'project_assets' in 'src/project/project_assets'
[0.281s] INFO:colcon.colcon_core.package_selection:Skipping not selected package 'project_fleet_adapter' in 'src/project/project_fleet_adapter'
[0.281s] INFO:colcon.colcon_core.package_selection:Skipping not selected package 'project_simulation' in 'src/project/project_simulation'
[0.281s] INFO:colcon.colcon_core.package_selection:Skipping not selected package 'project_tasks' in 'src/project/project_tasks'
[0.281s] INFO:colcon.colcon_core.package_selection:Skipping not selected package 'rmf_building_sim_gz_plugins' in 'src/rmf_simulation/rmf_building_sim_gz_plugins'
[0.281s] INFO:colcon.colcon_core.package_selection:Skipping not selected package 'rmf_robot_sim_common' in 'src/rmf_simulation/rmf_robot_sim_common'
[0.281s] INFO:colcon.colcon_core.package_selection:Skipping not selected package 'rmf_visualization_building_systems' in 'src/rmf_visualization/rmf_visualization_building_systems'
[0.281s] INFO:colcon.colcon_core.package_selection:Skipping not selected package 'rmf_visualization_fleet_states' in 'src/rmf_visualization/rmf_visualization_fleet_states'
[0.281s] INFO:colcon.colcon_core.package_selection:Skipping not selected package 'rmf_visualization_floorplans' in 'src/rmf_visualization/rmf_visualization_floorplans'
[0.281s] INFO:colcon.colcon_core.package_selection:Skipping not selected package 'rmf_visualization_navgraphs' in 'src/rmf_visualization/rmf_visualization_navgraphs'
[0.281s] INFO:colcon.colcon_core.package_selection:Skipping not selected package 'rmf_visualization_obstacles' in 'src/rmf_visualization/rmf_visualization_obstacles'
[0.281s] INFO:colcon.colcon_core.package_selection:Skipping not selected package 'rmf_visualization_rviz2_plugins' in 'src/rmf_visualization/rmf_visualization_rviz2_plugins'
[0.281s] INFO:colcon.colcon_core.package_selection:Skipping not selected package 'rmf_visualization_schedule' in 'src/rmf_visualization/rmf_visualization_schedule'
[0.281s] INFO:colcon.colcon_core.package_selection:Skipping not selected package 'rmf_robot_sim_gz_plugins' in 'src/rmf_simulation/rmf_robot_sim_gz_plugins'
[0.281s] INFO:colcon.colcon_core.package_selection:Skipping not selected package 'rmf_visualization' in 'src/rmf_visualization/rmf_visualization'
[0.281s] INFO:colcon.colcon_core.package_selection:Skipping not selected package 'first_project' in 'src/first_project'
[0.281s] INFO:colcon.colcon_core.package_selection:Skipping not selected package 'project_config' in 'src/project/project_config'
[0.281s] Level 1:colcon.colcon_core.package_discovery:discover_packages(prefix_path) check parameters
[0.281s] Level 1:colcon.colcon_core.package_discovery:discover_packages(prefix_path) discover
[0.283s] DEBUG:colcon.colcon_installed_package_information.package_discovery:Found 308 installed packages in /opt/ros/humble
[0.284s] Level 1:colcon.colcon_core.package_discovery:discover_packages(prefix_path) using defaults
[0.310s] Level 5:colcon.colcon_core.verb:set package 'project_maps' build argument 'cmake_args' from command line to 'None'
[0.310s] Level 5:colcon.colcon_core.verb:set package 'project_maps' build argument 'cmake_target' from command line to 'None'
[0.310s] Level 5:colcon.colcon_core.verb:set package 'project_maps' build argument 'cmake_target_skip_unavailable' from command line to 'False'
[0.310s] Level 5:colcon.colcon_core.verb:set package 'project_maps' build argument 'cmake_clean_cache' from command line to 'True'
[0.310s] Level 5:colcon.colcon_core.verb:set package 'project_maps' build argument 'cmake_clean_first' from command line to 'False'
[0.310s] Level 5:colcon.colcon_core.verb:set package 'project_maps' build argument 'cmake_force_configure' from command line to 'True'
[0.310s] Level 5:colcon.colcon_core.verb:set package 'project_maps' build argument 'ament_cmake_args' from command line to 'None'
[0.310s] Level 5:colcon.colcon_core.verb:set package 'project_maps' build argument 'catkin_cmake_args' from command line to 'None'
[0.311s] Level 5:colcon.colcon_core.verb:set package 'project_maps' build argument 'catkin_skip_building_tests' from command line to 'False'
[0.311s] DEBUG:colcon.colcon_core.verb:Building package 'project_maps' with the following arguments: {'ament_cmake_args': None, 'build_base': '/home/maria/Documentos/GitHub/IR2134/rmf_ws/build/project_maps', 'catkin_cmake_args': None, 'catkin_skip_building_tests': False, 'cmake_args': None, 'cmake_clean_cache': True, 'cmake_clean_first': False, 'cmake_force_configure': True, 'cmake_target': None, 'cmake_target_skip_unavailable': False, 'install_base': '/home/maria/Documentos/GitHub/IR2134/rmf_ws/install/project_maps', 'merge_install': False, 'path': '/home/maria/Documentos/GitHub/IR2134/rmf_ws/src/project/project_maps', 'symlink_install': True, 'test_result_base': None}
[0.311s] Level 5:colcon.colcon_core.verb:set package 'large_project' build argument 'cmake_args' from command line to 'None'
[0.311s] Level 5:colcon.colcon_core.verb:set package 'large_project' build argument 'cmake_target' from command line to 'None'
[0.311s] Level 5:colcon.colcon_core.verb:set package 'large_project' build argument 'cmake_target_skip_unavailable' from command line to 'False'
[0.311s] Level 5:colcon.colcon_core.verb:set package 'large_project' build argument 'cmake_clean_cache' from command line to 'True'
[0.311s] Level 5:colcon.colcon_core.verb:set package 'large_project' build argument 'cmake_clean_first' from command line to 'False'
[0.311s] Level 5:colcon.colcon_core.verb:set package 'large_project' build argument 'cmake_force_configure' from command line to 'True'
[0.311s] Level 5:colcon.colcon_core.verb:set package 'large_project' build argument 'ament_cmake_args' from command line to 'None'
[0.311s] Level 5:colcon.colcon_core.verb:set package 'large_project' build argument 'catkin_cmake_args' from command line to 'None'
[0.311s] Level 5:colcon.colcon_core.verb:set package 'large_project' build argument 'catkin_skip_building_tests' from command line to 'False'
[0.311s] DEBUG:colcon.colcon_core.verb:Building package 'large_project' with the following arguments: {'ament_cmake_args': None, 'build_base': '/home/maria/Documentos/GitHub/IR2134/rmf_ws/build/large_project', 'catkin_cmake_args': None, 'catkin_skip_building_tests': False, 'cmake_args': None, 'cmake_clean_cache': True, 'cmake_clean_first': False, 'cmake_force_configure': True, 'cmake_target': None, 'cmake_target_skip_unavailable': False, 'install_base': '/home/maria/Documentos/GitHub/IR2134/rmf_ws/install/large_project', 'merge_install': False, 'path': '/home/maria/Documentos/GitHub/IR2134/rmf_ws/src/large_project', 'symlink_install': True, 'test_result_base': None}
[0.311s] INFO:colcon.colcon_core.executor:Executing jobs using 'parallel' executor
[0.312s] DEBUG:colcon.colcon_parallel_executor.executor.parallel:run_until_complete
[0.312s] INFO:colcon.colcon_ros.task.ament_cmake.build:Building ROS package in '/home/maria/Documentos/GitHub/IR2134/rmf_ws/src/project/project_maps' with build type 'ament_cmake'
[0.312s] INFO:colcon.colcon_cmake.task.cmake.build:Building CMake package in '/home/maria/Documentos/GitHub/IR2134/rmf_ws/src/project/project_maps'
[0.314s] INFO:colcon.colcon_core.plugin_system:Skipping extension 'colcon_core.shell.bat': Not used on non-Windows systems
[0.314s] INFO:colcon.colcon_core.shell:Skip shell extension 'powershell' for command environment: Not usable outside of PowerShell
[0.314s] DEBUG:colcon.colcon_core.shell:Skip shell extension 'dsv' for command environment
[0.316s] INFO:colcon.colcon_ros.task.ament_cmake.build:Building ROS package in '/home/maria/Documentos/GitHub/IR2134/rmf_ws/src/large_project' with build type 'ament_cmake'
[0.316s] INFO:colcon.colcon_cmake.task.cmake.build:Building CMake package in '/home/maria/Documentos/GitHub/IR2134/rmf_ws/src/large_project'
[0.316s] INFO:colcon.colcon_core.shell:Skip shell extension 'powershell' for command environment: Not usable outside of PowerShell
[0.316s] DEBUG:colcon.colcon_core.shell:Skip shell extension 'dsv' for command environment
[0.320s] DEBUG:colcon.colcon_core.event_handler.log_command:Invoking command in '/home/maria/Documentos/GitHub/IR2134/rmf_ws/build/project_maps': CMAKE_PREFIX_PATH=/opt/ros/humble /usr/bin/cmake /home/maria/Documentos/GitHub/IR2134/rmf_ws/src/project/project_maps -DAMENT_CMAKE_SYMLINK_INSTALL=1 -DCMAKE_INSTALL_PREFIX=/home/maria/Documentos/GitHub/IR2134/rmf_ws/install/project_maps
[0.321s] ERROR:colcon.colcon_core.shell:Exception in shell extension 'sh': Expected ['.', '/home/maria/Documentos/GitHub/IR2134/rmf_ws/build/large_project/colcon_command_prefix_build.sh', '&&', 'env'] to pass: The build time path "/home/maria/rmf_ws/install/rmf_building_sim_gz_plugins" doesn't exist. Either source a script for a different shell or set the environment variable "COLCON_CURRENT_PREFIX" explicitly.
The build time path "/home/maria/rmf_ws/install/rmf_robot_sim_common" doesn't exist. Either source a script for a different shell or set the environment variable "COLCON_CURRENT_PREFIX" explicitly.
The build time path "/home/maria/rmf_ws/install/rmf_visualization_building_systems" doesn't exist. Either source a script for a different shell or set the environment variable "COLCON_CURRENT_PREFIX" explicitly.
The build time path "/home/maria/rmf_ws/install/rmf_visualization_fleet_states" doesn't exist. Either source a script for a different shell or set the environment variable "COLCON_CURRENT_PREFIX" explicitly.
The build time path "/home/maria/rmf_ws/install/rmf_visualization_floorplans" doesn't exist. Either source a script for a different shell or set the environment variable "COLCON_CURRENT_PREFIX" explicitly.
The build time path "/home/maria/rmf_ws/install/rmf_visualization_navgraphs" doesn't exist. Either source a script for a different shell or set the environment variable "COLCON_CURRENT_PREFIX" explicitly.
The build time path "/home/maria/rmf_ws/install/rmf_visualization_obstacles" doesn't exist. Either source a script for a different shell or set the environment variable "COLCON_CURRENT_PREFIX" explicitly.
The build time path "/home/maria/rmf_ws/install/rmf_visualization_rviz2_plugins" doesn't exist. Either source a script for a different shell or set the environment variable "COLCON_CURRENT_PREFIX" explicitly.
The build time path "/home/maria/rmf_ws/install/rmf_visualization_schedule" doesn't exist. Either source a script for a different shell or set the environment variable "COLCON_CURRENT_PREFIX" explicitly.
The build time path "/home/maria/rmf_ws/install/rmf_robot_sim_gz_plugins" doesn't exist. Either source a script for a different shell or set the environment variable "COLCON_CURRENT_PREFIX" explicitly.
The build time path "/home/maria/rmf_ws/install/rmf_visualization" doesn't exist. Either source a script for a different shell or set the environment variable "COLCON_CURRENT_PREFIX" explicitly.

Traceback (most recent call last):
  File "/usr/lib/python3/dist-packages/colcon_core/shell/sh.py", line 159, in generate_command_environment
    env = await get_null_separated_environment_variables(
  File "/usr/lib/python3/dist-packages/colcon_core/shell/__init__.py", line 347, in get_null_separated_environment_variables
    output = await check_output(cmd, cwd=cwd, shell=shell)
  File "/usr/lib/python3/dist-packages/colcon_core/subprocess.py", line 129, in check_output
    assert not rc, f'Expected {args} to pass: {stderr_data}'
AssertionError: Expected ['.', '/home/maria/Documentos/GitHub/IR2134/rmf_ws/build/large_project/colcon_command_prefix_build.sh', '&&', 'env', '-0'] to pass: The build time path "/home/maria/rmf_ws/install/rmf_building_sim_gz_plugins" doesn't exist. Either source a script for a different shell or set the environment variable "COLCON_CURRENT_PREFIX" explicitly.
The build time path "/home/maria/rmf_ws/install/rmf_robot_sim_common" doesn't exist. Either source a script for a different shell or set the environment variable "COLCON_CURRENT_PREFIX" explicitly.
The build time path "/home/maria/rmf_ws/install/rmf_visualization_building_systems" doesn't exist. Either source a script for a different shell or set the environment variable "COLCON_CURRENT_PREFIX" explicitly.
The build time path "/home/maria/rmf_ws/install/rmf_visualization_fleet_states" doesn't exist. Either source a script for a different shell or set the environment variable "COLCON_CURRENT_PREFIX" explicitly.
The build time path "/home/maria/rmf_ws/install/rmf_visualization_floorplans" doesn't exist. Either source a script for a different shell or set the environment variable "COLCON_CURRENT_PREFIX" explicitly.
The build time path "/home/maria/rmf_ws/install/rmf_visualization_navgraphs" doesn't exist. Either source a script for a different shell or set the environment variable "COLCON_CURRENT_PREFIX" explicitly.
The build time path "/home/maria/rmf_ws/install/rmf_visualization_obstacles" doesn't exist. Either source a script for a different shell or set the environment variable "COLCON_CURRENT_PREFIX" explicitly.
The build time path "/home/maria/rmf_ws/install/rmf_visualization_rviz2_plugins" doesn't exist. Either source a script for a different shell or set the environment variable "COLCON_CURRENT_PREFIX" explicitly.
The build time path "/home/maria/rmf_ws/install/rmf_visualization_schedule" doesn't exist. Either source a script for a different shell or set the environment variable "COLCON_CURRENT_PREFIX" explicitly.
The build time path "/home/maria/rmf_ws/install/rmf_robot_sim_gz_plugins" doesn't exist. Either source a script for a different shell or set the environment variable "COLCON_CURRENT_PREFIX" explicitly.
The build time path "/home/maria/rmf_ws/install/rmf_visualization" doesn't exist. Either source a script for a different shell or set the environment variable "COLCON_CURRENT_PREFIX" explicitly.


During handling of the above exception, another exception occurred:

Traceback (most recent call last):
  File "/usr/lib/python3/dist-packages/colcon_core/shell/__init__.py", line 308, in get_command_environment
    return await extension.generate_command_environment(
  File "/usr/lib/python3/dist-packages/colcon_core/shell/sh.py", line 168, in generate_command_environment
    env = await get_environment_variables(cmd, cwd=str(build_base))
  File "/usr/lib/python3/dist-packages/colcon_core/shell/__init__.py", line 378, in get_environment_variables
    output = await check_output(cmd, cwd=cwd, shell=shell)
  File "/usr/lib/python3/dist-packages/colcon_core/subprocess.py", line 129, in check_output
    assert not rc, f'Expected {args} to pass: {stderr_data}'
AssertionError: Expected ['.', '/home/maria/Documentos/GitHub/IR2134/rmf_ws/build/large_project/colcon_command_prefix_build.sh', '&&', 'env'] to pass: The build time path "/home/maria/rmf_ws/install/rmf_building_sim_gz_plugins" doesn't exist. Either source a script for a different shell or set the environment variable "COLCON_CURRENT_PREFIX" explicitly.
The build time path "/home/maria/rmf_ws/install/rmf_robot_sim_common" doesn't exist. Either source a script for a different shell or set the environment variable "COLCON_CURRENT_PREFIX" explicitly.
The build time path "/home/maria/rmf_ws/install/rmf_visualization_building_systems" doesn't exist. Either source a script for a different shell or set the environment variable "COLCON_CURRENT_PREFIX" explicitly.
The build time path "/home/maria/rmf_ws/install/rmf_visualization_fleet_states" doesn't exist. Either source a script for a different shell or set the environment variable "COLCON_CURRENT_PREFIX" explicitly.
The build time path "/home/maria/rmf_ws/install/rmf_visualization_floorplans" doesn't exist. Either source a script for a different shell or set the environment variable "COLCON_CURRENT_PREFIX" explicitly.
The build time path "/home/maria/rmf_ws/install/rmf_visualization_navgraphs" doesn't exist. Either source a script for a different shell or set the environment variable "COLCON_CURRENT_PREFIX" explicitly.
The build time path "/home/maria/rmf_ws/install/rmf_visualization_obstacles" doesn't exist. Either source a script for a different shell or set the environment variable "COLCON_CURRENT_PREFIX" explicitly.
The build time path "/home/maria/rmf_ws/install/rmf_visualization_rviz2_plugins" doesn't exist. Either source a script for a different shell or set the environment variable "COLCON_CURRENT_PREFIX" explicitly.
The build time path "/home/maria/rmf_ws/install/rmf_visualization_schedule" doesn't exist. Either source a script for a different shell or set the environment variable "COLCON_CURRENT_PREFIX" explicitly.
The build time path "/home/maria/rmf_ws/install/rmf_robot_sim_gz_plugins" doesn't exist. Either source a script for a different shell or set the environment variable "COLCON_CURRENT_PREFIX" explicitly.
The build time path "/home/maria/rmf_ws/install/rmf_visualization" doesn't exist. Either source a script for a different shell or set the environment variable "COLCON_CURRENT_PREFIX" explicitly.


[0.321s] DEBUG:colcon.colcon_core.shell:Skip shell extension 'bash' for command environment
[0.321s] DEBUG:colcon.colcon_core.shell:Skip shell extension 'zsh' for command environment
[0.321s] ERROR:colcon.colcon_cmake.task.cmake.build:Could not find a shell extension for the command environment
[0.322s] Level 1:colcon.colcon_core.environment:create_environment_scripts_only(large_project)
[0.323s] Level 1:colcon.colcon_core.environment:checking '/home/maria/Documentos/GitHub/IR2134/rmf_ws/install/large_project' for CMake module files
[0.323s] Level 1:colcon.colcon_core.environment:checking '/home/maria/Documentos/GitHub/IR2134/rmf_ws/install/large_project' for CMake config files
[0.323s] Level 1:colcon.colcon_core.shell:create_environment_hook('large_project', 'cmake_prefix_path')
[0.324s] INFO:colcon.colcon_core.shell:Creating environment hook '/home/maria/Documentos/GitHub/IR2134/rmf_ws/install/large_project/share/large_project/hook/cmake_prefix_path.ps1'
[0.324s] INFO:colcon.colcon_core.shell:Creating environment descriptor '/home/maria/Documentos/GitHub/IR2134/rmf_ws/install/large_project/share/large_project/hook/cmake_prefix_path.dsv'
[0.324s] INFO:colcon.colcon_core.shell:Creating environment hook '/home/maria/Documentos/GitHub/IR2134/rmf_ws/install/large_project/share/large_project/hook/cmake_prefix_path.sh'
[0.325s] Level 1:colcon.colcon_core.environment:checking '/home/maria/Documentos/GitHub/IR2134/rmf_ws/install/large_project/bin'
[0.325s] Level 1:colcon.colcon_core.environment:checking '/home/maria/Documentos/GitHub/IR2134/rmf_ws/install/large_project/lib/pkgconfig/large_project.pc'
[0.325s] Level 1:colcon.colcon_core.environment:checking '/home/maria/Documentos/GitHub/IR2134/rmf_ws/install/large_project/lib/python3.10/site-packages'
[0.325s] Level 1:colcon.colcon_core.environment:checking '/home/maria/Documentos/GitHub/IR2134/rmf_ws/install/large_project/bin'
[0.326s] INFO:colcon.colcon_core.shell:Creating package script '/home/maria/Documentos/GitHub/IR2134/rmf_ws/install/large_project/share/large_project/package.ps1'
[0.326s] INFO:colcon.colcon_core.shell:Creating package descriptor '/home/maria/Documentos/GitHub/IR2134/rmf_ws/install/large_project/share/large_project/package.dsv'
[0.327s] INFO:colcon.colcon_core.shell:Creating package script '/home/maria/Documentos/GitHub/IR2134/rmf_ws/install/large_project/share/large_project/package.sh'
[0.327s] INFO:colcon.colcon_core.shell:Creating package script '/home/maria/Documentos/GitHub/IR2134/rmf_ws/install/large_project/share/large_project/package.bash'
[0.328s] INFO:colcon.colcon_core.shell:Creating package script '/home/maria/Documentos/GitHub/IR2134/rmf_ws/install/large_project/share/large_project/package.zsh'
[0.328s] Level 1:colcon.colcon_core.environment:create_file_with_runtime_dependencies(/home/maria/Documentos/GitHub/IR2134/rmf_ws/install/large_project/share/colcon-core/packages/large_project)
[0.567s] DEBUG:colcon.colcon_parallel_executor.executor.parallel:closing loop
[0.567s] DEBUG:colcon.colcon_parallel_executor.executor.parallel:loop closed
[0.567s] DEBUG:colcon.colcon_parallel_executor.executor.parallel:run_until_complete finished with '1'
[0.568s] DEBUG:colcon.colcon_core.event_reactor:joining thread
[0.579s] INFO:colcon.colcon_core.plugin_system:Skipping extension 'colcon_notification.desktop_notification.terminal_notifier': Not used on non-Darwin systems
[0.579s] INFO:colcon.colcon_core.plugin_system:Skipping extension 'colcon_notification.desktop_notification.win32': Not used on non-Windows systems
[0.579s] INFO:colcon.colcon_notification.desktop_notification:Sending desktop notification using 'notify2'
[0.579s] DEBUG:colcon.colcon_notification.desktop_notification.notify2:Failed to initialize notify2: org.freedesktop.DBus.Error.AccessDenied: Failed to connect to socket /run/user/1000/bus: Operation not permitted
[0.579s] DEBUG:colcon.colcon_core.event_reactor:joined thread
[0.579s] INFO:colcon.colcon_core.shell:Creating prefix script '/home/maria/Documentos/GitHub/IR2134/rmf_ws/install/local_setup.ps1'
[0.581s] INFO:colcon.colcon_core.shell:Creating prefix util module '/home/maria/Documentos/GitHub/IR2134/rmf_ws/install/_local_setup_util_ps1.py'
[0.582s] INFO:colcon.colcon_core.shell:Creating prefix chain script '/home/maria/Documentos/GitHub/IR2134/rmf_ws/install/setup.ps1'
[0.583s] INFO:colcon.colcon_core.shell:Creating prefix script '/home/maria/Documentos/GitHub/IR2134/rmf_ws/install/local_setup.sh'
[0.583s] INFO:colcon.colcon_core.shell:Creating prefix util module '/home/maria/Documentos/GitHub/IR2134/rmf_ws/install/_local_setup_util_sh.py'
[0.584s] INFO:colcon.colcon_core.shell:Creating prefix chain script '/home/maria/Documentos/GitHub/IR2134/rmf_ws/install/setup.sh'
[0.584s] INFO:colcon.colcon_core.shell:Creating prefix script '/home/maria/Documentos/GitHub/IR2134/rmf_ws/install/local_setup.bash'
[0.585s] INFO:colcon.colcon_core.shell:Creating prefix chain script '/home/maria/Documentos/GitHub/IR2134/rmf_ws/install/setup.bash'
[0.585s] INFO:colcon.colcon_core.shell:Creating prefix script '/home/maria/Documentos/GitHub/IR2134/rmf_ws/install/local_setup.zsh'
[0.585s] INFO:colcon.colcon_core.shell:Creating prefix chain script '/home/maria/Documentos/GitHub/IR2134/rmf_ws/install/setup.zsh'
