[0.011s] Invoking command in '/home/maria/rmf_ws/build/first_project': CMAKE_PREFIX_PATH=/home/maria/rmf_ws/install/first_project:/rmf_demos_ws/install/rmf_workcell_msgs:/rmf_demos_ws/install/rmf_demos_gz:/rmf_demos_ws/install/rmf_demos:/rmf_demos_ws/install/rmf_reservation_node:/rmf_demos_ws/install/rmf_fleet_adapter_python:/rmf_demos_ws/install/rmf_fleet_adapter:/rmf_demos_ws/install/rmf_task_ros2:/rmf_demos_ws/install/rmf_websocket:/rmf_demos_ws/install/rmf_visualization:/rmf_demos_ws/install/rmf_visualization_schedule:/rmf_demos_ws/install/rmf_visualization_rviz2_plugins:/rmf_demos_ws/install/rmf_visualization_obstacles:/rmf_demos_ws/install/rmf_visualization_navgraphs:/rmf_demos_ws/install/rmf_visualization_floorplans:/rmf_demos_ws/install/rmf_visualization_fleet_states:/rmf_demos_ws/install/rmf_visualization_msgs:/rmf_demos_ws/install/rmf_traffic_ros2:/rmf_demos_ws/install/rmf_task_sequence:/rmf_demos_ws/install/rmf_task:/rmf_demos_ws/install/rmf_battery:/rmf_demos_ws/install/rmf_traffic:/rmf_demos_ws/install/rmf_utils:/rmf_demos_ws/install/rmf_traffic_msgs:/rmf_demos_ws/install/rmf_traffic_editor_test_maps:/rmf_demos_ws/install/rmf_traffic_editor_assets:/rmf_demos_ws/install/rmf_traffic_editor:/rmf_demos_ws/install/rmf_task_msgs:/rmf_demos_ws/install/rmf_site_map_msgs:/rmf_demos_ws/install/rmf_scheduler_msgs:/rmf_demos_ws/install/rmf_robot_sim_gz_plugins:/rmf_demos_ws/install/rmf_robot_sim_common:/rmf_demos_ws/install/rmf_reservation_msgs:/rmf_demos_ws/install/rmf_obstacle_msgs:/rmf_demos_ws/install/rmf_building_sim_gz_plugins:/rmf_demos_ws/install/rmf_lift_msgs:/rmf_demos_ws/install/rmf_ingestor_msgs:/rmf_demos_ws/install/rmf_fleet_msgs:/rmf_demos_ws/install/rmf_door_msgs:/rmf_demos_ws/install/rmf_dispenser_msgs:/rmf_demos_ws/install/rmf_demos_maps:/rmf_demos_ws/install/rmf_demos_assets:/rmf_demos_ws/install/rmf_charger_msgs:/rmf_demos_ws/install/rmf_building_map_msgs:/rmf_demos_ws/install/rmf_api_msgs:/rmf_demos_ws/install/nlohmann_json_schema_validator_vendor:/rmf_demos_ws/install/rmf_demos_fleet_adapter:/rmf_demos_ws/install/rmf_visualization_building_systems:/rmf_demos_ws/install/rmf_traffic_examples:/rmf_demos_ws/install/rmf_demos_bridges:/rmf_demos_ws/install/rmf_demos_tasks:/rmf_demos_ws/install/rmf_building_map_tools:/rmf_demos_ws/install/rmf_charging_schedule:/opt/ros/jazzy:/rmf_demos_ws/install/menge_vendor:/rmf_demos_ws/install/ament_cmake_catch2:/opt/ros/jazzy/opt/gz_sim_vendor:/opt/ros/jazzy/opt/gz_sensors_vendor:/opt/ros/jazzy/opt/gz_physics_vendor:/opt/ros/jazzy/opt/sdformat_vendor:/opt/ros/jazzy/opt/gz_gui_vendor:/opt/ros/jazzy/opt/gz_transport_vendor:/opt/ros/jazzy/opt/gz_rendering_vendor:/opt/ros/jazzy/opt/gz_plugin_vendor:/opt/ros/jazzy/opt/gz_fuel_tools_vendor:/opt/ros/jazzy/opt/gz_msgs_vendor:/opt/ros/jazzy/opt/gz_common_vendor:/opt/ros/jazzy/opt/gz_math_vendor:/opt/ros/jazzy/opt/gz_utils_vendor:/opt/ros/jazzy/opt/gz_tools_vendor:/opt/ros/jazzy/opt/gz_ogre_next_vendor:/opt/ros/jazzy/opt/gz_dartsim_vendor:/opt/ros/jazzy/opt/gz_cmake_vendor /usr/bin/cmake --build /home/maria/rmf_ws/build/first_project -- -j8 -l8
[0.061s] [100%] [34m[1mGenerating maps/icc_kyoto/icc_kyoto.world[0m
[0.061s] [100%] [34m[1mGenerating maps/icc_kyoto/nav_graphs/.generated[0m
[0.442s] generating /home/maria/rmf_ws/build/first_project/maps/icc_kyoto/icc_kyoto.world from /home/maria/rmf_ws/src/first_project/maps/icc_kyoto/icc_kyoto.building.yaml
[0.499s] building name: icc_kyoto
[0.499s] coordinate system: reference_image
[0.499s] parsing level L1
[0.499s] building name: icc_kyoto
[0.499s] coordinate system: reference_image
[0.500s] parsing level L1
[0.500s] parsing level L2
[0.500s] calculating levels relative to L1
[0.500s] level L1 scale: 0.02551020408163266
[0.500s] calculating level L2 offset and scale...
[0.500s]   0 common fiducials:
[0.500s] Transform.set_from_fiducials()
[0.500s]   0 fiducial pairs:
[0.500s] Bearings:
[0.501s] []
[0.501s] parsing level L2
[0.501s] calculating levels relative to L1
[0.501s] level L1 scale: 0.02551020408163266
[0.501s] calculating level L2 offset and scale...
[0.501s]   0 common fiducials:
[0.501s] Transform.set_from_fiducials()
[0.501s]   0 fiducial pairs:
[0.501s] Bearings:
[0.501s] []
[0.504s] parsing lift lift1
[0.504s] generating model of level L1 in /home/maria/rmf_ws/build/first_project/maps/icc_kyoto/models/icc_kyoto_L1
[0.504s] parsing lift lift1
[0.505s]   wrote /home/maria/rmf_ws/build/first_project/maps/icc_kyoto/models/icc_kyoto_L1/model.config
[0.505s] generating floor polygon 1 on floor icc_kyoto_L1
[0.505s] generating nav data
[0.505s] hole vertices: []
[0.505s] lift vertices: {'lift1': [(11.577551020408166, -28.28673469387756), (11.577551020408166, -30.38673469387756), (13.677551020408167, -30.38673469387756), (13.677551020408167, -28.28673469387756)]}
[0.506s] hooray, we found an intersection: t=0.504, u=0.63
[0.506s]   (764.563,-1046.99),(744.819,-1435.622) and (680.388,-1242.995),(798.165,-1242.995)
[0.506s] found intersection with door door1!
[0.506s] hooray, we found an intersection: t=0.728, u=0.576
[0.506s]   (841.453,-1376.707),(955.766,-1376.707) and (924.619,-1355.521),(924.619,-1392.329)
[0.506s] found intersection with door door3!
[0.506s] hooray, we found an intersection: t=0.683, u=0.285
[0.506s]   (841.453,-1376.707),(841.453,-1181.057) and (808.193,-1242.995),(925.045,-1242.995)
[0.506s] found intersection with door door5!
[0.507s] hooray, we found an intersection: t=0.647, u=0.477
[0.507s]   (731.395,-998.072),(731.395,-1376.77) and (672.582,-1243.013),(795.893,-1243.013)
[0.507s] found intersection with door door6!
[0.507s] hooray, we found an intersection: t=0.661, u=0.58
[0.507s]   (731.395,-1376.77),(645.327,-1376.77) and (674.5,-1355.444),(674.5,-1392.191)
[0.507s] found intersection with door door9!
[0.507s] hooray, we found an intersection: t=0.354, u=0.55
[0.508s]   (871.348,-1171.704),(871.348,-1373.028) and (808.137,-1243.013),(923.139,-1243.013)
[0.508s] found intersection with door door7!
[0.508s] hooray, we found an intersection: t=0.664, u=0.436
[0.508s]   (871.348,-1373.028),(950.68,-1373.028) and (924.039,-1357.093),(924.039,-1393.624)
[0.508s] found intersection with door door8!
[0.508s] writing /home/maria/rmf_ws/build/first_project/maps/icc_kyoto/nav_graphs/0.yaml
[0.510s] [[0, 5, 6], [0, 6, 7], [0, 7, 1], [1, 7, 2], [4, 3, 2], [4, 2, 5], [5, 2, 8], [5, 8, 9], [5, 9, 6], [7, 8, 2]]
[0.511s]   wrote /home/maria/rmf_ws/build/first_project/maps/icc_kyoto/models/icc_kyoto_L1/meshes/floor_1.obj
[0.512s]   wrote /home/maria/rmf_ws/build/first_project/maps/icc_kyoto/models/icc_kyoto_L1/meshes/blue_linoleum.png
[0.512s]   wrote /home/maria/rmf_ws/build/first_project/maps/icc_kyoto/models/icc_kyoto_L1/meshes/floor_1.mtl
[0.512s] Walls Generation, wall params list: [{'alpha': <building_map.param_value.ParamValue object at 0x7ca6745bc440>, 'texture_height': <building_map.param_value.ParamValue object at 0x7ca6745bc470>, 'texture_name': <building_map.param_value.ParamValue object at 0x7ca6745bc4a0>, 'texture_scale': <building_map.param_value.ParamValue object at 0x7ca6745bc4d0>, 'texture_width': <building_map.param_value.ParamValue object at 0x7ca6745bc500>}]
[0.512s] generating wall: 1 on floor: icc_kyoto_L1
[0.512s]   wrote /home/maria/rmf_ws/build/first_project/maps/icc_kyoto/models/icc_kyoto_L1/meshes/default.png
[0.513s] generate_wall_visual_mesh(icc_kyoto_L1, /home/maria/rmf_ws/build/first_project/maps/icc_kyoto/models/icc_kyoto_L1)
[0.513s]   generating /home/maria/rmf_ws/build/first_project/maps/icc_kyoto/models/icc_kyoto_L1/meshes/wall_1.obj
[0.521s]   generating /home/maria/rmf_ws/build/first_project/maps/icc_kyoto/models/icc_kyoto_L1/meshes/wall_1.mtl
[0.521s]   wrote /home/maria/rmf_ws/build/first_project/maps/icc_kyoto/models/icc_kyoto_L1/model.sdf
[0.521s] generating model of level L2 in /home/maria/rmf_ws/build/first_project/maps/icc_kyoto/models/icc_kyoto_L2
[0.521s]   wrote /home/maria/rmf_ws/build/first_project/maps/icc_kyoto/models/icc_kyoto_L2/model.config
[0.521s] generating floor polygon 1 on floor icc_kyoto_L2
[0.521s] hole vertices: []
[0.521s] lift vertices: {'lift1': [(11.577551020408166, -28.28673469387756), (11.577551020408166, -30.38673469387756), (13.677551020408167, -30.38673469387756), (13.677551020408167, -28.28673469387756)]}
[0.522s] [[0, 3, 2], [0, 2, 1]]
[0.522s]   wrote /home/maria/rmf_ws/build/first_project/maps/icc_kyoto/models/icc_kyoto_L2/meshes/floor_1.obj
[0.523s]   wrote /home/maria/rmf_ws/build/first_project/maps/icc_kyoto/models/icc_kyoto_L2/meshes/blue_linoleum.png
[0.523s]   wrote /home/maria/rmf_ws/build/first_project/maps/icc_kyoto/models/icc_kyoto_L2/meshes/floor_1.mtl
[0.523s] Walls Generation, wall params list: [{'alpha': <building_map.param_value.ParamValue object at 0x7ca674639040>, 'texture_height': <building_map.param_value.ParamValue object at 0x7ca6746390a0>, 'texture_name': <building_map.param_value.ParamValue object at 0x7ca674639070>, 'texture_scale': <building_map.param_value.ParamValue object at 0x7ca6746390d0>, 'texture_width': <building_map.param_value.ParamValue object at 0x7ca674639100>}]
[0.523s] generating wall: 1 on floor: icc_kyoto_L2
[0.523s]   wrote /home/maria/rmf_ws/build/first_project/maps/icc_kyoto/models/icc_kyoto_L2/meshes/default.png
[0.523s] generate_wall_visual_mesh(icc_kyoto_L2, /home/maria/rmf_ws/build/first_project/maps/icc_kyoto/models/icc_kyoto_L2)
[0.523s]   generating /home/maria/rmf_ws/build/first_project/maps/icc_kyoto/models/icc_kyoto_L2/meshes/wall_1.obj
[0.526s]   generating /home/maria/rmf_ws/build/first_project/maps/icc_kyoto/models/icc_kyoto_L2/meshes/wall_1.mtl
[0.526s]   wrote /home/maria/rmf_ws/build/first_project/maps/icc_kyoto/models/icc_kyoto_L2/model.sdf
[0.527s] Could not parse cache file: /home/maria/.pit_crew/model_cache.json! [Errno 2] No such file or directory: '/home/maria/.pit_crew/model_cache.json'
[0.528s] spawning robot name tinyRobot1 of type TinyRobot
[0.528s] spawning robot name tinyRobot2 of type TinyRobot
[0.528s] generate door name=door1 type=double_hinged
[0.528s] Door(door1)
[0.528s] generate door name=door2 type=hinged
[0.528s] Door(door2)
[0.528s] generate door name=door3 type=sliding
[0.528s] Door(door3)
[0.529s] generate door name=door4 type=double_hinged
[0.529s] Door(door4)
[0.529s] generate door name=door5 type=double_hinged
[0.529s] Door(door5)
[0.529s] generate door name=door6 type=double_hinged
[0.529s] Door(door6)
[0.529s] generate door name=door7 type=double_hinged
[0.529s] Door(door7)
[0.529s] generate door name=door8 type=sliding
[0.529s] Door(door8)
[0.529s] generate door name=door9 type=hinged
[0.529s] Door(door9)
[0.534s] 105553 bytes written to /home/maria/rmf_ws/build/first_project/maps/icc_kyoto/icc_kyoto.world
[0.585s] [100%] Built target generate_icc_kyoto_nav_graphs
[0.599s] [100%] Built target generate_icc_kyoto_world
[0.609s] Invoked command in '/home/maria/rmf_ws/build/first_project' returned '0': CMAKE_PREFIX_PATH=/home/maria/rmf_ws/install/first_project:/rmf_demos_ws/install/rmf_workcell_msgs:/rmf_demos_ws/install/rmf_demos_gz:/rmf_demos_ws/install/rmf_demos:/rmf_demos_ws/install/rmf_reservation_node:/rmf_demos_ws/install/rmf_fleet_adapter_python:/rmf_demos_ws/install/rmf_fleet_adapter:/rmf_demos_ws/install/rmf_task_ros2:/rmf_demos_ws/install/rmf_websocket:/rmf_demos_ws/install/rmf_visualization:/rmf_demos_ws/install/rmf_visualization_schedule:/rmf_demos_ws/install/rmf_visualization_rviz2_plugins:/rmf_demos_ws/install/rmf_visualization_obstacles:/rmf_demos_ws/install/rmf_visualization_navgraphs:/rmf_demos_ws/install/rmf_visualization_floorplans:/rmf_demos_ws/install/rmf_visualization_fleet_states:/rmf_demos_ws/install/rmf_visualization_msgs:/rmf_demos_ws/install/rmf_traffic_ros2:/rmf_demos_ws/install/rmf_task_sequence:/rmf_demos_ws/install/rmf_task:/rmf_demos_ws/install/rmf_battery:/rmf_demos_ws/install/rmf_traffic:/rmf_demos_ws/install/rmf_utils:/rmf_demos_ws/install/rmf_traffic_msgs:/rmf_demos_ws/install/rmf_traffic_editor_test_maps:/rmf_demos_ws/install/rmf_traffic_editor_assets:/rmf_demos_ws/install/rmf_traffic_editor:/rmf_demos_ws/install/rmf_task_msgs:/rmf_demos_ws/install/rmf_site_map_msgs:/rmf_demos_ws/install/rmf_scheduler_msgs:/rmf_demos_ws/install/rmf_robot_sim_gz_plugins:/rmf_demos_ws/install/rmf_robot_sim_common:/rmf_demos_ws/install/rmf_reservation_msgs:/rmf_demos_ws/install/rmf_obstacle_msgs:/rmf_demos_ws/install/rmf_building_sim_gz_plugins:/rmf_demos_ws/install/rmf_lift_msgs:/rmf_demos_ws/install/rmf_ingestor_msgs:/rmf_demos_ws/install/rmf_fleet_msgs:/rmf_demos_ws/install/rmf_door_msgs:/rmf_demos_ws/install/rmf_dispenser_msgs:/rmf_demos_ws/install/rmf_demos_maps:/rmf_demos_ws/install/rmf_demos_assets:/rmf_demos_ws/install/rmf_charger_msgs:/rmf_demos_ws/install/rmf_building_map_msgs:/rmf_demos_ws/install/rmf_api_msgs:/rmf_demos_ws/install/nlohmann_json_schema_validator_vendor:/rmf_demos_ws/install/rmf_demos_fleet_adapter:/rmf_demos_ws/install/rmf_visualization_building_systems:/rmf_demos_ws/install/rmf_traffic_examples:/rmf_demos_ws/install/rmf_demos_bridges:/rmf_demos_ws/install/rmf_demos_tasks:/rmf_demos_ws/install/rmf_building_map_tools:/rmf_demos_ws/install/rmf_charging_schedule:/opt/ros/jazzy:/rmf_demos_ws/install/menge_vendor:/rmf_demos_ws/install/ament_cmake_catch2:/opt/ros/jazzy/opt/gz_sim_vendor:/opt/ros/jazzy/opt/gz_sensors_vendor:/opt/ros/jazzy/opt/gz_physics_vendor:/opt/ros/jazzy/opt/sdformat_vendor:/opt/ros/jazzy/opt/gz_gui_vendor:/opt/ros/jazzy/opt/gz_transport_vendor:/opt/ros/jazzy/opt/gz_rendering_vendor:/opt/ros/jazzy/opt/gz_plugin_vendor:/opt/ros/jazzy/opt/gz_fuel_tools_vendor:/opt/ros/jazzy/opt/gz_msgs_vendor:/opt/ros/jazzy/opt/gz_common_vendor:/opt/ros/jazzy/opt/gz_math_vendor:/opt/ros/jazzy/opt/gz_utils_vendor:/opt/ros/jazzy/opt/gz_tools_vendor:/opt/ros/jazzy/opt/gz_ogre_next_vendor:/opt/ros/jazzy/opt/gz_dartsim_vendor:/opt/ros/jazzy/opt/gz_cmake_vendor /usr/bin/cmake --build /home/maria/rmf_ws/build/first_project -- -j8 -l8
[0.617s] Invoking command in '/home/maria/rmf_ws/build/first_project': CMAKE_PREFIX_PATH=/home/maria/rmf_ws/install/first_project:/rmf_demos_ws/install/rmf_workcell_msgs:/rmf_demos_ws/install/rmf_demos_gz:/rmf_demos_ws/install/rmf_demos:/rmf_demos_ws/install/rmf_reservation_node:/rmf_demos_ws/install/rmf_fleet_adapter_python:/rmf_demos_ws/install/rmf_fleet_adapter:/rmf_demos_ws/install/rmf_task_ros2:/rmf_demos_ws/install/rmf_websocket:/rmf_demos_ws/install/rmf_visualization:/rmf_demos_ws/install/rmf_visualization_schedule:/rmf_demos_ws/install/rmf_visualization_rviz2_plugins:/rmf_demos_ws/install/rmf_visualization_obstacles:/rmf_demos_ws/install/rmf_visualization_navgraphs:/rmf_demos_ws/install/rmf_visualization_floorplans:/rmf_demos_ws/install/rmf_visualization_fleet_states:/rmf_demos_ws/install/rmf_visualization_msgs:/rmf_demos_ws/install/rmf_traffic_ros2:/rmf_demos_ws/install/rmf_task_sequence:/rmf_demos_ws/install/rmf_task:/rmf_demos_ws/install/rmf_battery:/rmf_demos_ws/install/rmf_traffic:/rmf_demos_ws/install/rmf_utils:/rmf_demos_ws/install/rmf_traffic_msgs:/rmf_demos_ws/install/rmf_traffic_editor_test_maps:/rmf_demos_ws/install/rmf_traffic_editor_assets:/rmf_demos_ws/install/rmf_traffic_editor:/rmf_demos_ws/install/rmf_task_msgs:/rmf_demos_ws/install/rmf_site_map_msgs:/rmf_demos_ws/install/rmf_scheduler_msgs:/rmf_demos_ws/install/rmf_robot_sim_gz_plugins:/rmf_demos_ws/install/rmf_robot_sim_common:/rmf_demos_ws/install/rmf_reservation_msgs:/rmf_demos_ws/install/rmf_obstacle_msgs:/rmf_demos_ws/install/rmf_building_sim_gz_plugins:/rmf_demos_ws/install/rmf_lift_msgs:/rmf_demos_ws/install/rmf_ingestor_msgs:/rmf_demos_ws/install/rmf_fleet_msgs:/rmf_demos_ws/install/rmf_door_msgs:/rmf_demos_ws/install/rmf_dispenser_msgs:/rmf_demos_ws/install/rmf_demos_maps:/rmf_demos_ws/install/rmf_demos_assets:/rmf_demos_ws/install/rmf_charger_msgs:/rmf_demos_ws/install/rmf_building_map_msgs:/rmf_demos_ws/install/rmf_api_msgs:/rmf_demos_ws/install/nlohmann_json_schema_validator_vendor:/rmf_demos_ws/install/rmf_demos_fleet_adapter:/rmf_demos_ws/install/rmf_visualization_building_systems:/rmf_demos_ws/install/rmf_traffic_examples:/rmf_demos_ws/install/rmf_demos_bridges:/rmf_demos_ws/install/rmf_demos_tasks:/rmf_demos_ws/install/rmf_building_map_tools:/rmf_demos_ws/install/rmf_charging_schedule:/opt/ros/jazzy:/rmf_demos_ws/install/menge_vendor:/rmf_demos_ws/install/ament_cmake_catch2:/opt/ros/jazzy/opt/gz_sim_vendor:/opt/ros/jazzy/opt/gz_sensors_vendor:/opt/ros/jazzy/opt/gz_physics_vendor:/opt/ros/jazzy/opt/sdformat_vendor:/opt/ros/jazzy/opt/gz_gui_vendor:/opt/ros/jazzy/opt/gz_transport_vendor:/opt/ros/jazzy/opt/gz_rendering_vendor:/opt/ros/jazzy/opt/gz_plugin_vendor:/opt/ros/jazzy/opt/gz_fuel_tools_vendor:/opt/ros/jazzy/opt/gz_msgs_vendor:/opt/ros/jazzy/opt/gz_common_vendor:/opt/ros/jazzy/opt/gz_math_vendor:/opt/ros/jazzy/opt/gz_utils_vendor:/opt/ros/jazzy/opt/gz_tools_vendor:/opt/ros/jazzy/opt/gz_ogre_next_vendor:/opt/ros/jazzy/opt/gz_dartsim_vendor:/opt/ros/jazzy/opt/gz_cmake_vendor /usr/bin/cmake --install /home/maria/rmf_ws/build/first_project
[0.625s] -- Install configuration: ""
[0.625s] -- Execute custom install script
[0.625s] -- Up-to-date symlink: /home/maria/rmf_ws/install/first_project/share/first_project/launch/common.launch.xml
[0.625s] -- Up-to-date symlink: /home/maria/rmf_ws/install/first_project/share/first_project/launch/icc_kyoto.launch.xml
[0.625s] -- Up-to-date symlink: /home/maria/rmf_ws/install/first_project/share/first_project/launch/simulation.launch.xml
[0.625s] -- Up-to-date symlink: /home/maria/rmf_ws/install/first_project/share/first_project/config/icc_kyoto.rviz
[0.625s] -- Up-to-date symlink: /home/maria/rmf_ws/install/first_project/share/first_project/config/tinyRobot_config.yaml
[0.627s] -- Up-to-date symlink: /home/maria/rmf_ws/install/first_project/share/first_project/maps/icc_kyoto/conference_room_b1.png
[0.627s] -- Up-to-date symlink: /home/maria/rmf_ws/install/first_project/share/first_project/maps/icc_kyoto/conference_room_b1_balcony.png
[0.627s] -- Up-to-date symlink: /home/maria/rmf_ws/install/first_project/share/first_project/maps/icc_kyoto/icc_kyoto.building.yaml
[0.627s] -- Symlinking: /home/maria/rmf_ws/install/first_project/share/first_project/maps/icc_kyoto/icc_kyoto.world
[0.636s] -- Up-to-date symlink: /home/maria/rmf_ws/install/first_project/share/first_project/maps/icc_kyoto/icc_kyoto_world/icc_kyoto_L1/meshes/blue_linoleum.png
[0.636s] -- Up-to-date symlink: /home/maria/rmf_ws/install/first_project/share/first_project/maps/icc_kyoto/icc_kyoto_world/icc_kyoto_L1/meshes/default.png
[0.636s] -- Up-to-date symlink: /home/maria/rmf_ws/install/first_project/share/first_project/maps/icc_kyoto/icc_kyoto_world/icc_kyoto_L1/meshes/floor_1.mtl
[0.636s] -- Up-to-date symlink: /home/maria/rmf_ws/install/first_project/share/first_project/maps/icc_kyoto/icc_kyoto_world/icc_kyoto_L1/meshes/floor_1.obj
[0.636s] -- Up-to-date symlink: /home/maria/rmf_ws/install/first_project/share/first_project/maps/icc_kyoto/icc_kyoto_world/icc_kyoto_L1/meshes/model.material
[0.636s] -- Up-to-date symlink: /home/maria/rmf_ws/install/first_project/share/first_project/maps/icc_kyoto/icc_kyoto_world/icc_kyoto_L1/meshes/wall_1.mtl
[0.636s] -- Up-to-date symlink: /home/maria/rmf_ws/install/first_project/share/first_project/maps/icc_kyoto/icc_kyoto_world/icc_kyoto_L1/meshes/wall_1.obj
[0.636s] -- Up-to-date symlink: /home/maria/rmf_ws/install/first_project/share/first_project/maps/icc_kyoto/icc_kyoto_world/icc_kyoto_L1/model.config
[0.637s] -- Up-to-date symlink: /home/maria/rmf_ws/install/first_project/share/first_project/maps/icc_kyoto/icc_kyoto_world/icc_kyoto_L1/model.sdf
[0.637s] -- Up-to-date symlink: /home/maria/rmf_ws/install/first_project/share/first_project/maps/icc_kyoto/icc_kyoto_world/icc_kyoto_L2/meshes/blue_linoleum.png
[0.637s] -- Up-to-date symlink: /home/maria/rmf_ws/install/first_project/share/first_project/maps/icc_kyoto/icc_kyoto_world/icc_kyoto_L2/meshes/default.png
[0.637s] -- Up-to-date symlink: /home/maria/rmf_ws/install/first_project/share/first_project/maps/icc_kyoto/icc_kyoto_world/icc_kyoto_L2/meshes/floor_1.mtl
[0.637s] -- Up-to-date symlink: /home/maria/rmf_ws/install/first_project/share/first_project/maps/icc_kyoto/icc_kyoto_world/icc_kyoto_L2/meshes/floor_1.obj
[0.637s] -- Up-to-date symlink: /home/maria/rmf_ws/install/first_project/share/first_project/maps/icc_kyoto/icc_kyoto_world/icc_kyoto_L2/meshes/model.material
[0.637s] -- Up-to-date symlink: /home/maria/rmf_ws/install/first_project/share/first_project/maps/icc_kyoto/icc_kyoto_world/icc_kyoto_L2/meshes/wall_1.mtl
[0.637s] -- Up-to-date symlink: /home/maria/rmf_ws/install/first_project/share/first_project/maps/icc_kyoto/icc_kyoto_world/icc_kyoto_L2/meshes/wall_1.obj
[0.637s] -- Up-to-date symlink: /home/maria/rmf_ws/install/first_project/share/first_project/maps/icc_kyoto/icc_kyoto_world/icc_kyoto_L2/model.config
[0.637s] -- Up-to-date symlink: /home/maria/rmf_ws/install/first_project/share/first_project/maps/icc_kyoto/icc_kyoto_world/icc_kyoto_L2/model.sdf
[0.637s] -- Up-to-date symlink: /home/maria/rmf_ws/install/first_project/share/first_project/maps/icc_kyoto/models/AdjTable/meshes/AdjTable.mtl
[0.637s] -- Up-to-date symlink: /home/maria/rmf_ws/install/first_project/share/first_project/maps/icc_kyoto/models/AdjTable/meshes/AdjTable.obj
[0.637s] -- Up-to-date symlink: /home/maria/rmf_ws/install/first_project/share/first_project/maps/icc_kyoto/models/AdjTable/meshes/AdjTable_Col.mtl
[0.637s] -- Up-to-date symlink: /home/maria/rmf_ws/install/first_project/share/first_project/maps/icc_kyoto/models/AdjTable/meshes/AdjTable_Col.obj
[0.637s] -- Up-to-date symlink: /home/maria/rmf_ws/install/first_project/share/first_project/maps/icc_kyoto/models/AdjTable/meshes/AdjTable_Diffuse.png
[0.637s] -- Up-to-date symlink: /home/maria/rmf_ws/install/first_project/share/first_project/maps/icc_kyoto/models/AdjTable/model.config
[0.638s] -- Up-to-date symlink: /home/maria/rmf_ws/install/first_project/share/first_project/maps/icc_kyoto/models/AdjTable/model.sdf
[0.638s] -- Up-to-date symlink: /home/maria/rmf_ws/install/first_project/share/first_project/maps/icc_kyoto/models/AdjTable/thumbnails/1.png
[0.638s] -- Up-to-date symlink: /home/maria/rmf_ws/install/first_project/share/first_project/maps/icc_kyoto/models/AdjTable/thumbnails/2.png
[0.638s] -- Up-to-date symlink: /home/maria/rmf_ws/install/first_project/share/first_project/maps/icc_kyoto/models/AdjTable/thumbnails/3.png
[0.638s] -- Up-to-date symlink: /home/maria/rmf_ws/install/first_project/share/first_project/maps/icc_kyoto/models/AdjTable/thumbnails/4.png
[0.638s] -- Up-to-date symlink: /home/maria/rmf_ws/install/first_project/share/first_project/maps/icc_kyoto/models/AdjTable/thumbnails/5.png
[0.638s] -- Up-to-date symlink: /home/maria/rmf_ws/install/first_project/share/first_project/maps/icc_kyoto/models/OfficeChairGrey/meshes/OfficeChairGrey.mtl
[0.638s] -- Up-to-date symlink: /home/maria/rmf_ws/install/first_project/share/first_project/maps/icc_kyoto/models/OfficeChairGrey/meshes/OfficeChairGrey.obj
[0.638s] -- Up-to-date symlink: /home/maria/rmf_ws/install/first_project/share/first_project/maps/icc_kyoto/models/OfficeChairGrey/meshes/OfficeChairGrey.png
[0.638s] -- Up-to-date symlink: /home/maria/rmf_ws/install/first_project/share/first_project/maps/icc_kyoto/models/OfficeChairGrey/meshes/OfficeChairGrey_Col.mtl
[0.638s] -- Up-to-date symlink: /home/maria/rmf_ws/install/first_project/share/first_project/maps/icc_kyoto/models/OfficeChairGrey/meshes/OfficeChairGrey_Col.obj
[0.638s] -- Up-to-date symlink: /home/maria/rmf_ws/install/first_project/share/first_project/maps/icc_kyoto/models/OfficeChairGrey/model.config
[0.638s] -- Up-to-date symlink: /home/maria/rmf_ws/install/first_project/share/first_project/maps/icc_kyoto/models/OfficeChairGrey/model.sdf
[0.639s] -- Up-to-date symlink: /home/maria/rmf_ws/install/first_project/share/first_project/maps/icc_kyoto/models/OfficeChairGrey/thumbnails/1.png
[0.639s] -- Up-to-date symlink: /home/maria/rmf_ws/install/first_project/share/first_project/maps/icc_kyoto/models/OfficeChairGrey/thumbnails/2.png
[0.639s] -- Up-to-date symlink: /home/maria/rmf_ws/install/first_project/share/first_project/maps/icc_kyoto/models/OfficeChairGrey/thumbnails/3.png
[0.639s] -- Up-to-date symlink: /home/maria/rmf_ws/install/first_project/share/first_project/maps/icc_kyoto/models/OfficeChairGrey/thumbnails/4.png
[0.639s] -- Up-to-date symlink: /home/maria/rmf_ws/install/first_project/share/first_project/maps/icc_kyoto/models/OfficeChairGrey/thumbnails/5.png
[0.639s] -- Up-to-date symlink: /home/maria/rmf_ws/install/first_project/share/first_project/maps/icc_kyoto/models/OfficeChairGrey/thumbnails/meta/1.png
[0.639s] -- Up-to-date symlink: /home/maria/rmf_ws/install/first_project/share/first_project/maps/icc_kyoto/models/OfficeChairGrey/thumbnails/meta/2.png
[0.639s] -- Up-to-date symlink: /home/maria/rmf_ws/install/first_project/share/first_project/maps/icc_kyoto/models/OfficeChairGrey/thumbnails/meta/3.png
[0.639s] -- Up-to-date symlink: /home/maria/rmf_ws/install/first_project/share/first_project/maps/icc_kyoto/models/OfficeChairGrey/thumbnails/meta/4.png
[0.639s] -- Up-to-date symlink: /home/maria/rmf_ws/install/first_project/share/first_project/maps/icc_kyoto/models/OfficeChairGrey/thumbnails/meta/5.png
[0.639s] -- Up-to-date symlink: /home/maria/rmf_ws/install/first_project/share/first_project/maps/icc_kyoto/models/TinyRobot/meshes/caster_wheel.mtl
[0.639s] -- Up-to-date symlink: /home/maria/rmf_ws/install/first_project/share/first_project/maps/icc_kyoto/models/TinyRobot/meshes/caster_wheel.obj
[0.639s] -- Up-to-date symlink: /home/maria/rmf_ws/install/first_project/share/first_project/maps/icc_kyoto/models/TinyRobot/meshes/front_wheel.mtl
[0.639s] -- Up-to-date symlink: /home/maria/rmf_ws/install/first_project/share/first_project/maps/icc_kyoto/models/TinyRobot/meshes/front_wheel.obj
[0.639s] -- Up-to-date symlink: /home/maria/rmf_ws/install/first_project/share/first_project/maps/icc_kyoto/models/TinyRobot/meshes/tinyRobot_body.mtl
[0.640s] -- Up-to-date symlink: /home/maria/rmf_ws/install/first_project/share/first_project/maps/icc_kyoto/models/TinyRobot/meshes/tinyRobot_body.obj
[0.640s] -- Up-to-date symlink: /home/maria/rmf_ws/install/first_project/share/first_project/maps/icc_kyoto/models/TinyRobot/model.config
[0.640s] -- Up-to-date symlink: /home/maria/rmf_ws/install/first_project/share/first_project/maps/icc_kyoto/models/TinyRobot/model.sdf
[0.640s] -- Up-to-date symlink: /home/maria/rmf_ws/install/first_project/share/first_project/maps/icc_kyoto/sim_hall.png
[0.640s] -- Symlinking: /home/maria/rmf_ws/install/first_project/share/first_project/maps/icc_kyoto/icc_kyoto.world
[0.649s] -- Up-to-date symlink: /home/maria/rmf_ws/install/first_project/share/first_project/maps/icc_kyoto/models/icc_kyoto_L1/meshes/blue_linoleum.png
[0.649s] -- Up-to-date symlink: /home/maria/rmf_ws/install/first_project/share/first_project/maps/icc_kyoto/models/icc_kyoto_L1/meshes/default.png
[0.649s] -- Up-to-date symlink: /home/maria/rmf_ws/install/first_project/share/first_project/maps/icc_kyoto/models/icc_kyoto_L1/meshes/floor_1.mtl
[0.649s] -- Up-to-date symlink: /home/maria/rmf_ws/install/first_project/share/first_project/maps/icc_kyoto/models/icc_kyoto_L1/meshes/floor_1.obj
[0.649s] -- Up-to-date symlink: /home/maria/rmf_ws/install/first_project/share/first_project/maps/icc_kyoto/models/icc_kyoto_L1/meshes/model.material
[0.649s] -- Up-to-date symlink: /home/maria/rmf_ws/install/first_project/share/first_project/maps/icc_kyoto/models/icc_kyoto_L1/meshes/wall_1.mtl
[0.649s] -- Up-to-date symlink: /home/maria/rmf_ws/install/first_project/share/first_project/maps/icc_kyoto/models/icc_kyoto_L1/meshes/wall_1.obj
[0.649s] -- Up-to-date symlink: /home/maria/rmf_ws/install/first_project/share/first_project/maps/icc_kyoto/models/icc_kyoto_L1/model.config
[0.649s] -- Up-to-date symlink: /home/maria/rmf_ws/install/first_project/share/first_project/maps/icc_kyoto/models/icc_kyoto_L1/model.sdf
[0.649s] -- Up-to-date symlink: /home/maria/rmf_ws/install/first_project/share/first_project/maps/icc_kyoto/models/icc_kyoto_L2/meshes/blue_linoleum.png
[0.649s] -- Up-to-date symlink: /home/maria/rmf_ws/install/first_project/share/first_project/maps/icc_kyoto/models/icc_kyoto_L2/meshes/default.png
[0.649s] -- Up-to-date symlink: /home/maria/rmf_ws/install/first_project/share/first_project/maps/icc_kyoto/models/icc_kyoto_L2/meshes/floor_1.mtl
[0.649s] -- Up-to-date symlink: /home/maria/rmf_ws/install/first_project/share/first_project/maps/icc_kyoto/models/icc_kyoto_L2/meshes/floor_1.obj
[0.650s] -- Up-to-date symlink: /home/maria/rmf_ws/install/first_project/share/first_project/maps/icc_kyoto/models/icc_kyoto_L2/meshes/model.material
[0.650s] -- Up-to-date symlink: /home/maria/rmf_ws/install/first_project/share/first_project/maps/icc_kyoto/models/icc_kyoto_L2/meshes/wall_1.mtl
[0.650s] -- Up-to-date symlink: /home/maria/rmf_ws/install/first_project/share/first_project/maps/icc_kyoto/models/icc_kyoto_L2/meshes/wall_1.obj
[0.650s] -- Up-to-date symlink: /home/maria/rmf_ws/install/first_project/share/first_project/maps/icc_kyoto/models/icc_kyoto_L2/model.config
[0.650s] -- Up-to-date symlink: /home/maria/rmf_ws/install/first_project/share/first_project/maps/icc_kyoto/models/icc_kyoto_L2/model.sdf
[0.650s] -- Up-to-date symlink: /home/maria/rmf_ws/install/first_project/share/first_project/maps/icc_kyoto/nav_graphs/.generated
[0.650s] -- Up-to-date symlink: /home/maria/rmf_ws/install/first_project/share/first_project/maps/icc_kyoto/nav_graphs/0.yaml
[0.650s] -- Up-to-date symlink: /home/maria/rmf_ws/install/first_project/share/first_project/maps/icc_kyoto/nav_graphs/1.yaml
[0.650s] -- Up-to-date symlink: /home/maria/rmf_ws/install/first_project/share/ament_index/resource_index/package_run_dependencies/first_project
[0.650s] -- Up-to-date symlink: /home/maria/rmf_ws/install/first_project/share/ament_index/resource_index/parent_prefix_path/first_project
[0.650s] -- Up-to-date symlink: /home/maria/rmf_ws/install/first_project/share/first_project/environment/ament_prefix_path.sh
[0.650s] -- Up-to-date symlink: /home/maria/rmf_ws/install/first_project/share/first_project/environment/ament_prefix_path.dsv
[0.651s] -- Up-to-date symlink: /home/maria/rmf_ws/install/first_project/share/first_project/environment/path.sh
[0.651s] -- Up-to-date symlink: /home/maria/rmf_ws/install/first_project/share/first_project/environment/path.dsv
[0.651s] -- Up-to-date symlink: /home/maria/rmf_ws/install/first_project/share/first_project/local_setup.bash
[0.651s] -- Up-to-date symlink: /home/maria/rmf_ws/install/first_project/share/first_project/local_setup.sh
[0.651s] -- Up-to-date symlink: /home/maria/rmf_ws/install/first_project/share/first_project/local_setup.zsh
[0.651s] -- Up-to-date symlink: /home/maria/rmf_ws/install/first_project/share/first_project/local_setup.dsv
[0.651s] -- Symlinking: /home/maria/rmf_ws/install/first_project/share/first_project/package.dsv
[0.659s] -- Up-to-date symlink: /home/maria/rmf_ws/install/first_project/share/ament_index/resource_index/packages/first_project
[0.660s] -- Up-to-date symlink: /home/maria/rmf_ws/install/first_project/share/first_project/cmake/first_projectConfig.cmake
[0.660s] -- Up-to-date symlink: /home/maria/rmf_ws/install/first_project/share/first_project/cmake/first_projectConfig-version.cmake
[0.660s] -- Up-to-date symlink: /home/maria/rmf_ws/install/first_project/share/first_project/package.xml
[0.661s] Invoked command in '/home/maria/rmf_ws/build/first_project' returned '0': CMAKE_PREFIX_PATH=/home/maria/rmf_ws/install/first_project:/rmf_demos_ws/install/rmf_workcell_msgs:/rmf_demos_ws/install/rmf_demos_gz:/rmf_demos_ws/install/rmf_demos:/rmf_demos_ws/install/rmf_reservation_node:/rmf_demos_ws/install/rmf_fleet_adapter_python:/rmf_demos_ws/install/rmf_fleet_adapter:/rmf_demos_ws/install/rmf_task_ros2:/rmf_demos_ws/install/rmf_websocket:/rmf_demos_ws/install/rmf_visualization:/rmf_demos_ws/install/rmf_visualization_schedule:/rmf_demos_ws/install/rmf_visualization_rviz2_plugins:/rmf_demos_ws/install/rmf_visualization_obstacles:/rmf_demos_ws/install/rmf_visualization_navgraphs:/rmf_demos_ws/install/rmf_visualization_floorplans:/rmf_demos_ws/install/rmf_visualization_fleet_states:/rmf_demos_ws/install/rmf_visualization_msgs:/rmf_demos_ws/install/rmf_traffic_ros2:/rmf_demos_ws/install/rmf_task_sequence:/rmf_demos_ws/install/rmf_task:/rmf_demos_ws/install/rmf_battery:/rmf_demos_ws/install/rmf_traffic:/rmf_demos_ws/install/rmf_utils:/rmf_demos_ws/install/rmf_traffic_msgs:/rmf_demos_ws/install/rmf_traffic_editor_test_maps:/rmf_demos_ws/install/rmf_traffic_editor_assets:/rmf_demos_ws/install/rmf_traffic_editor:/rmf_demos_ws/install/rmf_task_msgs:/rmf_demos_ws/install/rmf_site_map_msgs:/rmf_demos_ws/install/rmf_scheduler_msgs:/rmf_demos_ws/install/rmf_robot_sim_gz_plugins:/rmf_demos_ws/install/rmf_robot_sim_common:/rmf_demos_ws/install/rmf_reservation_msgs:/rmf_demos_ws/install/rmf_obstacle_msgs:/rmf_demos_ws/install/rmf_building_sim_gz_plugins:/rmf_demos_ws/install/rmf_lift_msgs:/rmf_demos_ws/install/rmf_ingestor_msgs:/rmf_demos_ws/install/rmf_fleet_msgs:/rmf_demos_ws/install/rmf_door_msgs:/rmf_demos_ws/install/rmf_dispenser_msgs:/rmf_demos_ws/install/rmf_demos_maps:/rmf_demos_ws/install/rmf_demos_assets:/rmf_demos_ws/install/rmf_charger_msgs:/rmf_demos_ws/install/rmf_building_map_msgs:/rmf_demos_ws/install/rmf_api_msgs:/rmf_demos_ws/install/nlohmann_json_schema_validator_vendor:/rmf_demos_ws/install/rmf_demos_fleet_adapter:/rmf_demos_ws/install/rmf_visualization_building_systems:/rmf_demos_ws/install/rmf_traffic_examples:/rmf_demos_ws/install/rmf_demos_bridges:/rmf_demos_ws/install/rmf_demos_tasks:/rmf_demos_ws/install/rmf_building_map_tools:/rmf_demos_ws/install/rmf_charging_schedule:/opt/ros/jazzy:/rmf_demos_ws/install/menge_vendor:/rmf_demos_ws/install/ament_cmake_catch2:/opt/ros/jazzy/opt/gz_sim_vendor:/opt/ros/jazzy/opt/gz_sensors_vendor:/opt/ros/jazzy/opt/gz_physics_vendor:/opt/ros/jazzy/opt/sdformat_vendor:/opt/ros/jazzy/opt/gz_gui_vendor:/opt/ros/jazzy/opt/gz_transport_vendor:/opt/ros/jazzy/opt/gz_rendering_vendor:/opt/ros/jazzy/opt/gz_plugin_vendor:/opt/ros/jazzy/opt/gz_fuel_tools_vendor:/opt/ros/jazzy/opt/gz_msgs_vendor:/opt/ros/jazzy/opt/gz_common_vendor:/opt/ros/jazzy/opt/gz_math_vendor:/opt/ros/jazzy/opt/gz_utils_vendor:/opt/ros/jazzy/opt/gz_tools_vendor:/opt/ros/jazzy/opt/gz_ogre_next_vendor:/opt/ros/jazzy/opt/gz_dartsim_vendor:/opt/ros/jazzy/opt/gz_cmake_vendor /usr/bin/cmake --install /home/maria/rmf_ws/build/first_project
