[0.015s] Invoking command in '/home/maria/rmf_ws/build/rmf_robot_sim_gz_plugins': AMENT_PREFIX_PATH=/home/maria/rmf_ws/install/rmf_robot_sim_common:/home/maria/rmf_ws/install/rmf_building_sim_gz_plugins:${AMENT_PREFIX_PATH} CMAKE_PREFIX_PATH=/home/maria/rmf_ws/install/rmf_robot_sim_common:/home/maria/rmf_ws/install/rmf_building_sim_gz_plugins:/rmf_demos_ws/install/rmf_workcell_msgs:/rmf_demos_ws/install/rmf_demos_gz:/rmf_demos_ws/install/rmf_demos:/rmf_demos_ws/install/rmf_reservation_node:/rmf_demos_ws/install/rmf_fleet_adapter_python:/rmf_demos_ws/install/rmf_fleet_adapter:/rmf_demos_ws/install/rmf_task_ros2:/rmf_demos_ws/install/rmf_websocket:/rmf_demos_ws/install/rmf_visualization:/rmf_demos_ws/install/rmf_visualization_schedule:/rmf_demos_ws/install/rmf_visualization_rviz2_plugins:/rmf_demos_ws/install/rmf_visualization_obstacles:/rmf_demos_ws/install/rmf_visualization_navgraphs:/rmf_demos_ws/install/rmf_visualization_floorplans:/rmf_demos_ws/install/rmf_visualization_fleet_states:/rmf_demos_ws/install/rmf_visualization_msgs:/rmf_demos_ws/install/rmf_traffic_ros2:/rmf_demos_ws/install/rmf_task_sequence:/rmf_demos_ws/install/rmf_task:/rmf_demos_ws/install/rmf_battery:/rmf_demos_ws/install/rmf_traffic:/rmf_demos_ws/install/rmf_utils:/rmf_demos_ws/install/rmf_traffic_msgs:/rmf_demos_ws/install/rmf_traffic_editor_test_maps:/rmf_demos_ws/install/rmf_traffic_editor_assets:/rmf_demos_ws/install/rmf_traffic_editor:/rmf_demos_ws/install/rmf_task_msgs:/rmf_demos_ws/install/rmf_site_map_msgs:/rmf_demos_ws/install/rmf_scheduler_msgs:/rmf_demos_ws/install/rmf_robot_sim_gz_plugins:/rmf_demos_ws/install/rmf_robot_sim_common:/rmf_demos_ws/install/rmf_reservation_msgs:/rmf_demos_ws/install/rmf_obstacle_msgs:/rmf_demos_ws/install/rmf_building_sim_gz_plugins:/rmf_demos_ws/install/rmf_lift_msgs:/rmf_demos_ws/install/rmf_ingestor_msgs:/rmf_demos_ws/install/rmf_fleet_msgs:/rmf_demos_ws/install/rmf_door_msgs:/rmf_demos_ws/install/rmf_dispenser_msgs:/rmf_demos_ws/install/rmf_demos_maps:/rmf_demos_ws/install/rmf_demos_assets:/rmf_demos_ws/install/rmf_charger_msgs:/rmf_demos_ws/install/rmf_building_map_msgs:/rmf_demos_ws/install/rmf_api_msgs:/rmf_demos_ws/install/nlohmann_json_schema_validator_vendor:/rmf_demos_ws/install/rmf_demos_fleet_adapter:/rmf_demos_ws/install/rmf_visualization_building_systems:/rmf_demos_ws/install/rmf_traffic_examples:/rmf_demos_ws/install/rmf_demos_bridges:/rmf_demos_ws/install/rmf_demos_tasks:/rmf_demos_ws/install/rmf_building_map_tools:/rmf_demos_ws/install/rmf_charging_schedule:/opt/ros/jazzy:/rmf_demos_ws/install/menge_vendor:/rmf_demos_ws/install/ament_cmake_catch2:/opt/ros/jazzy/opt/gz_sim_vendor:/opt/ros/jazzy/opt/gz_sensors_vendor:/opt/ros/jazzy/opt/gz_physics_vendor:/opt/ros/jazzy/opt/sdformat_vendor:/opt/ros/jazzy/opt/gz_gui_vendor:/opt/ros/jazzy/opt/gz_transport_vendor:/opt/ros/jazzy/opt/gz_rendering_vendor:/opt/ros/jazzy/opt/gz_plugin_vendor:/opt/ros/jazzy/opt/gz_fuel_tools_vendor:/opt/ros/jazzy/opt/gz_msgs_vendor:/opt/ros/jazzy/opt/gz_common_vendor:/opt/ros/jazzy/opt/gz_math_vendor:/opt/ros/jazzy/opt/gz_utils_vendor:/opt/ros/jazzy/opt/gz_tools_vendor:/opt/ros/jazzy/opt/gz_ogre_next_vendor:/opt/ros/jazzy/opt/gz_dartsim_vendor:/opt/ros/jazzy/opt/gz_cmake_vendor LD_LIBRARY_PATH=/home/maria/rmf_ws/install/rmf_robot_sim_common/lib:${LD_LIBRARY_PATH} /usr/bin/cmake /home/maria/rmf_ws/src/rmf_simulation/rmf_robot_sim_gz_plugins -DAMENT_CMAKE_SYMLINK_INSTALL=1 -DCMAKE_INSTALL_PREFIX=/home/maria/rmf_ws/install/rmf_robot_sim_gz_plugins
[0.069s] -- The C compiler identification is GNU 13.3.0
[0.120s] -- The CXX compiler identification is GNU 13.3.0
[0.135s] -- Detecting C compiler ABI info
[0.220s] -- Detecting C compiler ABI info - done
[0.228s] -- Check for working C compiler: /usr/bin/cc - skipped
[0.228s] -- Detecting C compile features
[0.229s] -- Detecting C compile features - done
[0.237s] -- Detecting CXX compiler ABI info
[0.333s] -- Detecting CXX compiler ABI info - done
[0.341s] -- Check for working CXX compiler: /usr/bin/c++ - skipped
[0.342s] -- Detecting CXX compile features
[0.342s] -- Detecting CXX compile features - done
[0.349s] -- Found ament_cmake: 2.5.5 (/opt/ros/jazzy/share/ament_cmake/cmake)
[0.514s] -- Found Python3: /usr/bin/python3 (found version "3.12.3") found components: Interpreter 
[0.588s] -- Override CMake install command with custom implementation using symlinks instead of copying resources
[0.663s] -- Found rclcpp: 28.1.16 (/opt/ros/jazzy/share/rclcpp/cmake)
[0.744s] -- Found rosidl_generator_c: 4.6.7 (/opt/ros/jazzy/share/rosidl_generator_c/cmake)
[0.766s] -- Found rosidl_generator_cpp: 4.6.7 (/opt/ros/jazzy/share/rosidl_generator_cpp/cmake)
[0.793s] -- Using all available rosidl_typesupport_c: rosidl_typesupport_fastrtps_c;rosidl_typesupport_introspection_c
[0.821s] -- Using all available rosidl_typesupport_cpp: rosidl_typesupport_fastrtps_cpp;rosidl_typesupport_introspection_cpp
[0.930s] -- Found rmw_implementation_cmake: 7.3.3 (/opt/ros/jazzy/share/rmw_implementation_cmake/cmake)
[0.938s] -- Found rmw_fastrtps_cpp: 8.4.3 (/opt/ros/jazzy/share/rmw_fastrtps_cpp/cmake)
[1.055s] -- Found OpenSSL: /usr/lib/x86_64-linux-gnu/libcrypto.so (found version "3.0.13")  
[1.076s] -- Found FastRTPS: /opt/ros/jazzy/include (Required is at least version "2.13") 
[1.099s] -- Using RMW implementation 'rmw_fastrtps_cpp' as default
[1.192s] -- Found gz_sim_vendor: 0.0.9 (/opt/ros/jazzy/share/gz_sim_vendor/cmake)
[1.295s] -- Looking for gz-sim8 -- found version 8.10.0
[1.315s] -- Searching for dependencies of gz-sim8
[1.323s] -- Looking for sdformat14 -- found version 14.8.0
[1.323s] -- Searching for dependencies of sdformat14
[1.327s] -- Checking for module 'tinyxml2'
[1.344s] --   Found tinyxml2, version 10.0.0
[1.381s] -- Looking for gz-math7 -- found version 7.5.2
[1.381s] -- Searching for dependencies of gz-math7
[1.389s] -- Looking for gz-utils2 -- found version 2.2.1
[1.390s] -- Searching for dependencies of gz-utils2
[1.391s] -- Looking for gz-utils2 -- found version 2.2.1
[1.391s] -- Searching for dependencies of gz-utils2
[1.391s] -- Searching for <gz-utils2> component [cli]
[1.399s] -- Looking for gz-utils2-cli -- found version 2.2.1
[1.399s] -- Searching for dependencies of gz-utils2-cli
[1.408s] -- Looking for gz-plugin2 -- found version 2.0.4
[1.408s] -- Searching for dependencies of gz-plugin2
[1.408s] -- Looking for gz-utils2 -- found version 2.2.1
[1.409s] -- Searching for <gz-plugin2> component [loader]
[1.416s] -- Looking for gz-plugin2-loader -- found version 2.0.4
[1.416s] -- Searching for dependencies of gz-plugin2-loader
[1.417s] -- Searching for <gz-plugin2> component [register]
[1.424s] -- Looking for gz-plugin2-register -- found version 2.0.4
[1.425s] -- Searching for dependencies of gz-plugin2-register
[1.432s] -- Looking for gz-transport13 -- found version 13.5.0
[1.432s] -- Searching for dependencies of gz-transport13
[1.572s] -- Found Protobuf: /usr/lib/x86_64-linux-gnu/libprotobuf.so (found version "3.21.12") 
[1.591s] -- Config-file not installed for ZeroMQ -- checking for pkg-config
[1.596s] -- Checking for module 'libzmq >= 4'
[1.613s] --   Found libzmq, version 4.3.5
[1.650s] -- Found ZeroMQ: TRUE (Required is at least version "4") 
[1.656s] -- Checking for module 'uuid'
[1.674s] --   Found uuid, version 2.39.3
[1.705s] -- Found UUID: TRUE  
[1.705s] -- Looking for gz-utils2 -- found version 2.2.1
[1.713s] -- Looking for gz-msgs10 -- found version 10.3.2
[1.714s] -- Searching for dependencies of gz-msgs10
[1.738s] -- Looking for gz-utils2 -- found version 2.2.1
[1.738s] -- Looking for gz-math7 -- found version 7.5.2
[1.745s] -- Searching for <gz-transport13> component [log]
[1.753s] -- Looking for gz-transport13-log -- found version 13.5.0
[1.753s] -- Searching for dependencies of gz-transport13-log
[1.754s] -- Searching for <gz-transport13> component [parameters]
[1.762s] -- Looking for gz-transport13-parameters -- found version 13.5.0
[1.762s] -- Searching for dependencies of gz-transport13-parameters
[1.763s] -- Looking for gz-msgs10 -- found version 10.3.2
[1.771s] -- Looking for gz-common5 -- found version 5.7.1
[1.771s] -- Searching for dependencies of gz-common5
[1.771s] -- Looking for gz-utils2 -- found version 2.2.1
[1.772s] -- Looking for dlfcn.h - found
[1.774s] -- Looking for libdl - found
[1.775s] -- Found DL: TRUE  
[1.782s] -- Searching for <gz-common5> component [av]
[1.790s] -- Looking for gz-common5-av -- found version 5.7.1
[1.790s] -- Searching for dependencies of gz-common5-av
[1.795s] -- Checking for module 'libswscale'
[1.813s] --   Found libswscale, version 7.5.100
[1.844s] -- Found SWSCALE: TRUE  
[1.848s] -- Checking for module 'libavdevice >= 56.4.100'
[1.866s] --   Found libavdevice, version 60.3.100
[1.907s] -- Found AVDEVICE: TRUE (Required is at least version "56.4.100") 
[1.912s] -- Checking for module 'libavformat'
[1.929s] --   Found libavformat, version 60.16.100
[1.963s] -- Found AVFORMAT: TRUE  
[1.968s] -- Checking for module 'libavcodec'
[1.987s] --   Found libavcodec, version 60.31.102
[2.020s] -- Found AVCODEC: TRUE  
[2.025s] -- Checking for module 'libavutil'
[2.042s] --   Found libavutil, version 58.29.100
[2.073s] -- Found AVUTIL: TRUE  
[2.074s] -- Searching for <gz-common5> component [events]
[2.082s] -- Looking for gz-common5-events -- found version 5.7.1
[2.082s] -- Searching for dependencies of gz-common5-events
[2.083s] -- Looking for gz-math7 -- found version 7.5.2
[2.083s] -- Searching for <gz-common5> component [graphics]
[2.092s] -- Looking for gz-common5-graphics -- found version 5.7.1
[2.092s] -- Searching for dependencies of gz-common5-graphics
[2.092s] -- Looking for gz-math7 -- found version 7.5.2
[2.111s] -- Found GzAssimp: TRUE (found version "5.3.0") 
[2.111s] -- Searching for <gz-common5> component [io]
[2.119s] -- Looking for gz-common5-io -- found version 5.7.1
[2.119s] -- Searching for dependencies of gz-common5-io
[2.119s] -- Searching for <gz-common5> component [profiler]
[2.127s] -- Looking for gz-common5-profiler -- found version 5.7.1
[2.127s] -- Searching for dependencies of gz-common5-profiler
[2.135s] -- Looking for gz-fuel_tools9 -- found version 9.1.1
[2.135s] -- Searching for dependencies of gz-fuel_tools9
[2.226s] -- Found CURL: /usr/lib/x86_64-linux-gnu/libcurl.so (found version "8.5.0")  
[2.242s] -- Checking for module 'jsoncpp'
[2.260s] --   Found jsoncpp, version 1.9.5
[2.292s] -- Found JSONCPP: TRUE  
[2.313s] -- Checking for module 'yaml-0.1'
[2.331s] --   Found yaml-0.1, version 0.2.5
[2.361s] -- Found YAML: TRUE  
[2.366s] -- Checking for module 'libzip'
[2.384s] --   Found libzip, version 1.7.3
[2.415s] -- Found ZIP: TRUE  
[2.415s] -- Looking for gz-utils2 -- found version 2.2.1
[2.416s] -- Looking for gz-common5 -- found version 5.7.1
[2.416s] -- Searching for dependencies of gz-common5
[2.416s] -- Looking for gz-utils2 -- found version 2.2.1
[2.416s] -- Looking for dlfcn.h - found
[2.416s] -- Looking for libdl - found
[2.423s] -- Searching for <gz-common5> component [testing]
[2.431s] -- Looking for gz-common5-testing -- found version 5.7.1
[2.432s] -- Searching for dependencies of gz-common5-testing
[2.432s] -- Looking for gz-math7 -- found version 7.5.2
[2.433s] -- Looking for gz-msgs10 -- found version 10.3.2
[2.441s] -- Looking for gz-gui8 -- found version 8.4.0
[2.441s] -- Searching for dependencies of gz-gui8
[2.472s] -- Looking for gz-utils2 -- found version 2.2.1
[2.472s] -- Looking for gz-math7 -- found version 7.5.2
[2.473s] -- Looking for gz-common5 -- found version 5.7.1
[2.473s] -- Looking for gz-plugin2 -- found version 2.0.4
[2.474s] -- Looking for gz-transport13 -- found version 13.5.0
[2.482s] -- Looking for gz-rendering8 -- found version 8.2.3
[2.483s] -- Searching for dependencies of gz-rendering8
[2.483s] -- Looking for gz-math7 -- found version 7.5.2
[2.483s] -- Searching for dependencies of gz-math7
[2.483s] -- Looking for gz-utils2 -- found version 2.2.1
[2.483s] -- Searching for <gz-math7> component [eigen3]
[2.492s] -- Looking for gz-math7-eigen3 -- found version 7.5.2
[2.492s] -- Searching for dependencies of gz-math7-eigen3
[2.512s] -- Looking for gz-common5 -- found version 5.7.1
[2.512s] -- Searching for dependencies of gz-common5
[2.512s] -- Looking for gz-utils2 -- found version 2.2.1
[2.513s] -- Looking for dlfcn.h - found
[2.513s] -- Looking for libdl - found
[2.519s] -- Searching for <gz-common5> component [graphics]
[2.520s] -- Searching for <gz-common5> component [events]
[2.520s] -- Searching for <gz-common5> component [geospatial]
[2.528s] -- Looking for gz-common5-geospatial -- found version 5.7.1
[2.528s] -- Searching for dependencies of gz-common5-geospatial
[2.528s] -- Looking for gz-math7 -- found version 7.5.2
[2.529s] -- Looking for gz-common5 -- found version 5.7.1
[2.530s] -- Looking for gz-plugin2 -- found version 2.0.4
[2.530s] -- Searching for dependencies of gz-plugin2
[2.530s] -- Looking for gz-utils2 -- found version 2.2.1
[2.530s] -- Searching for <gz-plugin2> component [all]
[2.538s] -- Looking for all libraries of gz-plugin2 -- found version 2.0.4
[2.538s] -- Looking for gz-plugin2 -- found version 2.0.4
[2.539s] -- Looking for gz-utils2 -- found version 2.2.1
[2.566s] -- Found OpenGL: /usr/lib/x86_64-linux-gnu/libOpenGL.so  found components: OpenGL 
[2.567s] -- Looking for gz-msgs10 -- found version 10.3.2
[2.662s] -- Looking for gz-physics7 -- found version 7.6.0
[2.662s] -- Searching for dependencies of gz-physics7
[2.662s] -- Looking for gz-common5 -- found version 5.7.1
[2.663s] -- Looking for gz-math7 -- found version 7.5.2
[2.663s] -- Looking for gz-plugin2 -- found version 2.0.4
[2.663s] -- Looking for gz-utils2 -- found version 2.2.1
[2.664s] -- Searching for <gz-physics7> component [heightmap]
[2.671s] -- Looking for gz-physics7-heightmap -- found version 7.6.0
[2.671s] -- Searching for dependencies of gz-physics7-heightmap
[2.672s] -- Looking for gz-common5 -- found version 5.7.1
[2.672s] -- Searching for <gz-physics7> component [mesh]
[2.680s] -- Looking for gz-physics7-mesh -- found version 7.6.0
[2.680s] -- Searching for dependencies of gz-physics7-mesh
[2.680s] -- Looking for gz-common5 -- found version 5.7.1
[2.681s] -- Searching for <gz-physics7> component [sdf]
[2.687s] -- Looking for gz-physics7-sdf -- found version 7.6.0
[2.687s] -- Searching for dependencies of gz-physics7-sdf
[2.688s] -- Looking for sdformat14 -- found version 14.8.0
[2.695s] -- Looking for gz-sensors8 -- found version 8.2.2
[2.695s] -- Searching for dependencies of gz-sensors8
[2.719s] -- Looking for gz-math7 -- found version 7.5.2
[2.719s] -- Looking for gz-common5 -- found version 5.7.1
[2.719s] -- Looking for gz-transport13 -- found version 13.5.0
[2.719s] -- Looking for gz-rendering8 -- found version 8.2.3
[2.720s] -- Looking for gz-msgs10 -- found version 10.3.2
[2.720s] -- Looking for sdformat14 -- found version 14.8.0
[2.721s] -- Searching for <gz-sensors8> component [air_pressure]
[2.727s] -- Looking for gz-sensors8-air_pressure -- found version 8.2.2
[2.727s] -- Searching for dependencies of gz-sensors8-air_pressure
[2.728s] -- Searching for <gz-sensors8> component [air_speed]
[2.735s] -- Looking for gz-sensors8-air_speed -- found version 8.2.2
[2.735s] -- Searching for dependencies of gz-sensors8-air_speed
[2.735s] -- Searching for <gz-sensors8> component [altimeter]
[2.742s] -- Looking for gz-sensors8-altimeter -- found version 8.2.2
[2.742s] -- Searching for dependencies of gz-sensors8-altimeter
[2.742s] -- Searching for <gz-sensors8> component [imu]
[2.749s] -- Looking for gz-sensors8-imu -- found version 8.2.2
[2.749s] -- Searching for dependencies of gz-sensors8-imu
[2.749s] -- Searching for <gz-sensors8> component [force_torque]
[2.756s] -- Looking for gz-sensors8-force_torque -- found version 8.2.2
[2.756s] -- Searching for dependencies of gz-sensors8-force_torque
[2.756s] -- Searching for <gz-sensors8> component [logical_camera]
[2.763s] -- Looking for gz-sensors8-logical_camera -- found version 8.2.2
[2.763s] -- Searching for dependencies of gz-sensors8-logical_camera
[2.764s] -- Searching for <gz-sensors8> component [magnetometer]
[2.770s] -- Looking for gz-sensors8-magnetometer -- found version 8.2.2
[2.770s] -- Searching for dependencies of gz-sensors8-magnetometer
[2.771s] -- Searching for <gz-sensors8> component [navsat]
[2.777s] -- Looking for gz-sensors8-navsat -- found version 8.2.2
[2.778s] -- Searching for dependencies of gz-sensors8-navsat
[2.778s] -- Searching for <gz-sensors8> component [dvl]
[2.785s] -- Looking for gz-sensors8-dvl -- found version 8.2.2
[2.785s] -- Searching for dependencies of gz-sensors8-dvl
[2.785s] -- Looking for gz-sensors8 -- found version 8.2.2
[2.786s] -- Searching for dependencies of gz-sensors8
[2.810s] -- Looking for gz-math7 -- found version 7.5.2
[2.810s] -- Looking for gz-common5 -- found version 5.7.1
[2.811s] -- Looking for gz-transport13 -- found version 13.5.0
[2.811s] -- Looking for gz-rendering8 -- found version 8.2.3
[2.811s] -- Looking for gz-msgs10 -- found version 10.3.2
[2.812s] -- Looking for sdformat14 -- found version 14.8.0
[2.812s] -- Searching for <gz-sensors8> component [rendering]
[2.819s] -- Looking for gz-sensors8-rendering -- found version 8.2.2
[2.819s] -- Searching for dependencies of gz-sensors8-rendering
[2.820s] -- Searching for <gz-sensors8> component [rendering]
[2.820s] -- Searching for <gz-sensors8> component [lidar]
[2.827s] -- Looking for gz-sensors8-lidar -- found version 8.2.2
[2.827s] -- Searching for dependencies of gz-sensors8-lidar
[2.827s] -- Looking for gz-sensors8 -- found version 8.2.2
[2.828s] -- Searching for <gz-sensors8> component [gpu_lidar]
[2.835s] -- Looking for gz-sensors8-gpu_lidar -- found version 8.2.2
[2.835s] -- Searching for dependencies of gz-sensors8-gpu_lidar
[2.835s] -- Looking for gz-sensors8 -- found version 8.2.2
[2.836s] -- Searching for <gz-sensors8> component [camera]
[2.842s] -- Looking for gz-sensors8-camera -- found version 8.2.2
[2.842s] -- Searching for dependencies of gz-sensors8-camera
[2.843s] -- Looking for gz-sensors8 -- found version 8.2.2
[2.843s] -- Searching for <gz-sensors8> component [boundingbox_camera]
[2.850s] -- Looking for gz-sensors8-boundingbox_camera -- found version 8.2.2
[2.850s] -- Searching for dependencies of gz-sensors8-boundingbox_camera
[2.851s] -- Searching for <gz-sensors8> component [segmentation_camera]
[2.857s] -- Looking for gz-sensors8-segmentation_camera -- found version 8.2.2
[2.857s] -- Searching for dependencies of gz-sensors8-segmentation_camera
[2.858s] -- Searching for <gz-sensors8> component [depth_camera]
[2.865s] -- Looking for gz-sensors8-depth_camera -- found version 8.2.2
[2.865s] -- Searching for dependencies of gz-sensors8-depth_camera
[2.865s] -- Looking for gz-sensors8 -- found version 8.2.2
[2.866s] -- Searching for <gz-sensors8> component [rgbd_camera]
[2.873s] -- Looking for gz-sensors8-rgbd_camera -- found version 8.2.2
[2.873s] -- Searching for dependencies of gz-sensors8-rgbd_camera
[2.873s] -- Looking for gz-sensors8 -- found version 8.2.2
[2.874s] -- Searching for <gz-sensors8> component [thermal_camera]
[2.882s] -- Looking for gz-sensors8-thermal_camera -- found version 8.2.2
[2.882s] -- Searching for dependencies of gz-sensors8-thermal_camera
[2.883s] -- Looking for gz-sensors8 -- found version 8.2.2
[2.883s] -- Searching for <gz-sensors8> component [wide_angle_camera]
[2.890s] -- Looking for gz-sensors8-wide_angle_camera -- found version 8.2.2
[2.890s] -- Searching for dependencies of gz-sensors8-wide_angle_camera
[2.892s] -- Looking for gz-rendering8 -- found version 8.2.3
[2.892s] -- Looking for gz-math7 -- found version 7.5.2
[2.892s] -- Looking for gz-utils2 -- found version 2.2.1
[2.919s] -- Looking for gz-plugin2 -- found version 2.0.4
[2.921s] -- Looking for gz-msgs10 -- found version 10.3.2
[2.922s] -- Looking for gz-transport13 -- found version 13.5.0
[2.923s] -- Looking for gz-rendering8 -- found version 8.2.3
[2.931s] -- Found rmf_fleet_msgs: 4.0.0 (/rmf_demos_ws/install/rmf_fleet_msgs/share/rmf_fleet_msgs/cmake)
[2.957s] -- Found rmf_dispenser_msgs: 4.0.0 (/rmf_demos_ws/install/rmf_dispenser_msgs/share/rmf_dispenser_msgs/cmake)
[2.978s] -- Found rmf_ingestor_msgs: 4.0.0 (/rmf_demos_ws/install/rmf_ingestor_msgs/share/rmf_ingestor_msgs/cmake)
[2.998s] -- Found rmf_building_map_msgs: 1.6.0 (/rmf_demos_ws/install/rmf_building_map_msgs/share/rmf_building_map_msgs/cmake)
[3.015s] -- Found rmf_robot_sim_common: 2.6.1 (/home/maria/rmf_ws/install/rmf_robot_sim_common/share/rmf_robot_sim_common/cmake)
[3.249s] -- Found rmf_building_sim_gz_plugins: 2.6.1 (/home/maria/rmf_ws/install/rmf_building_sim_gz_plugins/share/rmf_building_sim_gz_plugins/cmake)
[3.361s] -- Configuring done (3.3s)
[3.467s] -- Generating done (0.1s)
[3.484s] -- Build files have been written to: /home/maria/rmf_ws/build/rmf_robot_sim_gz_plugins
[3.504s] Invoked command in '/home/maria/rmf_ws/build/rmf_robot_sim_gz_plugins' returned '0': AMENT_PREFIX_PATH=/home/maria/rmf_ws/install/rmf_robot_sim_common:/home/maria/rmf_ws/install/rmf_building_sim_gz_plugins:${AMENT_PREFIX_PATH} CMAKE_PREFIX_PATH=/home/maria/rmf_ws/install/rmf_robot_sim_common:/home/maria/rmf_ws/install/rmf_building_sim_gz_plugins:/rmf_demos_ws/install/rmf_workcell_msgs:/rmf_demos_ws/install/rmf_demos_gz:/rmf_demos_ws/install/rmf_demos:/rmf_demos_ws/install/rmf_reservation_node:/rmf_demos_ws/install/rmf_fleet_adapter_python:/rmf_demos_ws/install/rmf_fleet_adapter:/rmf_demos_ws/install/rmf_task_ros2:/rmf_demos_ws/install/rmf_websocket:/rmf_demos_ws/install/rmf_visualization:/rmf_demos_ws/install/rmf_visualization_schedule:/rmf_demos_ws/install/rmf_visualization_rviz2_plugins:/rmf_demos_ws/install/rmf_visualization_obstacles:/rmf_demos_ws/install/rmf_visualization_navgraphs:/rmf_demos_ws/install/rmf_visualization_floorplans:/rmf_demos_ws/install/rmf_visualization_fleet_states:/rmf_demos_ws/install/rmf_visualization_msgs:/rmf_demos_ws/install/rmf_traffic_ros2:/rmf_demos_ws/install/rmf_task_sequence:/rmf_demos_ws/install/rmf_task:/rmf_demos_ws/install/rmf_battery:/rmf_demos_ws/install/rmf_traffic:/rmf_demos_ws/install/rmf_utils:/rmf_demos_ws/install/rmf_traffic_msgs:/rmf_demos_ws/install/rmf_traffic_editor_test_maps:/rmf_demos_ws/install/rmf_traffic_editor_assets:/rmf_demos_ws/install/rmf_traffic_editor:/rmf_demos_ws/install/rmf_task_msgs:/rmf_demos_ws/install/rmf_site_map_msgs:/rmf_demos_ws/install/rmf_scheduler_msgs:/rmf_demos_ws/install/rmf_robot_sim_gz_plugins:/rmf_demos_ws/install/rmf_robot_sim_common:/rmf_demos_ws/install/rmf_reservation_msgs:/rmf_demos_ws/install/rmf_obstacle_msgs:/rmf_demos_ws/install/rmf_building_sim_gz_plugins:/rmf_demos_ws/install/rmf_lift_msgs:/rmf_demos_ws/install/rmf_ingestor_msgs:/rmf_demos_ws/install/rmf_fleet_msgs:/rmf_demos_ws/install/rmf_door_msgs:/rmf_demos_ws/install/rmf_dispenser_msgs:/rmf_demos_ws/install/rmf_demos_maps:/rmf_demos_ws/install/rmf_demos_assets:/rmf_demos_ws/install/rmf_charger_msgs:/rmf_demos_ws/install/rmf_building_map_msgs:/rmf_demos_ws/install/rmf_api_msgs:/rmf_demos_ws/install/nlohmann_json_schema_validator_vendor:/rmf_demos_ws/install/rmf_demos_fleet_adapter:/rmf_demos_ws/install/rmf_visualization_building_systems:/rmf_demos_ws/install/rmf_traffic_examples:/rmf_demos_ws/install/rmf_demos_bridges:/rmf_demos_ws/install/rmf_demos_tasks:/rmf_demos_ws/install/rmf_building_map_tools:/rmf_demos_ws/install/rmf_charging_schedule:/opt/ros/jazzy:/rmf_demos_ws/install/menge_vendor:/rmf_demos_ws/install/ament_cmake_catch2:/opt/ros/jazzy/opt/gz_sim_vendor:/opt/ros/jazzy/opt/gz_sensors_vendor:/opt/ros/jazzy/opt/gz_physics_vendor:/opt/ros/jazzy/opt/sdformat_vendor:/opt/ros/jazzy/opt/gz_gui_vendor:/opt/ros/jazzy/opt/gz_transport_vendor:/opt/ros/jazzy/opt/gz_rendering_vendor:/opt/ros/jazzy/opt/gz_plugin_vendor:/opt/ros/jazzy/opt/gz_fuel_tools_vendor:/opt/ros/jazzy/opt/gz_msgs_vendor:/opt/ros/jazzy/opt/gz_common_vendor:/opt/ros/jazzy/opt/gz_math_vendor:/opt/ros/jazzy/opt/gz_utils_vendor:/opt/ros/jazzy/opt/gz_tools_vendor:/opt/ros/jazzy/opt/gz_ogre_next_vendor:/opt/ros/jazzy/opt/gz_dartsim_vendor:/opt/ros/jazzy/opt/gz_cmake_vendor LD_LIBRARY_PATH=/home/maria/rmf_ws/install/rmf_robot_sim_common/lib:${LD_LIBRARY_PATH} /usr/bin/cmake /home/maria/rmf_ws/src/rmf_simulation/rmf_robot_sim_gz_plugins -DAMENT_CMAKE_SYMLINK_INSTALL=1 -DCMAKE_INSTALL_PREFIX=/home/maria/rmf_ws/install/rmf_robot_sim_gz_plugins
[3.505s] Invoking command in '/home/maria/rmf_ws/build/rmf_robot_sim_gz_plugins': AMENT_PREFIX_PATH=/home/maria/rmf_ws/install/rmf_robot_sim_common:/home/maria/rmf_ws/install/rmf_building_sim_gz_plugins:${AMENT_PREFIX_PATH} CMAKE_PREFIX_PATH=/home/maria/rmf_ws/install/rmf_robot_sim_common:/home/maria/rmf_ws/install/rmf_building_sim_gz_plugins:/rmf_demos_ws/install/rmf_workcell_msgs:/rmf_demos_ws/install/rmf_demos_gz:/rmf_demos_ws/install/rmf_demos:/rmf_demos_ws/install/rmf_reservation_node:/rmf_demos_ws/install/rmf_fleet_adapter_python:/rmf_demos_ws/install/rmf_fleet_adapter:/rmf_demos_ws/install/rmf_task_ros2:/rmf_demos_ws/install/rmf_websocket:/rmf_demos_ws/install/rmf_visualization:/rmf_demos_ws/install/rmf_visualization_schedule:/rmf_demos_ws/install/rmf_visualization_rviz2_plugins:/rmf_demos_ws/install/rmf_visualization_obstacles:/rmf_demos_ws/install/rmf_visualization_navgraphs:/rmf_demos_ws/install/rmf_visualization_floorplans:/rmf_demos_ws/install/rmf_visualization_fleet_states:/rmf_demos_ws/install/rmf_visualization_msgs:/rmf_demos_ws/install/rmf_traffic_ros2:/rmf_demos_ws/install/rmf_task_sequence:/rmf_demos_ws/install/rmf_task:/rmf_demos_ws/install/rmf_battery:/rmf_demos_ws/install/rmf_traffic:/rmf_demos_ws/install/rmf_utils:/rmf_demos_ws/install/rmf_traffic_msgs:/rmf_demos_ws/install/rmf_traffic_editor_test_maps:/rmf_demos_ws/install/rmf_traffic_editor_assets:/rmf_demos_ws/install/rmf_traffic_editor:/rmf_demos_ws/install/rmf_task_msgs:/rmf_demos_ws/install/rmf_site_map_msgs:/rmf_demos_ws/install/rmf_scheduler_msgs:/rmf_demos_ws/install/rmf_robot_sim_gz_plugins:/rmf_demos_ws/install/rmf_robot_sim_common:/rmf_demos_ws/install/rmf_reservation_msgs:/rmf_demos_ws/install/rmf_obstacle_msgs:/rmf_demos_ws/install/rmf_building_sim_gz_plugins:/rmf_demos_ws/install/rmf_lift_msgs:/rmf_demos_ws/install/rmf_ingestor_msgs:/rmf_demos_ws/install/rmf_fleet_msgs:/rmf_demos_ws/install/rmf_door_msgs:/rmf_demos_ws/install/rmf_dispenser_msgs:/rmf_demos_ws/install/rmf_demos_maps:/rmf_demos_ws/install/rmf_demos_assets:/rmf_demos_ws/install/rmf_charger_msgs:/rmf_demos_ws/install/rmf_building_map_msgs:/rmf_demos_ws/install/rmf_api_msgs:/rmf_demos_ws/install/nlohmann_json_schema_validator_vendor:/rmf_demos_ws/install/rmf_demos_fleet_adapter:/rmf_demos_ws/install/rmf_visualization_building_systems:/rmf_demos_ws/install/rmf_traffic_examples:/rmf_demos_ws/install/rmf_demos_bridges:/rmf_demos_ws/install/rmf_demos_tasks:/rmf_demos_ws/install/rmf_building_map_tools:/rmf_demos_ws/install/rmf_charging_schedule:/opt/ros/jazzy:/rmf_demos_ws/install/menge_vendor:/rmf_demos_ws/install/ament_cmake_catch2:/opt/ros/jazzy/opt/gz_sim_vendor:/opt/ros/jazzy/opt/gz_sensors_vendor:/opt/ros/jazzy/opt/gz_physics_vendor:/opt/ros/jazzy/opt/sdformat_vendor:/opt/ros/jazzy/opt/gz_gui_vendor:/opt/ros/jazzy/opt/gz_transport_vendor:/opt/ros/jazzy/opt/gz_rendering_vendor:/opt/ros/jazzy/opt/gz_plugin_vendor:/opt/ros/jazzy/opt/gz_fuel_tools_vendor:/opt/ros/jazzy/opt/gz_msgs_vendor:/opt/ros/jazzy/opt/gz_common_vendor:/opt/ros/jazzy/opt/gz_math_vendor:/opt/ros/jazzy/opt/gz_utils_vendor:/opt/ros/jazzy/opt/gz_tools_vendor:/opt/ros/jazzy/opt/gz_ogre_next_vendor:/opt/ros/jazzy/opt/gz_dartsim_vendor:/opt/ros/jazzy/opt/gz_cmake_vendor LD_LIBRARY_PATH=/home/maria/rmf_ws/install/rmf_robot_sim_common/lib:${LD_LIBRARY_PATH} /usr/bin/cmake --build /home/maria/rmf_ws/build/rmf_robot_sim_gz_plugins -- -j8 -l8
[3.576s] [  0%] Built target teleport_ingestor_autogen_timestamp_deps
[3.604s] [  0%] Built target slotcar_autogen_timestamp_deps
[3.631s] [  5%] [34m[1mAutomatic MOC for target teleport_ingestor[0m
[3.682s] [  5%] Built target teleport_ingestor_autogen
[3.708s] [ 10%] [34m[1mAutomatic MOC for target slotcar[0m
[3.759s] [ 10%] Built target slotcar_autogen
[3.798s] [ 15%] [32mBuilding CXX object CMakeFiles/teleport_ingestor.dir/teleport_ingestor_autogen/mocs_compilation.cpp.o[0m
[3.823s] [ 20%] [32mBuilding CXX object CMakeFiles/teleport_ingestor.dir/src/TeleportIngestor.cpp.o[0m
[17.040s] [ 25%] [32m[1mLinking CXX shared library libteleport_ingestor.so[0m
[17.633s] [ 30%] Built target teleport_ingestor
[17.655s] [ 30%] Built target readonly_autogen_timestamp_deps
[17.655s] [ 30%] Built target teleport_dispenser_autogen_timestamp_deps
[17.664s] [ 40%] [32mBuilding CXX object CMakeFiles/slotcar.dir/slotcar_autogen/mocs_compilation.cpp.o[0m
[17.664s] [ 40%] [32mBuilding CXX object CMakeFiles/slotcar.dir/src/slotcar.cpp.o[0m
[17.675s] [ 50%] [34m[1mAutomatic MOC for target readonly[0m
[17.675s] [ 50%] [34m[1mAutomatic MOC for target teleport_dispenser[0m
[17.715s] [ 50%] Built target readonly_autogen
[17.715s] [ 50%] Built target teleport_dispenser_autogen
[17.749s] [ 65%] [32mBuilding CXX object CMakeFiles/teleport_dispenser.dir/teleport_dispenser_autogen/mocs_compilation.cpp.o[0m
[17.749s] [ 65%] [32mBuilding CXX object CMakeFiles/readonly.dir/src/readonly.cpp.o[0m
[17.749s] [ 65%] [32mBuilding CXX object CMakeFiles/teleport_dispenser.dir/src/TeleportDispenser.cpp.o[0m
[17.752s] [ 70%] [32mBuilding CXX object CMakeFiles/readonly.dir/readonly_autogen/mocs_compilation.cpp.o[0m
[26.042s] [ 75%] [32m[1mLinking CXX shared library libreadonly.so[0m
[26.585s] [ 80%] Built target readonly
[32.027s] [ 85%] [32m[1mLinking CXX shared library libslotcar.so[0m
[33.207s] [ 90%] Built target slotcar
[35.691s] [ 95%] [32m[1mLinking CXX shared library libteleport_dispenser.so[0m
[36.539s] [100%] Built target teleport_dispenser
[36.551s] Invoked command in '/home/maria/rmf_ws/build/rmf_robot_sim_gz_plugins' returned '0': AMENT_PREFIX_PATH=/home/maria/rmf_ws/install/rmf_robot_sim_common:/home/maria/rmf_ws/install/rmf_building_sim_gz_plugins:${AMENT_PREFIX_PATH} CMAKE_PREFIX_PATH=/home/maria/rmf_ws/install/rmf_robot_sim_common:/home/maria/rmf_ws/install/rmf_building_sim_gz_plugins:/rmf_demos_ws/install/rmf_workcell_msgs:/rmf_demos_ws/install/rmf_demos_gz:/rmf_demos_ws/install/rmf_demos:/rmf_demos_ws/install/rmf_reservation_node:/rmf_demos_ws/install/rmf_fleet_adapter_python:/rmf_demos_ws/install/rmf_fleet_adapter:/rmf_demos_ws/install/rmf_task_ros2:/rmf_demos_ws/install/rmf_websocket:/rmf_demos_ws/install/rmf_visualization:/rmf_demos_ws/install/rmf_visualization_schedule:/rmf_demos_ws/install/rmf_visualization_rviz2_plugins:/rmf_demos_ws/install/rmf_visualization_obstacles:/rmf_demos_ws/install/rmf_visualization_navgraphs:/rmf_demos_ws/install/rmf_visualization_floorplans:/rmf_demos_ws/install/rmf_visualization_fleet_states:/rmf_demos_ws/install/rmf_visualization_msgs:/rmf_demos_ws/install/rmf_traffic_ros2:/rmf_demos_ws/install/rmf_task_sequence:/rmf_demos_ws/install/rmf_task:/rmf_demos_ws/install/rmf_battery:/rmf_demos_ws/install/rmf_traffic:/rmf_demos_ws/install/rmf_utils:/rmf_demos_ws/install/rmf_traffic_msgs:/rmf_demos_ws/install/rmf_traffic_editor_test_maps:/rmf_demos_ws/install/rmf_traffic_editor_assets:/rmf_demos_ws/install/rmf_traffic_editor:/rmf_demos_ws/install/rmf_task_msgs:/rmf_demos_ws/install/rmf_site_map_msgs:/rmf_demos_ws/install/rmf_scheduler_msgs:/rmf_demos_ws/install/rmf_robot_sim_gz_plugins:/rmf_demos_ws/install/rmf_robot_sim_common:/rmf_demos_ws/install/rmf_reservation_msgs:/rmf_demos_ws/install/rmf_obstacle_msgs:/rmf_demos_ws/install/rmf_building_sim_gz_plugins:/rmf_demos_ws/install/rmf_lift_msgs:/rmf_demos_ws/install/rmf_ingestor_msgs:/rmf_demos_ws/install/rmf_fleet_msgs:/rmf_demos_ws/install/rmf_door_msgs:/rmf_demos_ws/install/rmf_dispenser_msgs:/rmf_demos_ws/install/rmf_demos_maps:/rmf_demos_ws/install/rmf_demos_assets:/rmf_demos_ws/install/rmf_charger_msgs:/rmf_demos_ws/install/rmf_building_map_msgs:/rmf_demos_ws/install/rmf_api_msgs:/rmf_demos_ws/install/nlohmann_json_schema_validator_vendor:/rmf_demos_ws/install/rmf_demos_fleet_adapter:/rmf_demos_ws/install/rmf_visualization_building_systems:/rmf_demos_ws/install/rmf_traffic_examples:/rmf_demos_ws/install/rmf_demos_bridges:/rmf_demos_ws/install/rmf_demos_tasks:/rmf_demos_ws/install/rmf_building_map_tools:/rmf_demos_ws/install/rmf_charging_schedule:/opt/ros/jazzy:/rmf_demos_ws/install/menge_vendor:/rmf_demos_ws/install/ament_cmake_catch2:/opt/ros/jazzy/opt/gz_sim_vendor:/opt/ros/jazzy/opt/gz_sensors_vendor:/opt/ros/jazzy/opt/gz_physics_vendor:/opt/ros/jazzy/opt/sdformat_vendor:/opt/ros/jazzy/opt/gz_gui_vendor:/opt/ros/jazzy/opt/gz_transport_vendor:/opt/ros/jazzy/opt/gz_rendering_vendor:/opt/ros/jazzy/opt/gz_plugin_vendor:/opt/ros/jazzy/opt/gz_fuel_tools_vendor:/opt/ros/jazzy/opt/gz_msgs_vendor:/opt/ros/jazzy/opt/gz_common_vendor:/opt/ros/jazzy/opt/gz_math_vendor:/opt/ros/jazzy/opt/gz_utils_vendor:/opt/ros/jazzy/opt/gz_tools_vendor:/opt/ros/jazzy/opt/gz_ogre_next_vendor:/opt/ros/jazzy/opt/gz_dartsim_vendor:/opt/ros/jazzy/opt/gz_cmake_vendor LD_LIBRARY_PATH=/home/maria/rmf_ws/install/rmf_robot_sim_common/lib:${LD_LIBRARY_PATH} /usr/bin/cmake --build /home/maria/rmf_ws/build/rmf_robot_sim_gz_plugins -- -j8 -l8
[36.552s] Invoking command in '/home/maria/rmf_ws/build/rmf_robot_sim_gz_plugins': AMENT_PREFIX_PATH=/home/maria/rmf_ws/install/rmf_robot_sim_common:/home/maria/rmf_ws/install/rmf_building_sim_gz_plugins:${AMENT_PREFIX_PATH} CMAKE_PREFIX_PATH=/home/maria/rmf_ws/install/rmf_robot_sim_common:/home/maria/rmf_ws/install/rmf_building_sim_gz_plugins:/rmf_demos_ws/install/rmf_workcell_msgs:/rmf_demos_ws/install/rmf_demos_gz:/rmf_demos_ws/install/rmf_demos:/rmf_demos_ws/install/rmf_reservation_node:/rmf_demos_ws/install/rmf_fleet_adapter_python:/rmf_demos_ws/install/rmf_fleet_adapter:/rmf_demos_ws/install/rmf_task_ros2:/rmf_demos_ws/install/rmf_websocket:/rmf_demos_ws/install/rmf_visualization:/rmf_demos_ws/install/rmf_visualization_schedule:/rmf_demos_ws/install/rmf_visualization_rviz2_plugins:/rmf_demos_ws/install/rmf_visualization_obstacles:/rmf_demos_ws/install/rmf_visualization_navgraphs:/rmf_demos_ws/install/rmf_visualization_floorplans:/rmf_demos_ws/install/rmf_visualization_fleet_states:/rmf_demos_ws/install/rmf_visualization_msgs:/rmf_demos_ws/install/rmf_traffic_ros2:/rmf_demos_ws/install/rmf_task_sequence:/rmf_demos_ws/install/rmf_task:/rmf_demos_ws/install/rmf_battery:/rmf_demos_ws/install/rmf_traffic:/rmf_demos_ws/install/rmf_utils:/rmf_demos_ws/install/rmf_traffic_msgs:/rmf_demos_ws/install/rmf_traffic_editor_test_maps:/rmf_demos_ws/install/rmf_traffic_editor_assets:/rmf_demos_ws/install/rmf_traffic_editor:/rmf_demos_ws/install/rmf_task_msgs:/rmf_demos_ws/install/rmf_site_map_msgs:/rmf_demos_ws/install/rmf_scheduler_msgs:/rmf_demos_ws/install/rmf_robot_sim_gz_plugins:/rmf_demos_ws/install/rmf_robot_sim_common:/rmf_demos_ws/install/rmf_reservation_msgs:/rmf_demos_ws/install/rmf_obstacle_msgs:/rmf_demos_ws/install/rmf_building_sim_gz_plugins:/rmf_demos_ws/install/rmf_lift_msgs:/rmf_demos_ws/install/rmf_ingestor_msgs:/rmf_demos_ws/install/rmf_fleet_msgs:/rmf_demos_ws/install/rmf_door_msgs:/rmf_demos_ws/install/rmf_dispenser_msgs:/rmf_demos_ws/install/rmf_demos_maps:/rmf_demos_ws/install/rmf_demos_assets:/rmf_demos_ws/install/rmf_charger_msgs:/rmf_demos_ws/install/rmf_building_map_msgs:/rmf_demos_ws/install/rmf_api_msgs:/rmf_demos_ws/install/nlohmann_json_schema_validator_vendor:/rmf_demos_ws/install/rmf_demos_fleet_adapter:/rmf_demos_ws/install/rmf_visualization_building_systems:/rmf_demos_ws/install/rmf_traffic_examples:/rmf_demos_ws/install/rmf_demos_bridges:/rmf_demos_ws/install/rmf_demos_tasks:/rmf_demos_ws/install/rmf_building_map_tools:/rmf_demos_ws/install/rmf_charging_schedule:/opt/ros/jazzy:/rmf_demos_ws/install/menge_vendor:/rmf_demos_ws/install/ament_cmake_catch2:/opt/ros/jazzy/opt/gz_sim_vendor:/opt/ros/jazzy/opt/gz_sensors_vendor:/opt/ros/jazzy/opt/gz_physics_vendor:/opt/ros/jazzy/opt/sdformat_vendor:/opt/ros/jazzy/opt/gz_gui_vendor:/opt/ros/jazzy/opt/gz_transport_vendor:/opt/ros/jazzy/opt/gz_rendering_vendor:/opt/ros/jazzy/opt/gz_plugin_vendor:/opt/ros/jazzy/opt/gz_fuel_tools_vendor:/opt/ros/jazzy/opt/gz_msgs_vendor:/opt/ros/jazzy/opt/gz_common_vendor:/opt/ros/jazzy/opt/gz_math_vendor:/opt/ros/jazzy/opt/gz_utils_vendor:/opt/ros/jazzy/opt/gz_tools_vendor:/opt/ros/jazzy/opt/gz_ogre_next_vendor:/opt/ros/jazzy/opt/gz_dartsim_vendor:/opt/ros/jazzy/opt/gz_cmake_vendor LD_LIBRARY_PATH=/home/maria/rmf_ws/install/rmf_robot_sim_common/lib:${LD_LIBRARY_PATH} /usr/bin/cmake --install /home/maria/rmf_ws/build/rmf_robot_sim_gz_plugins
[36.560s] -- Install configuration: ""
[36.561s] -- Execute custom install script
[36.561s] -- Symlinking: /home/maria/rmf_ws/install/rmf_robot_sim_gz_plugins/share/rmf_robot_sim_gz_plugins/environment/rmf_robot_sim_gz_plugins.dsv
[36.570s] -- Symlinking: /home/maria/rmf_ws/install/rmf_robot_sim_gz_plugins/lib/rmf_robot_sim_gz_plugins/libteleport_dispenser.so
[36.580s] -- Symlinking: /home/maria/rmf_ws/install/rmf_robot_sim_gz_plugins/lib/rmf_robot_sim_gz_plugins/libteleport_ingestor.so
[36.590s] -- Symlinking: /home/maria/rmf_ws/install/rmf_robot_sim_gz_plugins/lib/rmf_robot_sim_gz_plugins/libreadonly.so
[36.600s] -- Symlinking: /home/maria/rmf_ws/install/rmf_robot_sim_gz_plugins/lib/rmf_robot_sim_gz_plugins/libslotcar.so
[36.610s] -- Symlinking: /home/maria/rmf_ws/install/rmf_robot_sim_gz_plugins/share/ament_index/resource_index/package_run_dependencies/rmf_robot_sim_gz_plugins
[36.620s] -- Symlinking: /home/maria/rmf_ws/install/rmf_robot_sim_gz_plugins/share/ament_index/resource_index/parent_prefix_path/rmf_robot_sim_gz_plugins
[36.630s] -- Symlinking: /home/maria/rmf_ws/install/rmf_robot_sim_gz_plugins/share/rmf_robot_sim_gz_plugins/environment/ament_prefix_path.sh
[36.640s] -- Symlinking: /home/maria/rmf_ws/install/rmf_robot_sim_gz_plugins/share/rmf_robot_sim_gz_plugins/environment/ament_prefix_path.dsv
[36.650s] -- Symlinking: /home/maria/rmf_ws/install/rmf_robot_sim_gz_plugins/share/rmf_robot_sim_gz_plugins/environment/path.sh
[36.660s] -- Symlinking: /home/maria/rmf_ws/install/rmf_robot_sim_gz_plugins/share/rmf_robot_sim_gz_plugins/environment/path.dsv
[36.675s] -- Symlinking: /home/maria/rmf_ws/install/rmf_robot_sim_gz_plugins/share/rmf_robot_sim_gz_plugins/local_setup.bash
[36.685s] -- Symlinking: /home/maria/rmf_ws/install/rmf_robot_sim_gz_plugins/share/rmf_robot_sim_gz_plugins/local_setup.sh
[36.695s] -- Symlinking: /home/maria/rmf_ws/install/rmf_robot_sim_gz_plugins/share/rmf_robot_sim_gz_plugins/local_setup.zsh
[36.705s] -- Symlinking: /home/maria/rmf_ws/install/rmf_robot_sim_gz_plugins/share/rmf_robot_sim_gz_plugins/local_setup.dsv
[36.715s] -- Symlinking: /home/maria/rmf_ws/install/rmf_robot_sim_gz_plugins/share/rmf_robot_sim_gz_plugins/package.dsv
[36.726s] -- Symlinking: /home/maria/rmf_ws/install/rmf_robot_sim_gz_plugins/share/ament_index/resource_index/packages/rmf_robot_sim_gz_plugins
[36.735s] -- Symlinking: /home/maria/rmf_ws/install/rmf_robot_sim_gz_plugins/share/rmf_robot_sim_gz_plugins/cmake/rmf_robot_sim_gz_pluginsConfig.cmake
[36.745s] -- Symlinking: /home/maria/rmf_ws/install/rmf_robot_sim_gz_plugins/share/rmf_robot_sim_gz_plugins/cmake/rmf_robot_sim_gz_pluginsConfig-version.cmake
[36.755s] -- Symlinking: /home/maria/rmf_ws/install/rmf_robot_sim_gz_plugins/share/rmf_robot_sim_gz_plugins/package.xml
[36.766s] Invoked command in '/home/maria/rmf_ws/build/rmf_robot_sim_gz_plugins' returned '0': AMENT_PREFIX_PATH=/home/maria/rmf_ws/install/rmf_robot_sim_common:/home/maria/rmf_ws/install/rmf_building_sim_gz_plugins:${AMENT_PREFIX_PATH} CMAKE_PREFIX_PATH=/home/maria/rmf_ws/install/rmf_robot_sim_common:/home/maria/rmf_ws/install/rmf_building_sim_gz_plugins:/rmf_demos_ws/install/rmf_workcell_msgs:/rmf_demos_ws/install/rmf_demos_gz:/rmf_demos_ws/install/rmf_demos:/rmf_demos_ws/install/rmf_reservation_node:/rmf_demos_ws/install/rmf_fleet_adapter_python:/rmf_demos_ws/install/rmf_fleet_adapter:/rmf_demos_ws/install/rmf_task_ros2:/rmf_demos_ws/install/rmf_websocket:/rmf_demos_ws/install/rmf_visualization:/rmf_demos_ws/install/rmf_visualization_schedule:/rmf_demos_ws/install/rmf_visualization_rviz2_plugins:/rmf_demos_ws/install/rmf_visualization_obstacles:/rmf_demos_ws/install/rmf_visualization_navgraphs:/rmf_demos_ws/install/rmf_visualization_floorplans:/rmf_demos_ws/install/rmf_visualization_fleet_states:/rmf_demos_ws/install/rmf_visualization_msgs:/rmf_demos_ws/install/rmf_traffic_ros2:/rmf_demos_ws/install/rmf_task_sequence:/rmf_demos_ws/install/rmf_task:/rmf_demos_ws/install/rmf_battery:/rmf_demos_ws/install/rmf_traffic:/rmf_demos_ws/install/rmf_utils:/rmf_demos_ws/install/rmf_traffic_msgs:/rmf_demos_ws/install/rmf_traffic_editor_test_maps:/rmf_demos_ws/install/rmf_traffic_editor_assets:/rmf_demos_ws/install/rmf_traffic_editor:/rmf_demos_ws/install/rmf_task_msgs:/rmf_demos_ws/install/rmf_site_map_msgs:/rmf_demos_ws/install/rmf_scheduler_msgs:/rmf_demos_ws/install/rmf_robot_sim_gz_plugins:/rmf_demos_ws/install/rmf_robot_sim_common:/rmf_demos_ws/install/rmf_reservation_msgs:/rmf_demos_ws/install/rmf_obstacle_msgs:/rmf_demos_ws/install/rmf_building_sim_gz_plugins:/rmf_demos_ws/install/rmf_lift_msgs:/rmf_demos_ws/install/rmf_ingestor_msgs:/rmf_demos_ws/install/rmf_fleet_msgs:/rmf_demos_ws/install/rmf_door_msgs:/rmf_demos_ws/install/rmf_dispenser_msgs:/rmf_demos_ws/install/rmf_demos_maps:/rmf_demos_ws/install/rmf_demos_assets:/rmf_demos_ws/install/rmf_charger_msgs:/rmf_demos_ws/install/rmf_building_map_msgs:/rmf_demos_ws/install/rmf_api_msgs:/rmf_demos_ws/install/nlohmann_json_schema_validator_vendor:/rmf_demos_ws/install/rmf_demos_fleet_adapter:/rmf_demos_ws/install/rmf_visualization_building_systems:/rmf_demos_ws/install/rmf_traffic_examples:/rmf_demos_ws/install/rmf_demos_bridges:/rmf_demos_ws/install/rmf_demos_tasks:/rmf_demos_ws/install/rmf_building_map_tools:/rmf_demos_ws/install/rmf_charging_schedule:/opt/ros/jazzy:/rmf_demos_ws/install/menge_vendor:/rmf_demos_ws/install/ament_cmake_catch2:/opt/ros/jazzy/opt/gz_sim_vendor:/opt/ros/jazzy/opt/gz_sensors_vendor:/opt/ros/jazzy/opt/gz_physics_vendor:/opt/ros/jazzy/opt/sdformat_vendor:/opt/ros/jazzy/opt/gz_gui_vendor:/opt/ros/jazzy/opt/gz_transport_vendor:/opt/ros/jazzy/opt/gz_rendering_vendor:/opt/ros/jazzy/opt/gz_plugin_vendor:/opt/ros/jazzy/opt/gz_fuel_tools_vendor:/opt/ros/jazzy/opt/gz_msgs_vendor:/opt/ros/jazzy/opt/gz_common_vendor:/opt/ros/jazzy/opt/gz_math_vendor:/opt/ros/jazzy/opt/gz_utils_vendor:/opt/ros/jazzy/opt/gz_tools_vendor:/opt/ros/jazzy/opt/gz_ogre_next_vendor:/opt/ros/jazzy/opt/gz_dartsim_vendor:/opt/ros/jazzy/opt/gz_cmake_vendor LD_LIBRARY_PATH=/home/maria/rmf_ws/install/rmf_robot_sim_common/lib:${LD_LIBRARY_PATH} /usr/bin/cmake --install /home/maria/rmf_ws/build/rmf_robot_sim_gz_plugins
