Detecting C compiler ABI info failed to compile with the following output:
Change Dir: /home/maria/Documentos/GitHub/IR2134/rmf_ws/build/project_maps/CMakeFiles/CMakeTmp

Run Build Command(s):/usr/bin/gmake -f Makefile cmTC_b27d4/fast && /usr/bin/gmake  -f CMakeFiles/cmTC_b27d4.dir/build.make CMakeFiles/cmTC_b27d4.dir/build
gmake[1]: Entering directory '/home/maria/Documentos/GitHub/IR2134/rmf_ws/build/project_maps/CMakeFiles/CMakeTmp'
Building C object CMakeFiles/cmTC_b27d4.dir/CMakeCCompilerABI.c.o
/usr/lib/ccache/cc   -v -o CMakeFiles/cmTC_b27d4.dir/CMakeCCompilerABI.c.o -c /usr/share/cmake-3.22/Modules/CMakeCCompilerABI.c
ccache: error: Failed to create directory /run/user/1000/ccache-tmp: Read-only file system
gmake[1]: *** [CMakeFiles/cmTC_b27d4.dir/build.make:78: CMakeFiles/cmTC_b27d4.dir/CMakeCCompilerABI.c.o] Error 1
gmake[1]: Leaving directory '/home/maria/Documentos/GitHub/IR2134/rmf_ws/build/project_maps/CMakeFiles/CMakeTmp'
gmake: *** [Makefile:127: cmTC_b27d4/fast] Error 2




Determining if the C compiler works failed with the following output:
Change Dir: /home/maria/Documentos/GitHub/IR2134/rmf_ws/build/project_maps/CMakeFiles/CMakeTmp

Run Build Command(s):/usr/bin/gmake -f Makefile cmTC_2b967/fast && /usr/bin/gmake  -f CMakeFiles/cmTC_2b967.dir/build.make CMakeFiles/cmTC_2b967.dir/build
gmake[1]: Entering directory '/home/maria/Documentos/GitHub/IR2134/rmf_ws/build/project_maps/CMakeFiles/CMakeTmp'
Building C object CMakeFiles/cmTC_2b967.dir/testCCompiler.c.o
/usr/lib/ccache/cc    -o CMakeFiles/cmTC_2b967.dir/testCCompiler.c.o -c /home/maria/Documentos/GitHub/IR2134/rmf_ws/build/project_maps/CMakeFiles/CMakeTmp/testCCompiler.c
ccache: error: Failed to create directory /run/user/1000/ccache-tmp: Read-only file system
gmake[1]: *** [CMakeFiles/cmTC_2b967.dir/build.make:78: CMakeFiles/cmTC_2b967.dir/testCCompiler.c.o] Error 1
gmake[1]: Leaving directory '/home/maria/Documentos/GitHub/IR2134/rmf_ws/build/project_maps/CMakeFiles/CMakeTmp'
gmake: *** [Makefile:127: cmTC_2b967/fast] Error 2



