[0.076s] DEBUG:colcon:Command line arguments: ['/usr/bin/colcon', 'build', '--packages-select', 'first_project', '--symlink-install']
[0.076s] DEBUG:colcon:Parsed command line arguments: Namespace(log_base=None, log_level=None, verb_name='build', build_base='build', install_base='install', merge_install=False, symlink_install=True, test_result_base=None, continue_on_error=False, executor='parallel', parallel_workers=8, event_handlers=None, ignore_user_meta=False, metas=['./colcon.meta'], base_paths=['.'], packages_ignore=None, packages_ignore_regex=None, paths=None, packages_up_to=None, packages_up_to_regex=None, packages_above=None, packages_above_and_dependencies=None, packages_above_depth=None, packages_select_by_dep=None, packages_skip_by_dep=None, packages_skip_up_to=None, packages_select_build_failed=False, packages_skip_build_finished=False, packages_select_test_failures=False, packages_skip_test_passed=False, packages_select=['first_project'], packages_skip=None, packages_select_regex=None, packages_skip_regex=None, packages_start=None, packages_end=None, cmake_args=None, cmake_target=None, cmake_target_skip_unavailable=False, cmake_clean_cache=False, cmake_clean_first=False, cmake_force_configure=False, ament_cmake_args=None, catkin_cmake_args=None, catkin_skip_building_tests=False, mixin_files=None, mixin=None, verb_parser=<colcon_mixin.mixin.mixin_argument.MixinArgumentDecorator object at 0x7e0788d43d10>, verb_extension=<colcon_core.verb.build.BuildVerb object at 0x7e0788d43860>, main=<bound method BuildVerb.main of <colcon_core.verb.build.BuildVerb object at 0x7e0788d43860>>, mixin_verb=('build',))
[0.104s] Level 1:colcon.colcon_core.package_discovery:discover_packages(colcon_meta) check parameters
[0.105s] Level 1:colcon.colcon_core.package_discovery:discover_packages(recursive) check parameters
[0.105s] Level 1:colcon.colcon_core.package_discovery:discover_packages(ignore) check parameters
[0.105s] Level 1:colcon.colcon_core.package_discovery:discover_packages(path) check parameters
[0.105s] Level 1:colcon.colcon_core.package_discovery:discover_packages(colcon_meta) discover
[0.105s] Level 1:colcon.colcon_core.package_discovery:discover_packages(recursive) discover
[0.105s] INFO:colcon.colcon_core.package_discovery:Crawling recursively for packages in '/home/maria/rmf_ws'
[0.105s] Level 1:colcon.colcon_core.package_identification:_identify(.) by extensions ['ignore', 'ignore_ament_install']
[0.105s] Level 1:colcon.colcon_core.package_identification:_identify(.) by extension 'ignore'
[0.105s] Level 1:colcon.colcon_core.package_identification:_identify(.) by extension 'ignore_ament_install'
[0.105s] Level 1:colcon.colcon_core.package_identification:_identify(.) by extensions ['colcon_pkg']
[0.105s] Level 1:colcon.colcon_core.package_identification:_identify(.) by extension 'colcon_pkg'
[0.105s] Level 1:colcon.colcon_core.package_identification:_identify(.) by extensions ['colcon_meta']
[0.105s] Level 1:colcon.colcon_core.package_identification:_identify(.) by extension 'colcon_meta'
[0.105s] Level 1:colcon.colcon_core.package_identification:_identify(.) by extensions ['ros']
[0.105s] Level 1:colcon.colcon_core.package_identification:_identify(.) by extension 'ros'
[0.124s] Level 1:colcon.colcon_core.package_identification:_identify(.) by extensions ['cmake', 'python']
[0.124s] Level 1:colcon.colcon_core.package_identification:_identify(.) by extension 'cmake'
[0.124s] Level 1:colcon.colcon_core.package_identification:_identify(.) by extension 'python'
[0.124s] Level 1:colcon.colcon_core.package_identification:_identify(.) by extensions ['python_setup_py']
[0.124s] Level 1:colcon.colcon_core.package_identification:_identify(.) by extension 'python_setup_py'
[0.124s] Level 1:colcon.colcon_core.package_identification:_identify(build) by extensions ['ignore', 'ignore_ament_install']
[0.124s] Level 1:colcon.colcon_core.package_identification:_identify(build) by extension 'ignore'
[0.124s] Level 1:colcon.colcon_core.package_identification:_identify(build) ignored
[0.124s] Level 1:colcon.colcon_core.package_identification:_identify(install) by extensions ['ignore', 'ignore_ament_install']
[0.124s] Level 1:colcon.colcon_core.package_identification:_identify(install) by extension 'ignore'
[0.124s] Level 1:colcon.colcon_core.package_identification:_identify(install) ignored
[0.124s] Level 1:colcon.colcon_core.package_identification:_identify(log) by extensions ['ignore', 'ignore_ament_install']
[0.124s] Level 1:colcon.colcon_core.package_identification:_identify(log) by extension 'ignore'
[0.124s] Level 1:colcon.colcon_core.package_identification:_identify(log) ignored
[0.124s] Level 1:colcon.colcon_core.package_identification:_identify(src) by extensions ['ignore', 'ignore_ament_install']
[0.124s] Level 1:colcon.colcon_core.package_identification:_identify(src) by extension 'ignore'
[0.124s] Level 1:colcon.colcon_core.package_identification:_identify(src) by extension 'ignore_ament_install'
[0.124s] Level 1:colcon.colcon_core.package_identification:_identify(src) by extensions ['colcon_pkg']
[0.124s] Level 1:colcon.colcon_core.package_identification:_identify(src) by extension 'colcon_pkg'
[0.124s] Level 1:colcon.colcon_core.package_identification:_identify(src) by extensions ['colcon_meta']
[0.124s] Level 1:colcon.colcon_core.package_identification:_identify(src) by extension 'colcon_meta'
[0.125s] Level 1:colcon.colcon_core.package_identification:_identify(src) by extensions ['ros']
[0.125s] Level 1:colcon.colcon_core.package_identification:_identify(src) by extension 'ros'
[0.125s] Level 1:colcon.colcon_core.package_identification:_identify(src) by extensions ['cmake', 'python']
[0.125s] Level 1:colcon.colcon_core.package_identification:_identify(src) by extension 'cmake'
[0.125s] Level 1:colcon.colcon_core.package_identification:_identify(src) by extension 'python'
[0.125s] Level 1:colcon.colcon_core.package_identification:_identify(src) by extensions ['python_setup_py']
[0.125s] Level 1:colcon.colcon_core.package_identification:_identify(src) by extension 'python_setup_py'
[0.125s] Level 1:colcon.colcon_core.package_identification:_identify(src/first_project) by extensions ['ignore', 'ignore_ament_install']
[0.125s] Level 1:colcon.colcon_core.package_identification:_identify(src/first_project) by extension 'ignore'
[0.125s] Level 1:colcon.colcon_core.package_identification:_identify(src/first_project) by extension 'ignore_ament_install'
[0.125s] Level 1:colcon.colcon_core.package_identification:_identify(src/first_project) by extensions ['colcon_pkg']
[0.125s] Level 1:colcon.colcon_core.package_identification:_identify(src/first_project) by extension 'colcon_pkg'
[0.125s] Level 1:colcon.colcon_core.package_identification:_identify(src/first_project) by extensions ['colcon_meta']
[0.125s] Level 1:colcon.colcon_core.package_identification:_identify(src/first_project) by extension 'colcon_meta'
[0.125s] Level 1:colcon.colcon_core.package_identification:_identify(src/first_project) by extensions ['ros']
[0.125s] Level 1:colcon.colcon_core.package_identification:_identify(src/first_project) by extension 'ros'
[0.127s] DEBUG:colcon.colcon_core.package_identification:Package 'src/first_project' with type 'ros.ament_cmake' and name 'first_project'
[0.127s] Level 1:colcon.colcon_core.package_identification:_identify(src/large_project) by extensions ['ignore', 'ignore_ament_install']
[0.127s] Level 1:colcon.colcon_core.package_identification:_identify(src/large_project) by extension 'ignore'
[0.127s] Level 1:colcon.colcon_core.package_identification:_identify(src/large_project) by extension 'ignore_ament_install'
[0.127s] Level 1:colcon.colcon_core.package_identification:_identify(src/large_project) by extensions ['colcon_pkg']
[0.127s] Level 1:colcon.colcon_core.package_identification:_identify(src/large_project) by extension 'colcon_pkg'
[0.127s] Level 1:colcon.colcon_core.package_identification:_identify(src/large_project) by extensions ['colcon_meta']
[0.127s] Level 1:colcon.colcon_core.package_identification:_identify(src/large_project) by extension 'colcon_meta'
[0.127s] Level 1:colcon.colcon_core.package_identification:_identify(src/large_project) by extensions ['ros']
[0.127s] Level 1:colcon.colcon_core.package_identification:_identify(src/large_project) by extension 'ros'
[0.127s] DEBUG:colcon.colcon_core.package_identification:Package 'src/large_project' with type 'ros.ament_cmake' and name 'large_project'
[0.127s] Level 1:colcon.colcon_core.package_identification:_identify(src/project) by extensions ['ignore', 'ignore_ament_install']
[0.127s] Level 1:colcon.colcon_core.package_identification:_identify(src/project) by extension 'ignore'
[0.127s] Level 1:colcon.colcon_core.package_identification:_identify(src/project) by extension 'ignore_ament_install'
[0.128s] Level 1:colcon.colcon_core.package_identification:_identify(src/project) by extensions ['colcon_pkg']
[0.128s] Level 1:colcon.colcon_core.package_identification:_identify(src/project) by extension 'colcon_pkg'
[0.128s] Level 1:colcon.colcon_core.package_identification:_identify(src/project) by extensions ['colcon_meta']
[0.128s] Level 1:colcon.colcon_core.package_identification:_identify(src/project) by extension 'colcon_meta'
[0.128s] Level 1:colcon.colcon_core.package_identification:_identify(src/project) by extensions ['ros']
[0.128s] Level 1:colcon.colcon_core.package_identification:_identify(src/project) by extension 'ros'
[0.128s] Level 1:colcon.colcon_core.package_identification:_identify(src/project) by extensions ['cmake', 'python']
[0.128s] Level 1:colcon.colcon_core.package_identification:_identify(src/project) by extension 'cmake'
[0.128s] Level 1:colcon.colcon_core.package_identification:_identify(src/project) by extension 'python'
[0.128s] Level 1:colcon.colcon_core.package_identification:_identify(src/project) by extensions ['python_setup_py']
[0.128s] Level 1:colcon.colcon_core.package_identification:_identify(src/project) by extension 'python_setup_py'
[0.128s] Level 1:colcon.colcon_core.package_identification:_identify(src/project/project_assets) by extensions ['ignore', 'ignore_ament_install']
[0.128s] Level 1:colcon.colcon_core.package_identification:_identify(src/project/project_assets) by extension 'ignore'
[0.128s] Level 1:colcon.colcon_core.package_identification:_identify(src/project/project_assets) by extension 'ignore_ament_install'
[0.128s] Level 1:colcon.colcon_core.package_identification:_identify(src/project/project_assets) by extensions ['colcon_pkg']
[0.128s] Level 1:colcon.colcon_core.package_identification:_identify(src/project/project_assets) by extension 'colcon_pkg'
[0.128s] Level 1:colcon.colcon_core.package_identification:_identify(src/project/project_assets) by extensions ['colcon_meta']
[0.128s] Level 1:colcon.colcon_core.package_identification:_identify(src/project/project_assets) by extension 'colcon_meta'
[0.128s] Level 1:colcon.colcon_core.package_identification:_identify(src/project/project_assets) by extensions ['ros']
[0.128s] Level 1:colcon.colcon_core.package_identification:_identify(src/project/project_assets) by extension 'ros'
[0.128s] DEBUG:colcon.colcon_core.package_identification:Package 'src/project/project_assets' with type 'ros.ament_cmake' and name 'project_assets'
[0.128s] Level 1:colcon.colcon_core.package_identification:_identify(src/project/project_config) by extensions ['ignore', 'ignore_ament_install']
[0.128s] Level 1:colcon.colcon_core.package_identification:_identify(src/project/project_config) by extension 'ignore'
[0.128s] Level 1:colcon.colcon_core.package_identification:_identify(src/project/project_config) by extension 'ignore_ament_install'
[0.128s] Level 1:colcon.colcon_core.package_identification:_identify(src/project/project_config) by extensions ['colcon_pkg']
[0.128s] Level 1:colcon.colcon_core.package_identification:_identify(src/project/project_config) by extension 'colcon_pkg'
[0.129s] Level 1:colcon.colcon_core.package_identification:_identify(src/project/project_config) by extensions ['colcon_meta']
[0.129s] Level 1:colcon.colcon_core.package_identification:_identify(src/project/project_config) by extension 'colcon_meta'
[0.129s] Level 1:colcon.colcon_core.package_identification:_identify(src/project/project_config) by extensions ['ros']
[0.129s] Level 1:colcon.colcon_core.package_identification:_identify(src/project/project_config) by extension 'ros'
[0.129s] DEBUG:colcon.colcon_core.package_identification:Package 'src/project/project_config' with type 'ros.ament_cmake' and name 'project_config'
[0.129s] Level 1:colcon.colcon_core.package_identification:_identify(src/project/project_fleet_adapter) by extensions ['ignore', 'ignore_ament_install']
[0.129s] Level 1:colcon.colcon_core.package_identification:_identify(src/project/project_fleet_adapter) by extension 'ignore'
[0.129s] Level 1:colcon.colcon_core.package_identification:_identify(src/project/project_fleet_adapter) by extension 'ignore_ament_install'
[0.129s] Level 1:colcon.colcon_core.package_identification:_identify(src/project/project_fleet_adapter) by extensions ['colcon_pkg']
[0.129s] Level 1:colcon.colcon_core.package_identification:_identify(src/project/project_fleet_adapter) by extension 'colcon_pkg'
[0.129s] Level 1:colcon.colcon_core.package_identification:_identify(src/project/project_fleet_adapter) by extensions ['colcon_meta']
[0.129s] Level 1:colcon.colcon_core.package_identification:_identify(src/project/project_fleet_adapter) by extension 'colcon_meta'
[0.129s] Level 1:colcon.colcon_core.package_identification:_identify(src/project/project_fleet_adapter) by extensions ['ros']
[0.129s] Level 1:colcon.colcon_core.package_identification:_identify(src/project/project_fleet_adapter) by extension 'ros'
[0.130s] DEBUG:colcon.colcon_core.package_identification:Package 'src/project/project_fleet_adapter' with type 'ros.ament_python' and name 'project_fleet_adapter'
[0.130s] Level 1:colcon.colcon_core.package_identification:_identify(src/project/project_maps) by extensions ['ignore', 'ignore_ament_install']
[0.130s] Level 1:colcon.colcon_core.package_identification:_identify(src/project/project_maps) by extension 'ignore'
[0.130s] Level 1:colcon.colcon_core.package_identification:_identify(src/project/project_maps) by extension 'ignore_ament_install'
[0.130s] Level 1:colcon.colcon_core.package_identification:_identify(src/project/project_maps) by extensions ['colcon_pkg']
[0.130s] Level 1:colcon.colcon_core.package_identification:_identify(src/project/project_maps) by extension 'colcon_pkg'
[0.130s] Level 1:colcon.colcon_core.package_identification:_identify(src/project/project_maps) by extensions ['colcon_meta']
[0.130s] Level 1:colcon.colcon_core.package_identification:_identify(src/project/project_maps) by extension 'colcon_meta'
[0.130s] Level 1:colcon.colcon_core.package_identification:_identify(src/project/project_maps) by extensions ['ros']
[0.130s] Level 1:colcon.colcon_core.package_identification:_identify(src/project/project_maps) by extension 'ros'
[0.130s] DEBUG:colcon.colcon_core.package_identification:Package 'src/project/project_maps' with type 'ros.ament_cmake' and name 'project_maps'
[0.130s] Level 1:colcon.colcon_core.package_identification:_identify(src/project/project_simulation) by extensions ['ignore', 'ignore_ament_install']
[0.130s] Level 1:colcon.colcon_core.package_identification:_identify(src/project/project_simulation) by extension 'ignore'
[0.130s] Level 1:colcon.colcon_core.package_identification:_identify(src/project/project_simulation) by extension 'ignore_ament_install'
[0.130s] Level 1:colcon.colcon_core.package_identification:_identify(src/project/project_simulation) by extensions ['colcon_pkg']
[0.130s] Level 1:colcon.colcon_core.package_identification:_identify(src/project/project_simulation) by extension 'colcon_pkg'
[0.130s] Level 1:colcon.colcon_core.package_identification:_identify(src/project/project_simulation) by extensions ['colcon_meta']
[0.130s] Level 1:colcon.colcon_core.package_identification:_identify(src/project/project_simulation) by extension 'colcon_meta'
[0.130s] Level 1:colcon.colcon_core.package_identification:_identify(src/project/project_simulation) by extensions ['ros']
[0.130s] Level 1:colcon.colcon_core.package_identification:_identify(src/project/project_simulation) by extension 'ros'
[0.131s] DEBUG:colcon.colcon_core.package_identification:Package 'src/project/project_simulation' with type 'ros.ament_cmake' and name 'project_simulation'
[0.131s] Level 1:colcon.colcon_core.package_identification:_identify(src/project/project_tasks) by extensions ['ignore', 'ignore_ament_install']
[0.131s] Level 1:colcon.colcon_core.package_identification:_identify(src/project/project_tasks) by extension 'ignore'
[0.131s] Level 1:colcon.colcon_core.package_identification:_identify(src/project/project_tasks) by extension 'ignore_ament_install'
[0.131s] Level 1:colcon.colcon_core.package_identification:_identify(src/project/project_tasks) by extensions ['colcon_pkg']
[0.131s] Level 1:colcon.colcon_core.package_identification:_identify(src/project/project_tasks) by extension 'colcon_pkg'
[0.131s] Level 1:colcon.colcon_core.package_identification:_identify(src/project/project_tasks) by extensions ['colcon_meta']
[0.131s] Level 1:colcon.colcon_core.package_identification:_identify(src/project/project_tasks) by extension 'colcon_meta'
[0.131s] Level 1:colcon.colcon_core.package_identification:_identify(src/project/project_tasks) by extensions ['ros']
[0.131s] Level 1:colcon.colcon_core.package_identification:_identify(src/project/project_tasks) by extension 'ros'
[0.131s] DEBUG:colcon.colcon_core.package_identification:Package 'src/project/project_tasks' with type 'ros.ament_python' and name 'project_tasks'
[0.131s] Level 1:colcon.colcon_core.package_identification:_identify(src/rmf_simulation) by extensions ['ignore', 'ignore_ament_install']
[0.131s] Level 1:colcon.colcon_core.package_identification:_identify(src/rmf_simulation) by extension 'ignore'
[0.131s] Level 1:colcon.colcon_core.package_identification:_identify(src/rmf_simulation) by extension 'ignore_ament_install'
[0.131s] Level 1:colcon.colcon_core.package_identification:_identify(src/rmf_simulation) by extensions ['colcon_pkg']
[0.131s] Level 1:colcon.colcon_core.package_identification:_identify(src/rmf_simulation) by extension 'colcon_pkg'
[0.131s] Level 1:colcon.colcon_core.package_identification:_identify(src/rmf_simulation) by extensions ['colcon_meta']
[0.131s] Level 1:colcon.colcon_core.package_identification:_identify(src/rmf_simulation) by extension 'colcon_meta'
[0.131s] Level 1:colcon.colcon_core.package_identification:_identify(src/rmf_simulation) by extensions ['ros']
[0.131s] Level 1:colcon.colcon_core.package_identification:_identify(src/rmf_simulation) by extension 'ros'
[0.132s] Level 1:colcon.colcon_core.package_identification:_identify(src/rmf_simulation) by extensions ['cmake', 'python']
[0.132s] Level 1:colcon.colcon_core.package_identification:_identify(src/rmf_simulation) by extension 'cmake'
[0.132s] Level 1:colcon.colcon_core.package_identification:_identify(src/rmf_simulation) by extension 'python'
[0.132s] Level 1:colcon.colcon_core.package_identification:_identify(src/rmf_simulation) by extensions ['python_setup_py']
[0.132s] Level 1:colcon.colcon_core.package_identification:_identify(src/rmf_simulation) by extension 'python_setup_py'
[0.132s] Level 1:colcon.colcon_core.package_identification:_identify(src/rmf_simulation/docs) by extensions ['ignore', 'ignore_ament_install']
[0.132s] Level 1:colcon.colcon_core.package_identification:_identify(src/rmf_simulation/docs) by extension 'ignore'
[0.132s] Level 1:colcon.colcon_core.package_identification:_identify(src/rmf_simulation/docs) by extension 'ignore_ament_install'
[0.132s] Level 1:colcon.colcon_core.package_identification:_identify(src/rmf_simulation/docs) by extensions ['colcon_pkg']
[0.132s] Level 1:colcon.colcon_core.package_identification:_identify(src/rmf_simulation/docs) by extension 'colcon_pkg'
[0.132s] Level 1:colcon.colcon_core.package_identification:_identify(src/rmf_simulation/docs) by extensions ['colcon_meta']
[0.132s] Level 1:colcon.colcon_core.package_identification:_identify(src/rmf_simulation/docs) by extension 'colcon_meta'
[0.132s] Level 1:colcon.colcon_core.package_identification:_identify(src/rmf_simulation/docs) by extensions ['ros']
[0.132s] Level 1:colcon.colcon_core.package_identification:_identify(src/rmf_simulation/docs) by extension 'ros'
[0.132s] Level 1:colcon.colcon_core.package_identification:_identify(src/rmf_simulation/docs) by extensions ['cmake', 'python']
[0.132s] Level 1:colcon.colcon_core.package_identification:_identify(src/rmf_simulation/docs) by extension 'cmake'
[0.132s] Level 1:colcon.colcon_core.package_identification:_identify(src/rmf_simulation/docs) by extension 'python'
[0.132s] Level 1:colcon.colcon_core.package_identification:_identify(src/rmf_simulation/docs) by extensions ['python_setup_py']
[0.132s] Level 1:colcon.colcon_core.package_identification:_identify(src/rmf_simulation/docs) by extension 'python_setup_py'
[0.132s] Level 1:colcon.colcon_core.package_identification:_identify(src/rmf_simulation/rmf_building_sim_gz_plugins) by extensions ['ignore', 'ignore_ament_install']
[0.132s] Level 1:colcon.colcon_core.package_identification:_identify(src/rmf_simulation/rmf_building_sim_gz_plugins) by extension 'ignore'
[0.132s] Level 1:colcon.colcon_core.package_identification:_identify(src/rmf_simulation/rmf_building_sim_gz_plugins) by extension 'ignore_ament_install'
[0.132s] Level 1:colcon.colcon_core.package_identification:_identify(src/rmf_simulation/rmf_building_sim_gz_plugins) by extensions ['colcon_pkg']
[0.132s] Level 1:colcon.colcon_core.package_identification:_identify(src/rmf_simulation/rmf_building_sim_gz_plugins) by extension 'colcon_pkg'
[0.132s] Level 1:colcon.colcon_core.package_identification:_identify(src/rmf_simulation/rmf_building_sim_gz_plugins) by extensions ['colcon_meta']
[0.132s] Level 1:colcon.colcon_core.package_identification:_identify(src/rmf_simulation/rmf_building_sim_gz_plugins) by extension 'colcon_meta'
[0.132s] Level 1:colcon.colcon_core.package_identification:_identify(src/rmf_simulation/rmf_building_sim_gz_plugins) by extensions ['ros']
[0.132s] Level 1:colcon.colcon_core.package_identification:_identify(src/rmf_simulation/rmf_building_sim_gz_plugins) by extension 'ros'
[0.133s] DEBUG:colcon.colcon_core.package_identification:Package 'src/rmf_simulation/rmf_building_sim_gz_plugins' with type 'ros.ament_cmake' and name 'rmf_building_sim_gz_plugins'
[0.133s] Level 1:colcon.colcon_core.package_identification:_identify(src/rmf_simulation/rmf_robot_sim_common) by extensions ['ignore', 'ignore_ament_install']
[0.133s] Level 1:colcon.colcon_core.package_identification:_identify(src/rmf_simulation/rmf_robot_sim_common) by extension 'ignore'
[0.133s] Level 1:colcon.colcon_core.package_identification:_identify(src/rmf_simulation/rmf_robot_sim_common) by extension 'ignore_ament_install'
[0.133s] Level 1:colcon.colcon_core.package_identification:_identify(src/rmf_simulation/rmf_robot_sim_common) by extensions ['colcon_pkg']
[0.133s] Level 1:colcon.colcon_core.package_identification:_identify(src/rmf_simulation/rmf_robot_sim_common) by extension 'colcon_pkg'
[0.133s] Level 1:colcon.colcon_core.package_identification:_identify(src/rmf_simulation/rmf_robot_sim_common) by extensions ['colcon_meta']
[0.133s] Level 1:colcon.colcon_core.package_identification:_identify(src/rmf_simulation/rmf_robot_sim_common) by extension 'colcon_meta'
[0.133s] Level 1:colcon.colcon_core.package_identification:_identify(src/rmf_simulation/rmf_robot_sim_common) by extensions ['ros']
[0.133s] Level 1:colcon.colcon_core.package_identification:_identify(src/rmf_simulation/rmf_robot_sim_common) by extension 'ros'
[0.134s] DEBUG:colcon.colcon_core.package_identification:Package 'src/rmf_simulation/rmf_robot_sim_common' with type 'ros.ament_cmake' and name 'rmf_robot_sim_common'
[0.134s] Level 1:colcon.colcon_core.package_identification:_identify(src/rmf_simulation/rmf_robot_sim_gz_plugins) by extensions ['ignore', 'ignore_ament_install']
[0.134s] Level 1:colcon.colcon_core.package_identification:_identify(src/rmf_simulation/rmf_robot_sim_gz_plugins) by extension 'ignore'
[0.134s] Level 1:colcon.colcon_core.package_identification:_identify(src/rmf_simulation/rmf_robot_sim_gz_plugins) by extension 'ignore_ament_install'
[0.134s] Level 1:colcon.colcon_core.package_identification:_identify(src/rmf_simulation/rmf_robot_sim_gz_plugins) by extensions ['colcon_pkg']
[0.134s] Level 1:colcon.colcon_core.package_identification:_identify(src/rmf_simulation/rmf_robot_sim_gz_plugins) by extension 'colcon_pkg'
[0.134s] Level 1:colcon.colcon_core.package_identification:_identify(src/rmf_simulation/rmf_robot_sim_gz_plugins) by extensions ['colcon_meta']
[0.134s] Level 1:colcon.colcon_core.package_identification:_identify(src/rmf_simulation/rmf_robot_sim_gz_plugins) by extension 'colcon_meta'
[0.134s] Level 1:colcon.colcon_core.package_identification:_identify(src/rmf_simulation/rmf_robot_sim_gz_plugins) by extensions ['ros']
[0.134s] Level 1:colcon.colcon_core.package_identification:_identify(src/rmf_simulation/rmf_robot_sim_gz_plugins) by extension 'ros'
[0.135s] DEBUG:colcon.colcon_core.package_identification:Package 'src/rmf_simulation/rmf_robot_sim_gz_plugins' with type 'ros.ament_cmake' and name 'rmf_robot_sim_gz_plugins'
[0.135s] Level 1:colcon.colcon_core.package_identification:_identify(src/rmf_visualization) by extensions ['ignore', 'ignore_ament_install']
[0.135s] Level 1:colcon.colcon_core.package_identification:_identify(src/rmf_visualization) by extension 'ignore'
[0.135s] Level 1:colcon.colcon_core.package_identification:_identify(src/rmf_visualization) by extension 'ignore_ament_install'
[0.135s] Level 1:colcon.colcon_core.package_identification:_identify(src/rmf_visualization) by extensions ['colcon_pkg']
[0.135s] Level 1:colcon.colcon_core.package_identification:_identify(src/rmf_visualization) by extension 'colcon_pkg'
[0.135s] Level 1:colcon.colcon_core.package_identification:_identify(src/rmf_visualization) by extensions ['colcon_meta']
[0.135s] Level 1:colcon.colcon_core.package_identification:_identify(src/rmf_visualization) by extension 'colcon_meta'
[0.135s] Level 1:colcon.colcon_core.package_identification:_identify(src/rmf_visualization) by extensions ['ros']
[0.135s] Level 1:colcon.colcon_core.package_identification:_identify(src/rmf_visualization) by extension 'ros'
[0.135s] Level 1:colcon.colcon_core.package_identification:_identify(src/rmf_visualization) by extensions ['cmake', 'python']
[0.135s] Level 1:colcon.colcon_core.package_identification:_identify(src/rmf_visualization) by extension 'cmake'
[0.135s] Level 1:colcon.colcon_core.package_identification:_identify(src/rmf_visualization) by extension 'python'
[0.135s] Level 1:colcon.colcon_core.package_identification:_identify(src/rmf_visualization) by extensions ['python_setup_py']
[0.135s] Level 1:colcon.colcon_core.package_identification:_identify(src/rmf_visualization) by extension 'python_setup_py'
[0.135s] Level 1:colcon.colcon_core.package_identification:_identify(src/rmf_visualization/docs) by extensions ['ignore', 'ignore_ament_install']
[0.135s] Level 1:colcon.colcon_core.package_identification:_identify(src/rmf_visualization/docs) by extension 'ignore'
[0.135s] Level 1:colcon.colcon_core.package_identification:_identify(src/rmf_visualization/docs) by extension 'ignore_ament_install'
[0.135s] Level 1:colcon.colcon_core.package_identification:_identify(src/rmf_visualization/docs) by extensions ['colcon_pkg']
[0.135s] Level 1:colcon.colcon_core.package_identification:_identify(src/rmf_visualization/docs) by extension 'colcon_pkg'
[0.135s] Level 1:colcon.colcon_core.package_identification:_identify(src/rmf_visualization/docs) by extensions ['colcon_meta']
[0.135s] Level 1:colcon.colcon_core.package_identification:_identify(src/rmf_visualization/docs) by extension 'colcon_meta'
[0.135s] Level 1:colcon.colcon_core.package_identification:_identify(src/rmf_visualization/docs) by extensions ['ros']
[0.135s] Level 1:colcon.colcon_core.package_identification:_identify(src/rmf_visualization/docs) by extension 'ros'
[0.136s] Level 1:colcon.colcon_core.package_identification:_identify(src/rmf_visualization/docs) by extensions ['cmake', 'python']
[0.136s] Level 1:colcon.colcon_core.package_identification:_identify(src/rmf_visualization/docs) by extension 'cmake'
[0.136s] Level 1:colcon.colcon_core.package_identification:_identify(src/rmf_visualization/docs) by extension 'python'
[0.136s] Level 1:colcon.colcon_core.package_identification:_identify(src/rmf_visualization/docs) by extensions ['python_setup_py']
[0.136s] Level 1:colcon.colcon_core.package_identification:_identify(src/rmf_visualization/docs) by extension 'python_setup_py'
[0.136s] Level 1:colcon.colcon_core.package_identification:_identify(src/rmf_visualization/docs/media) by extensions ['ignore', 'ignore_ament_install']
[0.136s] Level 1:colcon.colcon_core.package_identification:_identify(src/rmf_visualization/docs/media) by extension 'ignore'
[0.136s] Level 1:colcon.colcon_core.package_identification:_identify(src/rmf_visualization/docs/media) by extension 'ignore_ament_install'
[0.136s] Level 1:colcon.colcon_core.package_identification:_identify(src/rmf_visualization/docs/media) by extensions ['colcon_pkg']
[0.136s] Level 1:colcon.colcon_core.package_identification:_identify(src/rmf_visualization/docs/media) by extension 'colcon_pkg'
[0.136s] Level 1:colcon.colcon_core.package_identification:_identify(src/rmf_visualization/docs/media) by extensions ['colcon_meta']
[0.136s] Level 1:colcon.colcon_core.package_identification:_identify(src/rmf_visualization/docs/media) by extension 'colcon_meta'
[0.136s] Level 1:colcon.colcon_core.package_identification:_identify(src/rmf_visualization/docs/media) by extensions ['ros']
[0.136s] Level 1:colcon.colcon_core.package_identification:_identify(src/rmf_visualization/docs/media) by extension 'ros'
[0.136s] Level 1:colcon.colcon_core.package_identification:_identify(src/rmf_visualization/docs/media) by extensions ['cmake', 'python']
[0.136s] Level 1:colcon.colcon_core.package_identification:_identify(src/rmf_visualization/docs/media) by extension 'cmake'
[0.136s] Level 1:colcon.colcon_core.package_identification:_identify(src/rmf_visualization/docs/media) by extension 'python'
[0.136s] Level 1:colcon.colcon_core.package_identification:_identify(src/rmf_visualization/docs/media) by extensions ['python_setup_py']
[0.136s] Level 1:colcon.colcon_core.package_identification:_identify(src/rmf_visualization/docs/media) by extension 'python_setup_py'
[0.136s] Level 1:colcon.colcon_core.package_identification:_identify(src/rmf_visualization/rmf_visualization) by extensions ['ignore', 'ignore_ament_install']
[0.136s] Level 1:colcon.colcon_core.package_identification:_identify(src/rmf_visualization/rmf_visualization) by extension 'ignore'
[0.136s] Level 1:colcon.colcon_core.package_identification:_identify(src/rmf_visualization/rmf_visualization) by extension 'ignore_ament_install'
[0.136s] Level 1:colcon.colcon_core.package_identification:_identify(src/rmf_visualization/rmf_visualization) by extensions ['colcon_pkg']
[0.136s] Level 1:colcon.colcon_core.package_identification:_identify(src/rmf_visualization/rmf_visualization) by extension 'colcon_pkg'
[0.136s] Level 1:colcon.colcon_core.package_identification:_identify(src/rmf_visualization/rmf_visualization) by extensions ['colcon_meta']
[0.136s] Level 1:colcon.colcon_core.package_identification:_identify(src/rmf_visualization/rmf_visualization) by extension 'colcon_meta'
[0.136s] Level 1:colcon.colcon_core.package_identification:_identify(src/rmf_visualization/rmf_visualization) by extensions ['ros']
[0.136s] Level 1:colcon.colcon_core.package_identification:_identify(src/rmf_visualization/rmf_visualization) by extension 'ros'
[0.137s] DEBUG:colcon.colcon_core.package_identification:Package 'src/rmf_visualization/rmf_visualization' with type 'ros.ament_cmake' and name 'rmf_visualization'
[0.137s] Level 1:colcon.colcon_core.package_identification:_identify(src/rmf_visualization/rmf_visualization_building_systems) by extensions ['ignore', 'ignore_ament_install']
[0.137s] Level 1:colcon.colcon_core.package_identification:_identify(src/rmf_visualization/rmf_visualization_building_systems) by extension 'ignore'
[0.137s] Level 1:colcon.colcon_core.package_identification:_identify(src/rmf_visualization/rmf_visualization_building_systems) by extension 'ignore_ament_install'
[0.137s] Level 1:colcon.colcon_core.package_identification:_identify(src/rmf_visualization/rmf_visualization_building_systems) by extensions ['colcon_pkg']
[0.137s] Level 1:colcon.colcon_core.package_identification:_identify(src/rmf_visualization/rmf_visualization_building_systems) by extension 'colcon_pkg'
[0.137s] Level 1:colcon.colcon_core.package_identification:_identify(src/rmf_visualization/rmf_visualization_building_systems) by extensions ['colcon_meta']
[0.137s] Level 1:colcon.colcon_core.package_identification:_identify(src/rmf_visualization/rmf_visualization_building_systems) by extension 'colcon_meta'
[0.137s] Level 1:colcon.colcon_core.package_identification:_identify(src/rmf_visualization/rmf_visualization_building_systems) by extensions ['ros']
[0.137s] Level 1:colcon.colcon_core.package_identification:_identify(src/rmf_visualization/rmf_visualization_building_systems) by extension 'ros'
[0.137s] DEBUG:colcon.colcon_core.package_identification:Package 'src/rmf_visualization/rmf_visualization_building_systems' with type 'ros.ament_python' and name 'rmf_visualization_building_systems'
[0.137s] Level 1:colcon.colcon_core.package_identification:_identify(src/rmf_visualization/rmf_visualization_fleet_states) by extensions ['ignore', 'ignore_ament_install']
[0.138s] Level 1:colcon.colcon_core.package_identification:_identify(src/rmf_visualization/rmf_visualization_fleet_states) by extension 'ignore'
[0.138s] Level 1:colcon.colcon_core.package_identification:_identify(src/rmf_visualization/rmf_visualization_fleet_states) by extension 'ignore_ament_install'
[0.138s] Level 1:colcon.colcon_core.package_identification:_identify(src/rmf_visualization/rmf_visualization_fleet_states) by extensions ['colcon_pkg']
[0.138s] Level 1:colcon.colcon_core.package_identification:_identify(src/rmf_visualization/rmf_visualization_fleet_states) by extension 'colcon_pkg'
[0.138s] Level 1:colcon.colcon_core.package_identification:_identify(src/rmf_visualization/rmf_visualization_fleet_states) by extensions ['colcon_meta']
[0.138s] Level 1:colcon.colcon_core.package_identification:_identify(src/rmf_visualization/rmf_visualization_fleet_states) by extension 'colcon_meta'
[0.138s] Level 1:colcon.colcon_core.package_identification:_identify(src/rmf_visualization/rmf_visualization_fleet_states) by extensions ['ros']
[0.138s] Level 1:colcon.colcon_core.package_identification:_identify(src/rmf_visualization/rmf_visualization_fleet_states) by extension 'ros'
[0.138s] DEBUG:colcon.colcon_core.package_identification:Package 'src/rmf_visualization/rmf_visualization_fleet_states' with type 'ros.ament_cmake' and name 'rmf_visualization_fleet_states'
[0.138s] Level 1:colcon.colcon_core.package_identification:_identify(src/rmf_visualization/rmf_visualization_floorplans) by extensions ['ignore', 'ignore_ament_install']
[0.138s] Level 1:colcon.colcon_core.package_identification:_identify(src/rmf_visualization/rmf_visualization_floorplans) by extension 'ignore'
[0.138s] Level 1:colcon.colcon_core.package_identification:_identify(src/rmf_visualization/rmf_visualization_floorplans) by extension 'ignore_ament_install'
[0.138s] Level 1:colcon.colcon_core.package_identification:_identify(src/rmf_visualization/rmf_visualization_floorplans) by extensions ['colcon_pkg']
[0.138s] Level 1:colcon.colcon_core.package_identification:_identify(src/rmf_visualization/rmf_visualization_floorplans) by extension 'colcon_pkg'
[0.138s] Level 1:colcon.colcon_core.package_identification:_identify(src/rmf_visualization/rmf_visualization_floorplans) by extensions ['colcon_meta']
[0.138s] Level 1:colcon.colcon_core.package_identification:_identify(src/rmf_visualization/rmf_visualization_floorplans) by extension 'colcon_meta'
[0.138s] Level 1:colcon.colcon_core.package_identification:_identify(src/rmf_visualization/rmf_visualization_floorplans) by extensions ['ros']
[0.138s] Level 1:colcon.colcon_core.package_identification:_identify(src/rmf_visualization/rmf_visualization_floorplans) by extension 'ros'
[0.139s] DEBUG:colcon.colcon_core.package_identification:Package 'src/rmf_visualization/rmf_visualization_floorplans' with type 'ros.ament_cmake' and name 'rmf_visualization_floorplans'
[0.139s] Level 1:colcon.colcon_core.package_identification:_identify(src/rmf_visualization/rmf_visualization_navgraphs) by extensions ['ignore', 'ignore_ament_install']
[0.139s] Level 1:colcon.colcon_core.package_identification:_identify(src/rmf_visualization/rmf_visualization_navgraphs) by extension 'ignore'
[0.139s] Level 1:colcon.colcon_core.package_identification:_identify(src/rmf_visualization/rmf_visualization_navgraphs) by extension 'ignore_ament_install'
[0.139s] Level 1:colcon.colcon_core.package_identification:_identify(src/rmf_visualization/rmf_visualization_navgraphs) by extensions ['colcon_pkg']
[0.139s] Level 1:colcon.colcon_core.package_identification:_identify(src/rmf_visualization/rmf_visualization_navgraphs) by extension 'colcon_pkg'
[0.139s] Level 1:colcon.colcon_core.package_identification:_identify(src/rmf_visualization/rmf_visualization_navgraphs) by extensions ['colcon_meta']
[0.139s] Level 1:colcon.colcon_core.package_identification:_identify(src/rmf_visualization/rmf_visualization_navgraphs) by extension 'colcon_meta'
[0.139s] Level 1:colcon.colcon_core.package_identification:_identify(src/rmf_visualization/rmf_visualization_navgraphs) by extensions ['ros']
[0.139s] Level 1:colcon.colcon_core.package_identification:_identify(src/rmf_visualization/rmf_visualization_navgraphs) by extension 'ros'
[0.140s] DEBUG:colcon.colcon_core.package_identification:Package 'src/rmf_visualization/rmf_visualization_navgraphs' with type 'ros.ament_cmake' and name 'rmf_visualization_navgraphs'
[0.140s] Level 1:colcon.colcon_core.package_identification:_identify(src/rmf_visualization/rmf_visualization_obstacles) by extensions ['ignore', 'ignore_ament_install']
[0.140s] Level 1:colcon.colcon_core.package_identification:_identify(src/rmf_visualization/rmf_visualization_obstacles) by extension 'ignore'
[0.140s] Level 1:colcon.colcon_core.package_identification:_identify(src/rmf_visualization/rmf_visualization_obstacles) by extension 'ignore_ament_install'
[0.140s] Level 1:colcon.colcon_core.package_identification:_identify(src/rmf_visualization/rmf_visualization_obstacles) by extensions ['colcon_pkg']
[0.140s] Level 1:colcon.colcon_core.package_identification:_identify(src/rmf_visualization/rmf_visualization_obstacles) by extension 'colcon_pkg'
[0.140s] Level 1:colcon.colcon_core.package_identification:_identify(src/rmf_visualization/rmf_visualization_obstacles) by extensions ['colcon_meta']
[0.140s] Level 1:colcon.colcon_core.package_identification:_identify(src/rmf_visualization/rmf_visualization_obstacles) by extension 'colcon_meta'
[0.140s] Level 1:colcon.colcon_core.package_identification:_identify(src/rmf_visualization/rmf_visualization_obstacles) by extensions ['ros']
[0.140s] Level 1:colcon.colcon_core.package_identification:_identify(src/rmf_visualization/rmf_visualization_obstacles) by extension 'ros'
[0.141s] DEBUG:colcon.colcon_core.package_identification:Package 'src/rmf_visualization/rmf_visualization_obstacles' with type 'ros.ament_cmake' and name 'rmf_visualization_obstacles'
[0.141s] Level 1:colcon.colcon_core.package_identification:_identify(src/rmf_visualization/rmf_visualization_rviz2_plugins) by extensions ['ignore', 'ignore_ament_install']
[0.141s] Level 1:colcon.colcon_core.package_identification:_identify(src/rmf_visualization/rmf_visualization_rviz2_plugins) by extension 'ignore'
[0.141s] Level 1:colcon.colcon_core.package_identification:_identify(src/rmf_visualization/rmf_visualization_rviz2_plugins) by extension 'ignore_ament_install'
[0.141s] Level 1:colcon.colcon_core.package_identification:_identify(src/rmf_visualization/rmf_visualization_rviz2_plugins) by extensions ['colcon_pkg']
[0.141s] Level 1:colcon.colcon_core.package_identification:_identify(src/rmf_visualization/rmf_visualization_rviz2_plugins) by extension 'colcon_pkg'
[0.141s] Level 1:colcon.colcon_core.package_identification:_identify(src/rmf_visualization/rmf_visualization_rviz2_plugins) by extensions ['colcon_meta']
[0.141s] Level 1:colcon.colcon_core.package_identification:_identify(src/rmf_visualization/rmf_visualization_rviz2_plugins) by extension 'colcon_meta'
[0.141s] Level 1:colcon.colcon_core.package_identification:_identify(src/rmf_visualization/rmf_visualization_rviz2_plugins) by extensions ['ros']
[0.141s] Level 1:colcon.colcon_core.package_identification:_identify(src/rmf_visualization/rmf_visualization_rviz2_plugins) by extension 'ros'
[0.142s] DEBUG:colcon.colcon_core.package_identification:Package 'src/rmf_visualization/rmf_visualization_rviz2_plugins' with type 'ros.ament_cmake' and name 'rmf_visualization_rviz2_plugins'
[0.142s] Level 1:colcon.colcon_core.package_identification:_identify(src/rmf_visualization/rmf_visualization_schedule) by extensions ['ignore', 'ignore_ament_install']
[0.142s] Level 1:colcon.colcon_core.package_identification:_identify(src/rmf_visualization/rmf_visualization_schedule) by extension 'ignore'
[0.142s] Level 1:colcon.colcon_core.package_identification:_identify(src/rmf_visualization/rmf_visualization_schedule) by extension 'ignore_ament_install'
[0.142s] Level 1:colcon.colcon_core.package_identification:_identify(src/rmf_visualization/rmf_visualization_schedule) by extensions ['colcon_pkg']
[0.142s] Level 1:colcon.colcon_core.package_identification:_identify(src/rmf_visualization/rmf_visualization_schedule) by extension 'colcon_pkg'
[0.142s] Level 1:colcon.colcon_core.package_identification:_identify(src/rmf_visualization/rmf_visualization_schedule) by extensions ['colcon_meta']
[0.142s] Level 1:colcon.colcon_core.package_identification:_identify(src/rmf_visualization/rmf_visualization_schedule) by extension 'colcon_meta'
[0.142s] Level 1:colcon.colcon_core.package_identification:_identify(src/rmf_visualization/rmf_visualization_schedule) by extensions ['ros']
[0.142s] Level 1:colcon.colcon_core.package_identification:_identify(src/rmf_visualization/rmf_visualization_schedule) by extension 'ros'
[0.143s] DEBUG:colcon.colcon_core.package_identification:Package 'src/rmf_visualization/rmf_visualization_schedule' with type 'ros.ament_cmake' and name 'rmf_visualization_schedule'
[0.143s] Level 1:colcon.colcon_core.package_discovery:discover_packages(recursive) using defaults
[0.143s] Level 1:colcon.colcon_core.package_discovery:discover_packages(ignore) discover
[0.143s] Level 1:colcon.colcon_core.package_discovery:discover_packages(ignore) using defaults
[0.143s] Level 1:colcon.colcon_core.package_discovery:discover_packages(path) discover
[0.143s] Level 1:colcon.colcon_core.package_discovery:discover_packages(path) using defaults
[0.161s] INFO:colcon.colcon_core.package_selection:Skipping not selected package 'project_assets' in 'src/project/project_assets'
[0.161s] INFO:colcon.colcon_core.package_selection:Skipping not selected package 'project_fleet_adapter' in 'src/project/project_fleet_adapter'
[0.161s] INFO:colcon.colcon_core.package_selection:Skipping not selected package 'project_maps' in 'src/project/project_maps'
[0.161s] INFO:colcon.colcon_core.package_selection:Skipping not selected package 'project_simulation' in 'src/project/project_simulation'
[0.161s] INFO:colcon.colcon_core.package_selection:Skipping not selected package 'project_tasks' in 'src/project/project_tasks'
[0.161s] INFO:colcon.colcon_core.package_selection:Skipping not selected package 'rmf_building_sim_gz_plugins' in 'src/rmf_simulation/rmf_building_sim_gz_plugins'
[0.161s] INFO:colcon.colcon_core.package_selection:Skipping not selected package 'rmf_robot_sim_common' in 'src/rmf_simulation/rmf_robot_sim_common'
[0.161s] INFO:colcon.colcon_core.package_selection:Skipping not selected package 'rmf_visualization_building_systems' in 'src/rmf_visualization/rmf_visualization_building_systems'
[0.161s] INFO:colcon.colcon_core.package_selection:Skipping not selected package 'rmf_visualization_fleet_states' in 'src/rmf_visualization/rmf_visualization_fleet_states'
[0.161s] INFO:colcon.colcon_core.package_selection:Skipping not selected package 'rmf_visualization_floorplans' in 'src/rmf_visualization/rmf_visualization_floorplans'
[0.161s] INFO:colcon.colcon_core.package_selection:Skipping not selected package 'rmf_visualization_navgraphs' in 'src/rmf_visualization/rmf_visualization_navgraphs'
[0.161s] INFO:colcon.colcon_core.package_selection:Skipping not selected package 'rmf_visualization_obstacles' in 'src/rmf_visualization/rmf_visualization_obstacles'
[0.161s] INFO:colcon.colcon_core.package_selection:Skipping not selected package 'rmf_visualization_rviz2_plugins' in 'src/rmf_visualization/rmf_visualization_rviz2_plugins'
[0.161s] INFO:colcon.colcon_core.package_selection:Skipping not selected package 'rmf_visualization_schedule' in 'src/rmf_visualization/rmf_visualization_schedule'
[0.161s] INFO:colcon.colcon_core.package_selection:Skipping not selected package 'rmf_robot_sim_gz_plugins' in 'src/rmf_simulation/rmf_robot_sim_gz_plugins'
[0.161s] INFO:colcon.colcon_core.package_selection:Skipping not selected package 'rmf_visualization' in 'src/rmf_visualization/rmf_visualization'
[0.161s] INFO:colcon.colcon_core.package_selection:Skipping not selected package 'large_project' in 'src/large_project'
[0.161s] INFO:colcon.colcon_core.package_selection:Skipping not selected package 'project_config' in 'src/project/project_config'
[0.161s] Level 5:colcon.colcon_core.verb:set package 'first_project' build argument 'cmake_args' from command line to 'None'
[0.161s] Level 5:colcon.colcon_core.verb:set package 'first_project' build argument 'cmake_target' from command line to 'None'
[0.161s] Level 5:colcon.colcon_core.verb:set package 'first_project' build argument 'cmake_target_skip_unavailable' from command line to 'False'
[0.161s] Level 5:colcon.colcon_core.verb:set package 'first_project' build argument 'cmake_clean_cache' from command line to 'False'
[0.161s] Level 5:colcon.colcon_core.verb:set package 'first_project' build argument 'cmake_clean_first' from command line to 'False'
[0.161s] Level 5:colcon.colcon_core.verb:set package 'first_project' build argument 'cmake_force_configure' from command line to 'False'
[0.161s] Level 5:colcon.colcon_core.verb:set package 'first_project' build argument 'ament_cmake_args' from command line to 'None'
[0.161s] Level 5:colcon.colcon_core.verb:set package 'first_project' build argument 'catkin_cmake_args' from command line to 'None'
[0.161s] Level 5:colcon.colcon_core.verb:set package 'first_project' build argument 'catkin_skip_building_tests' from command line to 'False'
[0.161s] DEBUG:colcon.colcon_core.verb:Building package 'first_project' with the following arguments: {'ament_cmake_args': None, 'build_base': '/home/maria/rmf_ws/build/first_project', 'catkin_cmake_args': None, 'catkin_skip_building_tests': False, 'cmake_args': None, 'cmake_clean_cache': False, 'cmake_clean_first': False, 'cmake_force_configure': False, 'cmake_target': None, 'cmake_target_skip_unavailable': False, 'install_base': '/home/maria/rmf_ws/install/first_project', 'merge_install': False, 'path': '/home/maria/rmf_ws/src/first_project', 'symlink_install': True, 'test_result_base': None}
[0.162s] INFO:colcon.colcon_core.executor:Executing jobs using 'parallel' executor
[0.162s] DEBUG:colcon.colcon_parallel_executor.executor.parallel:run_until_complete
[0.163s] INFO:colcon.colcon_ros.task.ament_cmake.build:Building ROS package in '/home/maria/rmf_ws/src/first_project' with build type 'ament_cmake'
[0.163s] INFO:colcon.colcon_cmake.task.cmake.build:Building CMake package in '/home/maria/rmf_ws/src/first_project'
[0.164s] INFO:colcon.colcon_core.plugin_system:Skipping extension 'colcon_core.shell.bat': Not used on non-Windows systems
[0.164s] INFO:colcon.colcon_core.shell:Skip shell extension 'powershell' for command environment: Not usable outside of PowerShell
[0.164s] DEBUG:colcon.colcon_core.shell:Skip shell extension 'dsv' for command environment
[0.165s] WARNING:colcon.colcon_ros.prefix_path.ament:The path '/home/maria/rmf_ws/install/first_project' in the environment variable AMENT_PREFIX_PATH doesn't exist
[0.167s] WARNING:colcon.colcon_ros.prefix_path.catkin:The path '/home/maria/rmf_ws/install/first_project' in the environment variable CMAKE_PREFIX_PATH doesn't exist
[0.170s] WARNING:colcon.colcon_core.shell:The following packages are in the workspace but haven't been built:
- rmf_building_sim_gz_plugins
- rmf_robot_sim_common
- rmf_visualization_building_systems
- rmf_visualization_fleet_states
- rmf_visualization_floorplans
- rmf_visualization_navgraphs
- rmf_visualization_obstacles
- rmf_visualization_rviz2_plugins
- rmf_visualization_schedule
- rmf_robot_sim_gz_plugins
- rmf_visualization
They are being used from the following locations instead:
- /rmf_demos_ws/install/rmf_building_sim_gz_plugins
- /rmf_demos_ws/install/rmf_robot_sim_common
- /rmf_demos_ws/install/rmf_visualization_building_systems
- /rmf_demos_ws/install/rmf_visualization_fleet_states
- /rmf_demos_ws/install/rmf_visualization_floorplans
- /rmf_demos_ws/install/rmf_visualization_navgraphs
- /rmf_demos_ws/install/rmf_visualization_obstacles
- /rmf_demos_ws/install/rmf_visualization_rviz2_plugins
- /rmf_demos_ws/install/rmf_visualization_schedule
- /rmf_demos_ws/install/rmf_robot_sim_gz_plugins
- /rmf_demos_ws/install/rmf_visualization
To suppress this warning ignore these packages in the workspace:
--packages-ignore rmf_building_sim_gz_plugins rmf_robot_sim_common rmf_visualization_building_systems rmf_visualization_fleet_states rmf_visualization_floorplans rmf_visualization_navgraphs rmf_visualization_obstacles rmf_visualization_rviz2_plugins rmf_visualization_schedule rmf_robot_sim_gz_plugins rmf_visualization
[0.174s] DEBUG:colcon.colcon_core.event_handler.log_command:Invoking command in '/home/maria/rmf_ws/build/first_project': CMAKE_PREFIX_PATH=/home/maria/rmf_ws/install/first_project:/rmf_demos_ws/install/rmf_workcell_msgs:/rmf_demos_ws/install/rmf_demos_gz:/rmf_demos_ws/install/rmf_demos:/rmf_demos_ws/install/rmf_reservation_node:/rmf_demos_ws/install/rmf_fleet_adapter_python:/rmf_demos_ws/install/rmf_fleet_adapter:/rmf_demos_ws/install/rmf_task_ros2:/rmf_demos_ws/install/rmf_websocket:/rmf_demos_ws/install/rmf_visualization:/rmf_demos_ws/install/rmf_visualization_schedule:/rmf_demos_ws/install/rmf_visualization_rviz2_plugins:/rmf_demos_ws/install/rmf_visualization_obstacles:/rmf_demos_ws/install/rmf_visualization_navgraphs:/rmf_demos_ws/install/rmf_visualization_floorplans:/rmf_demos_ws/install/rmf_visualization_fleet_states:/rmf_demos_ws/install/rmf_visualization_msgs:/rmf_demos_ws/install/rmf_traffic_ros2:/rmf_demos_ws/install/rmf_task_sequence:/rmf_demos_ws/install/rmf_task:/rmf_demos_ws/install/rmf_battery:/rmf_demos_ws/install/rmf_traffic:/rmf_demos_ws/install/rmf_utils:/rmf_demos_ws/install/rmf_traffic_msgs:/rmf_demos_ws/install/rmf_traffic_editor_test_maps:/rmf_demos_ws/install/rmf_traffic_editor_assets:/rmf_demos_ws/install/rmf_traffic_editor:/rmf_demos_ws/install/rmf_task_msgs:/rmf_demos_ws/install/rmf_site_map_msgs:/rmf_demos_ws/install/rmf_scheduler_msgs:/rmf_demos_ws/install/rmf_robot_sim_gz_plugins:/rmf_demos_ws/install/rmf_robot_sim_common:/rmf_demos_ws/install/rmf_reservation_msgs:/rmf_demos_ws/install/rmf_obstacle_msgs:/rmf_demos_ws/install/rmf_building_sim_gz_plugins:/rmf_demos_ws/install/rmf_lift_msgs:/rmf_demos_ws/install/rmf_ingestor_msgs:/rmf_demos_ws/install/rmf_fleet_msgs:/rmf_demos_ws/install/rmf_door_msgs:/rmf_demos_ws/install/rmf_dispenser_msgs:/rmf_demos_ws/install/rmf_demos_maps:/rmf_demos_ws/install/rmf_demos_assets:/rmf_demos_ws/install/rmf_charger_msgs:/rmf_demos_ws/install/rmf_building_map_msgs:/rmf_demos_ws/install/rmf_api_msgs:/rmf_demos_ws/install/nlohmann_json_schema_validator_vendor:/rmf_demos_ws/install/rmf_demos_fleet_adapter:/rmf_demos_ws/install/rmf_visualization_building_systems:/rmf_demos_ws/install/rmf_traffic_examples:/rmf_demos_ws/install/rmf_demos_bridges:/rmf_demos_ws/install/rmf_demos_tasks:/rmf_demos_ws/install/rmf_building_map_tools:/rmf_demos_ws/install/rmf_charging_schedule:/opt/ros/jazzy:/rmf_demos_ws/install/menge_vendor:/rmf_demos_ws/install/ament_cmake_catch2:/opt/ros/jazzy/opt/gz_sim_vendor:/opt/ros/jazzy/opt/gz_sensors_vendor:/opt/ros/jazzy/opt/gz_physics_vendor:/opt/ros/jazzy/opt/sdformat_vendor:/opt/ros/jazzy/opt/gz_gui_vendor:/opt/ros/jazzy/opt/gz_transport_vendor:/opt/ros/jazzy/opt/gz_rendering_vendor:/opt/ros/jazzy/opt/gz_plugin_vendor:/opt/ros/jazzy/opt/gz_fuel_tools_vendor:/opt/ros/jazzy/opt/gz_msgs_vendor:/opt/ros/jazzy/opt/gz_common_vendor:/opt/ros/jazzy/opt/gz_math_vendor:/opt/ros/jazzy/opt/gz_utils_vendor:/opt/ros/jazzy/opt/gz_tools_vendor:/opt/ros/jazzy/opt/gz_ogre_next_vendor:/opt/ros/jazzy/opt/gz_dartsim_vendor:/opt/ros/jazzy/opt/gz_cmake_vendor /usr/bin/cmake /home/maria/rmf_ws/src/first_project -DAMENT_CMAKE_SYMLINK_INSTALL=1 -DCMAKE_INSTALL_PREFIX=/home/maria/rmf_ws/install/first_project
[0.809s] DEBUG:colcon.colcon_core.event_handler.log_command:Invoked command in '/home/maria/rmf_ws/build/first_project' returned '0': CMAKE_PREFIX_PATH=/home/maria/rmf_ws/install/first_project:/rmf_demos_ws/install/rmf_workcell_msgs:/rmf_demos_ws/install/rmf_demos_gz:/rmf_demos_ws/install/rmf_demos:/rmf_demos_ws/install/rmf_reservation_node:/rmf_demos_ws/install/rmf_fleet_adapter_python:/rmf_demos_ws/install/rmf_fleet_adapter:/rmf_demos_ws/install/rmf_task_ros2:/rmf_demos_ws/install/rmf_websocket:/rmf_demos_ws/install/rmf_visualization:/rmf_demos_ws/install/rmf_visualization_schedule:/rmf_demos_ws/install/rmf_visualization_rviz2_plugins:/rmf_demos_ws/install/rmf_visualization_obstacles:/rmf_demos_ws/install/rmf_visualization_navgraphs:/rmf_demos_ws/install/rmf_visualization_floorplans:/rmf_demos_ws/install/rmf_visualization_fleet_states:/rmf_demos_ws/install/rmf_visualization_msgs:/rmf_demos_ws/install/rmf_traffic_ros2:/rmf_demos_ws/install/rmf_task_sequence:/rmf_demos_ws/install/rmf_task:/rmf_demos_ws/install/rmf_battery:/rmf_demos_ws/install/rmf_traffic:/rmf_demos_ws/install/rmf_utils:/rmf_demos_ws/install/rmf_traffic_msgs:/rmf_demos_ws/install/rmf_traffic_editor_test_maps:/rmf_demos_ws/install/rmf_traffic_editor_assets:/rmf_demos_ws/install/rmf_traffic_editor:/rmf_demos_ws/install/rmf_task_msgs:/rmf_demos_ws/install/rmf_site_map_msgs:/rmf_demos_ws/install/rmf_scheduler_msgs:/rmf_demos_ws/install/rmf_robot_sim_gz_plugins:/rmf_demos_ws/install/rmf_robot_sim_common:/rmf_demos_ws/install/rmf_reservation_msgs:/rmf_demos_ws/install/rmf_obstacle_msgs:/rmf_demos_ws/install/rmf_building_sim_gz_plugins:/rmf_demos_ws/install/rmf_lift_msgs:/rmf_demos_ws/install/rmf_ingestor_msgs:/rmf_demos_ws/install/rmf_fleet_msgs:/rmf_demos_ws/install/rmf_door_msgs:/rmf_demos_ws/install/rmf_dispenser_msgs:/rmf_demos_ws/install/rmf_demos_maps:/rmf_demos_ws/install/rmf_demos_assets:/rmf_demos_ws/install/rmf_charger_msgs:/rmf_demos_ws/install/rmf_building_map_msgs:/rmf_demos_ws/install/rmf_api_msgs:/rmf_demos_ws/install/nlohmann_json_schema_validator_vendor:/rmf_demos_ws/install/rmf_demos_fleet_adapter:/rmf_demos_ws/install/rmf_visualization_building_systems:/rmf_demos_ws/install/rmf_traffic_examples:/rmf_demos_ws/install/rmf_demos_bridges:/rmf_demos_ws/install/rmf_demos_tasks:/rmf_demos_ws/install/rmf_building_map_tools:/rmf_demos_ws/install/rmf_charging_schedule:/opt/ros/jazzy:/rmf_demos_ws/install/menge_vendor:/rmf_demos_ws/install/ament_cmake_catch2:/opt/ros/jazzy/opt/gz_sim_vendor:/opt/ros/jazzy/opt/gz_sensors_vendor:/opt/ros/jazzy/opt/gz_physics_vendor:/opt/ros/jazzy/opt/sdformat_vendor:/opt/ros/jazzy/opt/gz_gui_vendor:/opt/ros/jazzy/opt/gz_transport_vendor:/opt/ros/jazzy/opt/gz_rendering_vendor:/opt/ros/jazzy/opt/gz_plugin_vendor:/opt/ros/jazzy/opt/gz_fuel_tools_vendor:/opt/ros/jazzy/opt/gz_msgs_vendor:/opt/ros/jazzy/opt/gz_common_vendor:/opt/ros/jazzy/opt/gz_math_vendor:/opt/ros/jazzy/opt/gz_utils_vendor:/opt/ros/jazzy/opt/gz_tools_vendor:/opt/ros/jazzy/opt/gz_ogre_next_vendor:/opt/ros/jazzy/opt/gz_dartsim_vendor:/opt/ros/jazzy/opt/gz_cmake_vendor /usr/bin/cmake /home/maria/rmf_ws/src/first_project -DAMENT_CMAKE_SYMLINK_INSTALL=1 -DCMAKE_INSTALL_PREFIX=/home/maria/rmf_ws/install/first_project
[0.810s] DEBUG:colcon.colcon_core.event_handler.log_command:Invoking command in '/home/maria/rmf_ws/build/first_project': CMAKE_PREFIX_PATH=/home/maria/rmf_ws/install/first_project:/rmf_demos_ws/install/rmf_workcell_msgs:/rmf_demos_ws/install/rmf_demos_gz:/rmf_demos_ws/install/rmf_demos:/rmf_demos_ws/install/rmf_reservation_node:/rmf_demos_ws/install/rmf_fleet_adapter_python:/rmf_demos_ws/install/rmf_fleet_adapter:/rmf_demos_ws/install/rmf_task_ros2:/rmf_demos_ws/install/rmf_websocket:/rmf_demos_ws/install/rmf_visualization:/rmf_demos_ws/install/rmf_visualization_schedule:/rmf_demos_ws/install/rmf_visualization_rviz2_plugins:/rmf_demos_ws/install/rmf_visualization_obstacles:/rmf_demos_ws/install/rmf_visualization_navgraphs:/rmf_demos_ws/install/rmf_visualization_floorplans:/rmf_demos_ws/install/rmf_visualization_fleet_states:/rmf_demos_ws/install/rmf_visualization_msgs:/rmf_demos_ws/install/rmf_traffic_ros2:/rmf_demos_ws/install/rmf_task_sequence:/rmf_demos_ws/install/rmf_task:/rmf_demos_ws/install/rmf_battery:/rmf_demos_ws/install/rmf_traffic:/rmf_demos_ws/install/rmf_utils:/rmf_demos_ws/install/rmf_traffic_msgs:/rmf_demos_ws/install/rmf_traffic_editor_test_maps:/rmf_demos_ws/install/rmf_traffic_editor_assets:/rmf_demos_ws/install/rmf_traffic_editor:/rmf_demos_ws/install/rmf_task_msgs:/rmf_demos_ws/install/rmf_site_map_msgs:/rmf_demos_ws/install/rmf_scheduler_msgs:/rmf_demos_ws/install/rmf_robot_sim_gz_plugins:/rmf_demos_ws/install/rmf_robot_sim_common:/rmf_demos_ws/install/rmf_reservation_msgs:/rmf_demos_ws/install/rmf_obstacle_msgs:/rmf_demos_ws/install/rmf_building_sim_gz_plugins:/rmf_demos_ws/install/rmf_lift_msgs:/rmf_demos_ws/install/rmf_ingestor_msgs:/rmf_demos_ws/install/rmf_fleet_msgs:/rmf_demos_ws/install/rmf_door_msgs:/rmf_demos_ws/install/rmf_dispenser_msgs:/rmf_demos_ws/install/rmf_demos_maps:/rmf_demos_ws/install/rmf_demos_assets:/rmf_demos_ws/install/rmf_charger_msgs:/rmf_demos_ws/install/rmf_building_map_msgs:/rmf_demos_ws/install/rmf_api_msgs:/rmf_demos_ws/install/nlohmann_json_schema_validator_vendor:/rmf_demos_ws/install/rmf_demos_fleet_adapter:/rmf_demos_ws/install/rmf_visualization_building_systems:/rmf_demos_ws/install/rmf_traffic_examples:/rmf_demos_ws/install/rmf_demos_bridges:/rmf_demos_ws/install/rmf_demos_tasks:/rmf_demos_ws/install/rmf_building_map_tools:/rmf_demos_ws/install/rmf_charging_schedule:/opt/ros/jazzy:/rmf_demos_ws/install/menge_vendor:/rmf_demos_ws/install/ament_cmake_catch2:/opt/ros/jazzy/opt/gz_sim_vendor:/opt/ros/jazzy/opt/gz_sensors_vendor:/opt/ros/jazzy/opt/gz_physics_vendor:/opt/ros/jazzy/opt/sdformat_vendor:/opt/ros/jazzy/opt/gz_gui_vendor:/opt/ros/jazzy/opt/gz_transport_vendor:/opt/ros/jazzy/opt/gz_rendering_vendor:/opt/ros/jazzy/opt/gz_plugin_vendor:/opt/ros/jazzy/opt/gz_fuel_tools_vendor:/opt/ros/jazzy/opt/gz_msgs_vendor:/opt/ros/jazzy/opt/gz_common_vendor:/opt/ros/jazzy/opt/gz_math_vendor:/opt/ros/jazzy/opt/gz_utils_vendor:/opt/ros/jazzy/opt/gz_tools_vendor:/opt/ros/jazzy/opt/gz_ogre_next_vendor:/opt/ros/jazzy/opt/gz_dartsim_vendor:/opt/ros/jazzy/opt/gz_cmake_vendor /usr/bin/cmake --build /home/maria/rmf_ws/build/first_project -- -j8 -l8
[1.406s] DEBUG:colcon.colcon_core.event_handler.log_command:Invoked command in '/home/maria/rmf_ws/build/first_project' returned '0': CMAKE_PREFIX_PATH=/home/maria/rmf_ws/install/first_project:/rmf_demos_ws/install/rmf_workcell_msgs:/rmf_demos_ws/install/rmf_demos_gz:/rmf_demos_ws/install/rmf_demos:/rmf_demos_ws/install/rmf_reservation_node:/rmf_demos_ws/install/rmf_fleet_adapter_python:/rmf_demos_ws/install/rmf_fleet_adapter:/rmf_demos_ws/install/rmf_task_ros2:/rmf_demos_ws/install/rmf_websocket:/rmf_demos_ws/install/rmf_visualization:/rmf_demos_ws/install/rmf_visualization_schedule:/rmf_demos_ws/install/rmf_visualization_rviz2_plugins:/rmf_demos_ws/install/rmf_visualization_obstacles:/rmf_demos_ws/install/rmf_visualization_navgraphs:/rmf_demos_ws/install/rmf_visualization_floorplans:/rmf_demos_ws/install/rmf_visualization_fleet_states:/rmf_demos_ws/install/rmf_visualization_msgs:/rmf_demos_ws/install/rmf_traffic_ros2:/rmf_demos_ws/install/rmf_task_sequence:/rmf_demos_ws/install/rmf_task:/rmf_demos_ws/install/rmf_battery:/rmf_demos_ws/install/rmf_traffic:/rmf_demos_ws/install/rmf_utils:/rmf_demos_ws/install/rmf_traffic_msgs:/rmf_demos_ws/install/rmf_traffic_editor_test_maps:/rmf_demos_ws/install/rmf_traffic_editor_assets:/rmf_demos_ws/install/rmf_traffic_editor:/rmf_demos_ws/install/rmf_task_msgs:/rmf_demos_ws/install/rmf_site_map_msgs:/rmf_demos_ws/install/rmf_scheduler_msgs:/rmf_demos_ws/install/rmf_robot_sim_gz_plugins:/rmf_demos_ws/install/rmf_robot_sim_common:/rmf_demos_ws/install/rmf_reservation_msgs:/rmf_demos_ws/install/rmf_obstacle_msgs:/rmf_demos_ws/install/rmf_building_sim_gz_plugins:/rmf_demos_ws/install/rmf_lift_msgs:/rmf_demos_ws/install/rmf_ingestor_msgs:/rmf_demos_ws/install/rmf_fleet_msgs:/rmf_demos_ws/install/rmf_door_msgs:/rmf_demos_ws/install/rmf_dispenser_msgs:/rmf_demos_ws/install/rmf_demos_maps:/rmf_demos_ws/install/rmf_demos_assets:/rmf_demos_ws/install/rmf_charger_msgs:/rmf_demos_ws/install/rmf_building_map_msgs:/rmf_demos_ws/install/rmf_api_msgs:/rmf_demos_ws/install/nlohmann_json_schema_validator_vendor:/rmf_demos_ws/install/rmf_demos_fleet_adapter:/rmf_demos_ws/install/rmf_visualization_building_systems:/rmf_demos_ws/install/rmf_traffic_examples:/rmf_demos_ws/install/rmf_demos_bridges:/rmf_demos_ws/install/rmf_demos_tasks:/rmf_demos_ws/install/rmf_building_map_tools:/rmf_demos_ws/install/rmf_charging_schedule:/opt/ros/jazzy:/rmf_demos_ws/install/menge_vendor:/rmf_demos_ws/install/ament_cmake_catch2:/opt/ros/jazzy/opt/gz_sim_vendor:/opt/ros/jazzy/opt/gz_sensors_vendor:/opt/ros/jazzy/opt/gz_physics_vendor:/opt/ros/jazzy/opt/sdformat_vendor:/opt/ros/jazzy/opt/gz_gui_vendor:/opt/ros/jazzy/opt/gz_transport_vendor:/opt/ros/jazzy/opt/gz_rendering_vendor:/opt/ros/jazzy/opt/gz_plugin_vendor:/opt/ros/jazzy/opt/gz_fuel_tools_vendor:/opt/ros/jazzy/opt/gz_msgs_vendor:/opt/ros/jazzy/opt/gz_common_vendor:/opt/ros/jazzy/opt/gz_math_vendor:/opt/ros/jazzy/opt/gz_utils_vendor:/opt/ros/jazzy/opt/gz_tools_vendor:/opt/ros/jazzy/opt/gz_ogre_next_vendor:/opt/ros/jazzy/opt/gz_dartsim_vendor:/opt/ros/jazzy/opt/gz_cmake_vendor /usr/bin/cmake --build /home/maria/rmf_ws/build/first_project -- -j8 -l8
[1.415s] DEBUG:colcon.colcon_core.event_handler.log_command:Invoking command in '/home/maria/rmf_ws/build/first_project': CMAKE_PREFIX_PATH=/home/maria/rmf_ws/install/first_project:/rmf_demos_ws/install/rmf_workcell_msgs:/rmf_demos_ws/install/rmf_demos_gz:/rmf_demos_ws/install/rmf_demos:/rmf_demos_ws/install/rmf_reservation_node:/rmf_demos_ws/install/rmf_fleet_adapter_python:/rmf_demos_ws/install/rmf_fleet_adapter:/rmf_demos_ws/install/rmf_task_ros2:/rmf_demos_ws/install/rmf_websocket:/rmf_demos_ws/install/rmf_visualization:/rmf_demos_ws/install/rmf_visualization_schedule:/rmf_demos_ws/install/rmf_visualization_rviz2_plugins:/rmf_demos_ws/install/rmf_visualization_obstacles:/rmf_demos_ws/install/rmf_visualization_navgraphs:/rmf_demos_ws/install/rmf_visualization_floorplans:/rmf_demos_ws/install/rmf_visualization_fleet_states:/rmf_demos_ws/install/rmf_visualization_msgs:/rmf_demos_ws/install/rmf_traffic_ros2:/rmf_demos_ws/install/rmf_task_sequence:/rmf_demos_ws/install/rmf_task:/rmf_demos_ws/install/rmf_battery:/rmf_demos_ws/install/rmf_traffic:/rmf_demos_ws/install/rmf_utils:/rmf_demos_ws/install/rmf_traffic_msgs:/rmf_demos_ws/install/rmf_traffic_editor_test_maps:/rmf_demos_ws/install/rmf_traffic_editor_assets:/rmf_demos_ws/install/rmf_traffic_editor:/rmf_demos_ws/install/rmf_task_msgs:/rmf_demos_ws/install/rmf_site_map_msgs:/rmf_demos_ws/install/rmf_scheduler_msgs:/rmf_demos_ws/install/rmf_robot_sim_gz_plugins:/rmf_demos_ws/install/rmf_robot_sim_common:/rmf_demos_ws/install/rmf_reservation_msgs:/rmf_demos_ws/install/rmf_obstacle_msgs:/rmf_demos_ws/install/rmf_building_sim_gz_plugins:/rmf_demos_ws/install/rmf_lift_msgs:/rmf_demos_ws/install/rmf_ingestor_msgs:/rmf_demos_ws/install/rmf_fleet_msgs:/rmf_demos_ws/install/rmf_door_msgs:/rmf_demos_ws/install/rmf_dispenser_msgs:/rmf_demos_ws/install/rmf_demos_maps:/rmf_demos_ws/install/rmf_demos_assets:/rmf_demos_ws/install/rmf_charger_msgs:/rmf_demos_ws/install/rmf_building_map_msgs:/rmf_demos_ws/install/rmf_api_msgs:/rmf_demos_ws/install/nlohmann_json_schema_validator_vendor:/rmf_demos_ws/install/rmf_demos_fleet_adapter:/rmf_demos_ws/install/rmf_visualization_building_systems:/rmf_demos_ws/install/rmf_traffic_examples:/rmf_demos_ws/install/rmf_demos_bridges:/rmf_demos_ws/install/rmf_demos_tasks:/rmf_demos_ws/install/rmf_building_map_tools:/rmf_demos_ws/install/rmf_charging_schedule:/opt/ros/jazzy:/rmf_demos_ws/install/menge_vendor:/rmf_demos_ws/install/ament_cmake_catch2:/opt/ros/jazzy/opt/gz_sim_vendor:/opt/ros/jazzy/opt/gz_sensors_vendor:/opt/ros/jazzy/opt/gz_physics_vendor:/opt/ros/jazzy/opt/sdformat_vendor:/opt/ros/jazzy/opt/gz_gui_vendor:/opt/ros/jazzy/opt/gz_transport_vendor:/opt/ros/jazzy/opt/gz_rendering_vendor:/opt/ros/jazzy/opt/gz_plugin_vendor:/opt/ros/jazzy/opt/gz_fuel_tools_vendor:/opt/ros/jazzy/opt/gz_msgs_vendor:/opt/ros/jazzy/opt/gz_common_vendor:/opt/ros/jazzy/opt/gz_math_vendor:/opt/ros/jazzy/opt/gz_utils_vendor:/opt/ros/jazzy/opt/gz_tools_vendor:/opt/ros/jazzy/opt/gz_ogre_next_vendor:/opt/ros/jazzy/opt/gz_dartsim_vendor:/opt/ros/jazzy/opt/gz_cmake_vendor /usr/bin/cmake --install /home/maria/rmf_ws/build/first_project
[2.288s] Level 1:colcon.colcon_core.environment:create_environment_scripts_only(first_project)
[2.289s] DEBUG:colcon.colcon_core.event_handler.log_command:Invoked command in '/home/maria/rmf_ws/build/first_project' returned '0': CMAKE_PREFIX_PATH=/home/maria/rmf_ws/install/first_project:/rmf_demos_ws/install/rmf_workcell_msgs:/rmf_demos_ws/install/rmf_demos_gz:/rmf_demos_ws/install/rmf_demos:/rmf_demos_ws/install/rmf_reservation_node:/rmf_demos_ws/install/rmf_fleet_adapter_python:/rmf_demos_ws/install/rmf_fleet_adapter:/rmf_demos_ws/install/rmf_task_ros2:/rmf_demos_ws/install/rmf_websocket:/rmf_demos_ws/install/rmf_visualization:/rmf_demos_ws/install/rmf_visualization_schedule:/rmf_demos_ws/install/rmf_visualization_rviz2_plugins:/rmf_demos_ws/install/rmf_visualization_obstacles:/rmf_demos_ws/install/rmf_visualization_navgraphs:/rmf_demos_ws/install/rmf_visualization_floorplans:/rmf_demos_ws/install/rmf_visualization_fleet_states:/rmf_demos_ws/install/rmf_visualization_msgs:/rmf_demos_ws/install/rmf_traffic_ros2:/rmf_demos_ws/install/rmf_task_sequence:/rmf_demos_ws/install/rmf_task:/rmf_demos_ws/install/rmf_battery:/rmf_demos_ws/install/rmf_traffic:/rmf_demos_ws/install/rmf_utils:/rmf_demos_ws/install/rmf_traffic_msgs:/rmf_demos_ws/install/rmf_traffic_editor_test_maps:/rmf_demos_ws/install/rmf_traffic_editor_assets:/rmf_demos_ws/install/rmf_traffic_editor:/rmf_demos_ws/install/rmf_task_msgs:/rmf_demos_ws/install/rmf_site_map_msgs:/rmf_demos_ws/install/rmf_scheduler_msgs:/rmf_demos_ws/install/rmf_robot_sim_gz_plugins:/rmf_demos_ws/install/rmf_robot_sim_common:/rmf_demos_ws/install/rmf_reservation_msgs:/rmf_demos_ws/install/rmf_obstacle_msgs:/rmf_demos_ws/install/rmf_building_sim_gz_plugins:/rmf_demos_ws/install/rmf_lift_msgs:/rmf_demos_ws/install/rmf_ingestor_msgs:/rmf_demos_ws/install/rmf_fleet_msgs:/rmf_demos_ws/install/rmf_door_msgs:/rmf_demos_ws/install/rmf_dispenser_msgs:/rmf_demos_ws/install/rmf_demos_maps:/rmf_demos_ws/install/rmf_demos_assets:/rmf_demos_ws/install/rmf_charger_msgs:/rmf_demos_ws/install/rmf_building_map_msgs:/rmf_demos_ws/install/rmf_api_msgs:/rmf_demos_ws/install/nlohmann_json_schema_validator_vendor:/rmf_demos_ws/install/rmf_demos_fleet_adapter:/rmf_demos_ws/install/rmf_visualization_building_systems:/rmf_demos_ws/install/rmf_traffic_examples:/rmf_demos_ws/install/rmf_demos_bridges:/rmf_demos_ws/install/rmf_demos_tasks:/rmf_demos_ws/install/rmf_building_map_tools:/rmf_demos_ws/install/rmf_charging_schedule:/opt/ros/jazzy:/rmf_demos_ws/install/menge_vendor:/rmf_demos_ws/install/ament_cmake_catch2:/opt/ros/jazzy/opt/gz_sim_vendor:/opt/ros/jazzy/opt/gz_sensors_vendor:/opt/ros/jazzy/opt/gz_physics_vendor:/opt/ros/jazzy/opt/sdformat_vendor:/opt/ros/jazzy/opt/gz_gui_vendor:/opt/ros/jazzy/opt/gz_transport_vendor:/opt/ros/jazzy/opt/gz_rendering_vendor:/opt/ros/jazzy/opt/gz_plugin_vendor:/opt/ros/jazzy/opt/gz_fuel_tools_vendor:/opt/ros/jazzy/opt/gz_msgs_vendor:/opt/ros/jazzy/opt/gz_common_vendor:/opt/ros/jazzy/opt/gz_math_vendor:/opt/ros/jazzy/opt/gz_utils_vendor:/opt/ros/jazzy/opt/gz_tools_vendor:/opt/ros/jazzy/opt/gz_ogre_next_vendor:/opt/ros/jazzy/opt/gz_dartsim_vendor:/opt/ros/jazzy/opt/gz_cmake_vendor /usr/bin/cmake --install /home/maria/rmf_ws/build/first_project
[2.290s] Level 1:colcon.colcon_core.environment:checking '/home/maria/rmf_ws/install/first_project' for CMake module files
[2.291s] Level 1:colcon.colcon_core.environment:checking '/home/maria/rmf_ws/install/first_project' for CMake config files
[2.291s] Level 1:colcon.colcon_core.shell:create_environment_hook('first_project', 'cmake_prefix_path')
[2.291s] INFO:colcon.colcon_core.shell:Creating environment hook '/home/maria/rmf_ws/install/first_project/share/first_project/hook/cmake_prefix_path.ps1'
[2.292s] INFO:colcon.colcon_core.shell:Creating environment descriptor '/home/maria/rmf_ws/install/first_project/share/first_project/hook/cmake_prefix_path.dsv'
[2.292s] INFO:colcon.colcon_core.shell:Creating environment hook '/home/maria/rmf_ws/install/first_project/share/first_project/hook/cmake_prefix_path.sh'
[2.293s] Level 1:colcon.colcon_core.environment:checking '/home/maria/rmf_ws/install/first_project/bin'
[2.293s] Level 1:colcon.colcon_core.environment:checking '/home/maria/rmf_ws/install/first_project/lib/pkgconfig/first_project.pc'
[2.295s] Level 1:colcon.colcon_core.environment:checking '/home/maria/rmf_ws/install/first_project/lib/python3.12/site-packages'
[2.295s] Level 1:colcon.colcon_core.environment:checking '/home/maria/rmf_ws/install/first_project/bin'
[2.295s] INFO:colcon.colcon_core.shell:Creating package script '/home/maria/rmf_ws/install/first_project/share/first_project/package.ps1'
[2.296s] INFO:colcon.colcon_core.shell:Creating package descriptor '/home/maria/rmf_ws/install/first_project/share/first_project/package.dsv'
[2.296s] INFO:colcon.colcon_core.shell:Creating package script '/home/maria/rmf_ws/install/first_project/share/first_project/package.sh'
[2.297s] INFO:colcon.colcon_core.shell:Creating package script '/home/maria/rmf_ws/install/first_project/share/first_project/package.bash'
[2.297s] INFO:colcon.colcon_core.shell:Creating package script '/home/maria/rmf_ws/install/first_project/share/first_project/package.zsh'
[2.298s] Level 1:colcon.colcon_core.environment:create_file_with_runtime_dependencies(/home/maria/rmf_ws/install/first_project/share/colcon-core/packages/first_project)
[2.298s] Level 1:colcon.colcon_core.environment:create_environment_scripts_only(first_project)
[2.298s] Level 1:colcon.colcon_core.environment:checking '/home/maria/rmf_ws/install/first_project' for CMake module files
[2.299s] Level 1:colcon.colcon_core.environment:checking '/home/maria/rmf_ws/install/first_project' for CMake config files
[2.299s] Level 1:colcon.colcon_core.shell:create_environment_hook('first_project', 'cmake_prefix_path')
[2.299s] INFO:colcon.colcon_core.shell:Creating environment hook '/home/maria/rmf_ws/install/first_project/share/first_project/hook/cmake_prefix_path.ps1'
[2.299s] INFO:colcon.colcon_core.shell:Creating environment descriptor '/home/maria/rmf_ws/install/first_project/share/first_project/hook/cmake_prefix_path.dsv'
[2.299s] INFO:colcon.colcon_core.shell:Creating environment hook '/home/maria/rmf_ws/install/first_project/share/first_project/hook/cmake_prefix_path.sh'
[2.300s] Level 1:colcon.colcon_core.environment:checking '/home/maria/rmf_ws/install/first_project/bin'
[2.300s] Level 1:colcon.colcon_core.environment:checking '/home/maria/rmf_ws/install/first_project/lib/pkgconfig/first_project.pc'
[2.300s] Level 1:colcon.colcon_core.environment:checking '/home/maria/rmf_ws/install/first_project/lib/python3.12/site-packages'
[2.300s] Level 1:colcon.colcon_core.environment:checking '/home/maria/rmf_ws/install/first_project/bin'
[2.301s] INFO:colcon.colcon_core.shell:Creating package script '/home/maria/rmf_ws/install/first_project/share/first_project/package.ps1'
[2.301s] INFO:colcon.colcon_core.shell:Creating package descriptor '/home/maria/rmf_ws/install/first_project/share/first_project/package.dsv'
[2.301s] INFO:colcon.colcon_core.shell:Creating package script '/home/maria/rmf_ws/install/first_project/share/first_project/package.sh'
[2.301s] INFO:colcon.colcon_core.shell:Creating package script '/home/maria/rmf_ws/install/first_project/share/first_project/package.bash'
[2.302s] INFO:colcon.colcon_core.shell:Creating package script '/home/maria/rmf_ws/install/first_project/share/first_project/package.zsh'
[2.302s] Level 1:colcon.colcon_core.environment:create_file_with_runtime_dependencies(/home/maria/rmf_ws/install/first_project/share/colcon-core/packages/first_project)
[2.302s] DEBUG:colcon.colcon_parallel_executor.executor.parallel:closing loop
[2.302s] DEBUG:colcon.colcon_parallel_executor.executor.parallel:loop closed
[2.302s] DEBUG:colcon.colcon_parallel_executor.executor.parallel:run_until_complete finished with '0'
[2.302s] DEBUG:colcon.colcon_core.event_reactor:joining thread
[2.307s] INFO:colcon.colcon_core.plugin_system:Skipping extension 'colcon_notification.desktop_notification.notify_send': Could not find 'notify-send'
[2.307s] INFO:colcon.colcon_core.plugin_system:Skipping extension 'colcon_notification.desktop_notification.terminal_notifier': Not used on non-Darwin systems
[2.307s] INFO:colcon.colcon_core.plugin_system:Skipping extension 'colcon_notification.desktop_notification.win32': Not used on non-Windows systems
[2.307s] INFO:colcon.colcon_notification.desktop_notification:Sending desktop notification using 'notify2'
[2.309s] DEBUG:colcon.colcon_notification.desktop_notification.notify2:Failed to initialize notify2: org.freedesktop.DBus.Error.Spawn.ExecFailed: /usr/bin/dbus-launch terminated abnormally without any error message
[2.309s] DEBUG:colcon.colcon_core.event_reactor:joined thread
[2.310s] INFO:colcon.colcon_core.shell:Creating prefix script '/home/maria/rmf_ws/install/local_setup.ps1'
[2.311s] INFO:colcon.colcon_core.shell:Creating prefix util module '/home/maria/rmf_ws/install/_local_setup_util_ps1.py'
[2.311s] INFO:colcon.colcon_core.shell:Creating prefix chain script '/home/maria/rmf_ws/install/setup.ps1'
[2.314s] INFO:colcon.colcon_core.shell:Creating prefix script '/home/maria/rmf_ws/install/local_setup.sh'
[2.314s] INFO:colcon.colcon_core.shell:Creating prefix util module '/home/maria/rmf_ws/install/_local_setup_util_sh.py'
[2.315s] INFO:colcon.colcon_core.shell:Creating prefix chain script '/home/maria/rmf_ws/install/setup.sh'
[2.317s] INFO:colcon.colcon_core.shell:Creating prefix script '/home/maria/rmf_ws/install/local_setup.bash'
[2.317s] INFO:colcon.colcon_core.shell:Creating prefix chain script '/home/maria/rmf_ws/install/setup.bash'
[2.319s] INFO:colcon.colcon_core.shell:Creating prefix script '/home/maria/rmf_ws/install/local_setup.zsh'
[2.319s] INFO:colcon.colcon_core.shell:Creating prefix chain script '/home/maria/rmf_ws/install/setup.zsh'
