[0.008s] Invoking command in '/home/maria/Documentos/GitHub/IR2134/rmf_ws/build/project_maps': CMAKE_PREFIX_PATH=/opt/ros/humble /usr/bin/cmake /home/maria/Documentos/GitHub/IR2134/rmf_ws/src/project/project_maps -DAMENT_CMAKE_SYMLINK_INSTALL=1 -DCMAKE_INSTALL_PREFIX=/home/maria/Documentos/GitHub/IR2134/rmf_ws/install/project_maps
[0.111s] -- The C compiler identification is GNU 11.4.0
[0.195s] -- The CXX compiler identification is GNU 11.4.0
[0.205s] -- Detecting C compiler ABI info
[0.226s] -- Detecting C compiler ABI info - failed
[0.226s] -- Check for working C compiler: /usr/lib/ccache/cc
[0.242s] -- Check for working C compiler: /usr/lib/ccache/cc - broken
[0.242s] CMake Error at /usr/share/cmake-3.22/Modules/CMakeTestCCompiler.cmake:69 (message):
[0.242s]   The C compiler
[0.242s] 
[0.242s]     "/usr/lib/ccache/cc"
[0.242s] 
[0.242s]   is not able to compile a simple test program.
[0.242s] 
[0.242s]   It fails with the following output:
[0.242s] 
[0.242s]     Change Dir: /home/maria/Documentos/GitHub/IR2134/rmf_ws/build/project_maps/CMakeFiles/CMakeTmp
[0.242s]     
[0.242s]     Run Build Command(s):/usr/bin/gmake -f Makefile cmTC_2b967/fast && /usr/bin/gmake  -f CMakeFiles/cmTC_2b967.dir/build.make CMakeFiles/cmTC_2b967.dir/build
[0.242s]     gmake[1]: Entering directory '/home/maria/Documentos/GitHub/IR2134/rmf_ws/build/project_maps/CMakeFiles/CMakeTmp'
[0.242s]     Building C object CMakeFiles/cmTC_2b967.dir/testCCompiler.c.o
[0.242s]     /usr/lib/ccache/cc    -o CMakeFiles/cmTC_2b967.dir/testCCompiler.c.o -c /home/maria/Documentos/GitHub/IR2134/rmf_ws/build/project_maps/CMakeFiles/CMakeTmp/testCCompiler.c
[0.243s]     ccache: error: Failed to create directory /run/user/1000/ccache-tmp: Read-only file system
[0.243s]     gmake[1]: *** [CMakeFiles/cmTC_2b967.dir/build.make:78: CMakeFiles/cmTC_2b967.dir/testCCompiler.c.o] Error 1
[0.243s]     gmake[1]: Leaving directory '/home/maria/Documentos/GitHub/IR2134/rmf_ws/build/project_maps/CMakeFiles/CMakeTmp'
[0.243s]     gmake: *** [Makefile:127: cmTC_2b967/fast] Error 2
[0.243s]     
[0.243s]     
[0.243s] 
[0.243s]   
[0.243s] 
[0.243s]   CMake will not be able to correctly generate this project.
[0.243s] Call Stack (most recent call first):
[0.243s]   CMakeLists.txt:3 (project)
[0.243s] 
[0.243s] 
[0.243s] -- Configuring incomplete, errors occurred!
[0.243s] See also "/home/maria/Documentos/GitHub/IR2134/rmf_ws/build/project_maps/CMakeFiles/CMakeOutput.log".
[0.243s] See also "/home/maria/Documentos/GitHub/IR2134/rmf_ws/build/project_maps/CMakeFiles/CMakeError.log".
